<testsuites id="" name="" tests="190" failures="175" skipped="0" errors="0" time="307.576862">
<testsuite name="auth.spec.ts" timestamp="2025-07-16T23:46:31.629Z" hostname="chromium" tests="11" failures="10" skipped="0" time="264.548" errors="0">
<testcase name="Authentication Flow › should display login form by default" classname="auth.spec.ts" time="6.375">
<failure message="auth.spec.ts:8:7 should display login form by default" type="FAILURE">
<![CDATA[  [chromium] › auth.spec.ts:8:7 › Authentication Flow › should display login form by default ───────

    Error: Timed out 5000ms waiting for expect(locator).toBeVisible()

    Locator: getByRole('heading', { name: 'Sign In' })
    Expected: visible
    Received: <element(s) not found>
    Call log:
      - Expect "toBeVisible" with timeout 5000ms
      - waiting for getByRole('heading', { name: 'Sign In' })


       7 |
       8 |   test('should display login form by default', async ({ page }) => {
    >  9 |     await expect(page.getByRole('heading', { name: 'Sign In' })).toBeVisible();
         |                                                                  ^
      10 |     await expect(page.getByLabel('Email Address')).toBeVisible();
      11 |     await expect(page.getByLabel('Password')).toBeVisible();
      12 |     await expect(page.getByRole('button', { name: 'Sign In' })).toBeVisible();
        at C:\DevProjects\AmCalc\tests\e2e\auth.spec.ts:9:66

    attachment #1: screenshot (image/png) ──────────────────────────────────────────────────────────
    ..\..\test-results\auth-Authentication-Flow-s-c528a-splay-login-form-by-default-chromium\test-failed-1.png
    ────────────────────────────────────────────────────────────────────────────────────────────────

    attachment #2: video (video/webm) ──────────────────────────────────────────────────────────────
    ..\..\test-results\auth-Authentication-Flow-s-c528a-splay-login-form-by-default-chromium\video.webm
    ────────────────────────────────────────────────────────────────────────────────────────────────

    Error Context: ..\..\test-results\auth-Authentication-Flow-s-c528a-splay-login-form-by-default-chromium\error-context.md
]]>
</failure>
<system-out>
<![CDATA[
[[ATTACHMENT|auth-Authentication-Flow-s-c528a-splay-login-form-by-default-chromium\test-failed-1.png]]

[[ATTACHMENT|auth-Authentication-Flow-s-c528a-splay-login-form-by-default-chromium\video.webm]]

[[ATTACHMENT|auth-Authentication-Flow-s-c528a-splay-login-form-by-default-chromium\error-context.md]]
]]>
</system-out>
</testcase>
<testcase name="Authentication Flow › should switch to registration form" classname="auth.spec.ts" time="30.953">
<failure message="auth.spec.ts:15:7 should switch to registration form" type="FAILURE">
<![CDATA[  [chromium] › auth.spec.ts:15:7 › Authentication Flow › should switch to registration form ────────

    Test timeout of 30000ms exceeded.

    Error: locator.click: Test timeout of 30000ms exceeded.
    Call log:
      - waiting for getByRole('link', { name: 'Create account' })


      14 |
      15 |   test('should switch to registration form', async ({ page }) => {
    > 16 |     await page.getByRole('link', { name: 'Create account' }).click();
         |                                                              ^
      17 |     await expect(page.getByRole('heading', { name: 'Create Account' })).toBeVisible();
      18 |     await expect(page.getByLabel('Email Address')).toBeVisible();
      19 |     await expect(page.getByLabel('Password')).toBeVisible();
        at C:\DevProjects\AmCalc\tests\e2e\auth.spec.ts:16:62

    attachment #1: screenshot (image/png) ──────────────────────────────────────────────────────────
    ..\..\test-results\auth-Authentication-Flow-should-switch-to-registration-form-chromium\test-failed-1.png
    ────────────────────────────────────────────────────────────────────────────────────────────────

    attachment #2: video (video/webm) ──────────────────────────────────────────────────────────────
    ..\..\test-results\auth-Authentication-Flow-should-switch-to-registration-form-chromium\video.webm
    ────────────────────────────────────────────────────────────────────────────────────────────────

    Error Context: ..\..\test-results\auth-Authentication-Flow-should-switch-to-registration-form-chromium\error-context.md
]]>
</failure>
<system-out>
<![CDATA[
[[ATTACHMENT|auth-Authentication-Flow-should-switch-to-registration-form-chromium\test-failed-1.png]]

[[ATTACHMENT|auth-Authentication-Flow-should-switch-to-registration-form-chromium\video.webm]]

[[ATTACHMENT|auth-Authentication-Flow-should-switch-to-registration-form-chromium\error-context.md]]
]]>
</system-out>
</testcase>
<testcase name="Authentication Flow › should switch to password reset form" classname="auth.spec.ts" time="30.949">
<failure message="auth.spec.ts:24:7 should switch to password reset form" type="FAILURE">
<![CDATA[  [chromium] › auth.spec.ts:24:7 › Authentication Flow › should switch to password reset form ──────

    Test timeout of 30000ms exceeded.

    Error: locator.click: Test timeout of 30000ms exceeded.
    Call log:
      - waiting for getByRole('link', { name: 'Forgot your password?' })


      23 |
      24 |   test('should switch to password reset form', async ({ page }) => {
    > 25 |     await page.getByRole('link', { name: 'Forgot your password?' }).click();
         |                                                                     ^
      26 |     await expect(page.getByRole('heading', { name: 'Reset Password' })).toBeVisible();
      27 |     await expect(page.getByLabel('Email Address')).toBeVisible();
      28 |     await expect(page.getByRole('button', { name: 'Send Reset Link' })).toBeVisible();
        at C:\DevProjects\AmCalc\tests\e2e\auth.spec.ts:25:69

    attachment #1: screenshot (image/png) ──────────────────────────────────────────────────────────
    ..\..\test-results\auth-Authentication-Flow-s-2bf01-itch-to-password-reset-form-chromium\test-failed-1.png
    ────────────────────────────────────────────────────────────────────────────────────────────────

    attachment #2: video (video/webm) ──────────────────────────────────────────────────────────────
    ..\..\test-results\auth-Authentication-Flow-s-2bf01-itch-to-password-reset-form-chromium\video.webm
    ────────────────────────────────────────────────────────────────────────────────────────────────

    Error Context: ..\..\test-results\auth-Authentication-Flow-s-2bf01-itch-to-password-reset-form-chromium\error-context.md
]]>
</failure>
<system-out>
<![CDATA[
[[ATTACHMENT|auth-Authentication-Flow-s-2bf01-itch-to-password-reset-form-chromium\test-failed-1.png]]

[[ATTACHMENT|auth-Authentication-Flow-s-2bf01-itch-to-password-reset-form-chromium\video.webm]]

[[ATTACHMENT|auth-Authentication-Flow-s-2bf01-itch-to-password-reset-form-chromium\error-context.md]]
]]>
</system-out>
</testcase>
<testcase name="Authentication Flow › should validate registration form" classname="auth.spec.ts" time="30.881">
<failure message="auth.spec.ts:31:7 should validate registration form" type="FAILURE">
<![CDATA[  [chromium] › auth.spec.ts:31:7 › Authentication Flow › should validate registration form ─────────

    Test timeout of 30000ms exceeded.

    Error: locator.click: Test timeout of 30000ms exceeded.
    Call log:
      - waiting for getByRole('link', { name: 'Create account' })


      30 |
      31 |   test('should validate registration form', async ({ page }) => {
    > 32 |     await page.getByRole('link', { name: 'Create account' }).click();
         |                                                              ^
      33 |     
      34 |     // Try to submit empty form
      35 |     await page.getByRole('button', { name: 'Create Account' }).click();
        at C:\DevProjects\AmCalc\tests\e2e\auth.spec.ts:32:62

    attachment #1: screenshot (image/png) ──────────────────────────────────────────────────────────
    ..\..\test-results\auth-Authentication-Flow-should-validate-registration-form-chromium\test-failed-1.png
    ────────────────────────────────────────────────────────────────────────────────────────────────

    attachment #2: video (video/webm) ──────────────────────────────────────────────────────────────
    ..\..\test-results\auth-Authentication-Flow-should-validate-registration-form-chromium\video.webm
    ────────────────────────────────────────────────────────────────────────────────────────────────

    Error Context: ..\..\test-results\auth-Authentication-Flow-should-validate-registration-form-chromium\error-context.md
]]>
</failure>
<system-out>
<![CDATA[
[[ATTACHMENT|auth-Authentication-Flow-should-validate-registration-form-chromium\test-failed-1.png]]

[[ATTACHMENT|auth-Authentication-Flow-should-validate-registration-form-chromium\video.webm]]

[[ATTACHMENT|auth-Authentication-Flow-should-validate-registration-form-chromium\error-context.md]]
]]>
</system-out>
</testcase>
<testcase name="Authentication Flow › should show password requirements" classname="auth.spec.ts" time="30.926">
<failure message="auth.spec.ts:43:7 should show password requirements" type="FAILURE">
<![CDATA[  [chromium] › auth.spec.ts:43:7 › Authentication Flow › should show password requirements ─────────

    Test timeout of 30000ms exceeded.

    Error: locator.click: Test timeout of 30000ms exceeded.
    Call log:
      - waiting for getByRole('link', { name: 'Create account' })


      42 |
      43 |   test('should show password requirements', async ({ page }) => {
    > 44 |     await page.getByRole('link', { name: 'Create account' }).click();
         |                                                              ^
      45 |     
      46 |     // Enter a weak password
      47 |     await page.getByLabel('Password').fill('weak');
        at C:\DevProjects\AmCalc\tests\e2e\auth.spec.ts:44:62

    attachment #1: screenshot (image/png) ──────────────────────────────────────────────────────────
    ..\..\test-results\auth-Authentication-Flow-should-show-password-requirements-chromium\test-failed-1.png
    ────────────────────────────────────────────────────────────────────────────────────────────────

    attachment #2: video (video/webm) ──────────────────────────────────────────────────────────────
    ..\..\test-results\auth-Authentication-Flow-should-show-password-requirements-chromium\video.webm
    ────────────────────────────────────────────────────────────────────────────────────────────────

    Error Context: ..\..\test-results\auth-Authentication-Flow-should-show-password-requirements-chromium\error-context.md
]]>
</failure>
<system-out>
<![CDATA[
[[ATTACHMENT|auth-Authentication-Flow-should-show-password-requirements-chromium\test-failed-1.png]]

[[ATTACHMENT|auth-Authentication-Flow-should-show-password-requirements-chromium\video.webm]]

[[ATTACHMENT|auth-Authentication-Flow-should-show-password-requirements-chromium\error-context.md]]
]]>
</system-out>
</testcase>
<testcase name="Authentication Flow › should validate password confirmation" classname="auth.spec.ts" time="30.877">
<failure message="auth.spec.ts:57:7 should validate password confirmation" type="FAILURE">
<![CDATA[  [chromium] › auth.spec.ts:57:7 › Authentication Flow › should validate password confirmation ─────

    Test timeout of 30000ms exceeded.

    Error: locator.click: Test timeout of 30000ms exceeded.
    Call log:
      - waiting for getByRole('link', { name: 'Create account' })


      56 |
      57 |   test('should validate password confirmation', async ({ page }) => {
    > 58 |     await page.getByRole('link', { name: 'Create account' }).click();
         |                                                              ^
      59 |     
      60 |     // Enter different passwords
      61 |     await page.getByLabel('Password').fill('StrongPass123!');
        at C:\DevProjects\AmCalc\tests\e2e\auth.spec.ts:58:62

    attachment #1: screenshot (image/png) ──────────────────────────────────────────────────────────
    ..\..\test-results\auth-Authentication-Flow-s-f9dde-idate-password-confirmation-chromium\test-failed-1.png
    ────────────────────────────────────────────────────────────────────────────────────────────────

    attachment #2: video (video/webm) ──────────────────────────────────────────────────────────────
    ..\..\test-results\auth-Authentication-Flow-s-f9dde-idate-password-confirmation-chromium\video.webm
    ────────────────────────────────────────────────────────────────────────────────────────────────

    Error Context: ..\..\test-results\auth-Authentication-Flow-s-f9dde-idate-password-confirmation-chromium\error-context.md
]]>
</failure>
<system-out>
<![CDATA[
[[ATTACHMENT|auth-Authentication-Flow-s-f9dde-idate-password-confirmation-chromium\test-failed-1.png]]

[[ATTACHMENT|auth-Authentication-Flow-s-f9dde-idate-password-confirmation-chromium\video.webm]]

[[ATTACHMENT|auth-Authentication-Flow-s-f9dde-idate-password-confirmation-chromium\error-context.md]]
]]>
</system-out>
</testcase>
<testcase name="Authentication Flow › should successfully register a new user" classname="auth.spec.ts" time="30.95">
<failure message="auth.spec.ts:71:7 should successfully register a new user" type="FAILURE">
<![CDATA[  [chromium] › auth.spec.ts:71:7 › Authentication Flow › should successfully register a new user ───

    Test timeout of 30000ms exceeded.

    Error: locator.click: Test timeout of 30000ms exceeded.
    Call log:
      - waiting for getByRole('link', { name: 'Create account' })


      70 |
      71 |   test('should successfully register a new user', async ({ page }) => {
    > 72 |     await page.getByRole('link', { name: 'Create account' }).click();
         |                                                              ^
      73 |     
      74 |     const testEmail = `test${Date.now()}@example.com`;
      75 |     
        at C:\DevProjects\AmCalc\tests\e2e\auth.spec.ts:72:62

    attachment #1: screenshot (image/png) ──────────────────────────────────────────────────────────
    ..\..\test-results\auth-Authentication-Flow-s-5cca8-ssfully-register-a-new-user-chromium\test-failed-1.png
    ────────────────────────────────────────────────────────────────────────────────────────────────

    attachment #2: video (video/webm) ──────────────────────────────────────────────────────────────
    ..\..\test-results\auth-Authentication-Flow-s-5cca8-ssfully-register-a-new-user-chromium\video.webm
    ────────────────────────────────────────────────────────────────────────────────────────────────

    Error Context: ..\..\test-results\auth-Authentication-Flow-s-5cca8-ssfully-register-a-new-user-chromium\error-context.md
]]>
</failure>
<system-out>
<![CDATA[
[[ATTACHMENT|auth-Authentication-Flow-s-5cca8-ssfully-register-a-new-user-chromium\test-failed-1.png]]

[[ATTACHMENT|auth-Authentication-Flow-s-5cca8-ssfully-register-a-new-user-chromium\video.webm]]

[[ATTACHMENT|auth-Authentication-Flow-s-5cca8-ssfully-register-a-new-user-chromium\error-context.md]]
]]>
</system-out>
</testcase>
<testcase name="Authentication Flow › should handle registration with existing email" classname="auth.spec.ts" time="30.889">
<failure message="auth.spec.ts:91:7 should handle registration with existing email" type="FAILURE">
<![CDATA[  [chromium] › auth.spec.ts:91:7 › Authentication Flow › should handle registration with existing email 

    Test timeout of 30000ms exceeded.

    Error: locator.click: Test timeout of 30000ms exceeded.
    Call log:
      - waiting for getByRole('link', { name: 'Create account' })


      90 |
      91 |   test('should handle registration with existing email', async ({ page }) => {
    > 92 |     await page.getByRole('link', { name: 'Create account' }).click();
         |                                                              ^
      93 |     
      94 |     // Try to register with existing email
      95 |     await page.getByLabel('Email Address').fill('test@example.com');
        at C:\DevProjects\AmCalc\tests\e2e\auth.spec.ts:92:62

    attachment #1: screenshot (image/png) ──────────────────────────────────────────────────────────
    ..\..\test-results\auth-Authentication-Flow-s-c46c3-tration-with-existing-email-chromium\test-failed-1.png
    ────────────────────────────────────────────────────────────────────────────────────────────────

    attachment #2: video (video/webm) ──────────────────────────────────────────────────────────────
    ..\..\test-results\auth-Authentication-Flow-s-c46c3-tration-with-existing-email-chromium\video.webm
    ────────────────────────────────────────────────────────────────────────────────────────────────

    Error Context: ..\..\test-results\auth-Authentication-Flow-s-c46c3-tration-with-existing-email-chromium\error-context.md
]]>
</failure>
<system-out>
<![CDATA[
[[ATTACHMENT|auth-Authentication-Flow-s-c46c3-tration-with-existing-email-chromium\test-failed-1.png]]

[[ATTACHMENT|auth-Authentication-Flow-s-c46c3-tration-with-existing-email-chromium\video.webm]]

[[ATTACHMENT|auth-Authentication-Flow-s-c46c3-tration-with-existing-email-chromium\error-context.md]]
]]>
</system-out>
</testcase>
<testcase name="Authentication Flow › should successfully login existing user" classname="auth.spec.ts" time="7.776">
<failure message="auth.spec.ts:105:7 should successfully login existing user" type="FAILURE">
<![CDATA[  [chromium] › auth.spec.ts:105:7 › Authentication Flow › should successfully login existing user ──

    Error: Timed out 5000ms waiting for expect(page).toHaveURL(expected)

    Expected string: "http://localhost:3000/dashboard"
    Received string: "http://localhost:3000/auth"
    Call log:
      - Expect "toHaveURL" with timeout 5000ms
        9 × unexpected value "http://localhost:3000/auth"


      112 |     
      113 |     // Should redirect to dashboard
    > 114 |     await expect(page).toHaveURL('/dashboard');
          |                        ^
      115 |     await expect(page.getByText('Welcome to your Dashboard')).toBeVisible();
      116 |   });
      117 |
        at C:\DevProjects\AmCalc\tests\e2e\auth.spec.ts:114:24

    attachment #1: screenshot (image/png) ──────────────────────────────────────────────────────────
    ..\..\test-results\auth-Authentication-Flow-s-666a9-ssfully-login-existing-user-chromium\test-failed-1.png
    ────────────────────────────────────────────────────────────────────────────────────────────────

    attachment #2: video (video/webm) ──────────────────────────────────────────────────────────────
    ..\..\test-results\auth-Authentication-Flow-s-666a9-ssfully-login-existing-user-chromium\video.webm
    ────────────────────────────────────────────────────────────────────────────────────────────────

    Error Context: ..\..\test-results\auth-Authentication-Flow-s-666a9-ssfully-login-existing-user-chromium\error-context.md
]]>
</failure>
<system-out>
<![CDATA[
[[ATTACHMENT|auth-Authentication-Flow-s-666a9-ssfully-login-existing-user-chromium\test-failed-1.png]]

[[ATTACHMENT|auth-Authentication-Flow-s-666a9-ssfully-login-existing-user-chromium\video.webm]]

[[ATTACHMENT|auth-Authentication-Flow-s-666a9-ssfully-login-existing-user-chromium\error-context.md]]
]]>
</system-out>
</testcase>
<testcase name="Authentication Flow › should handle invalid login credentials" classname="auth.spec.ts" time="3.109">
</testcase>
<testcase name="Authentication Flow › should clear errors when switching between forms" classname="auth.spec.ts" time="30.863">
<failure message="auth.spec.ts:130:7 should clear errors when switching between forms" type="FAILURE">
<![CDATA[  [chromium] › auth.spec.ts:130:7 › Authentication Flow › should clear errors when switching between forms 

    Test timeout of 30000ms exceeded.

    Error: locator.click: Test timeout of 30000ms exceeded.
    Call log:
      - waiting for getByRole('link', { name: 'Create account' })


      138 |     
      139 |     // Switch to registration
    > 140 |     await page.getByRole('link', { name: 'Create account' }).click();
          |                                                              ^
      141 |     
      142 |     // Error should be cleared
      143 |     await expect(page.getByText('Invalid email or password')).not.toBeVisible();
        at C:\DevProjects\AmCalc\tests\e2e\auth.spec.ts:140:62

    attachment #1: screenshot (image/png) ──────────────────────────────────────────────────────────
    ..\..\test-results\auth-Authentication-Flow-s-794e3-hen-switching-between-forms-chromium\test-failed-1.png
    ────────────────────────────────────────────────────────────────────────────────────────────────

    attachment #2: video (video/webm) ──────────────────────────────────────────────────────────────
    ..\..\test-results\auth-Authentication-Flow-s-794e3-hen-switching-between-forms-chromium\video.webm
    ────────────────────────────────────────────────────────────────────────────────────────────────

    Error Context: ..\..\test-results\auth-Authentication-Flow-s-794e3-hen-switching-between-forms-chromium\error-context.md
]]>
</failure>
<system-out>
<![CDATA[
[[ATTACHMENT|auth-Authentication-Flow-s-794e3-hen-switching-between-forms-chromium\test-failed-1.png]]

[[ATTACHMENT|auth-Authentication-Flow-s-794e3-hen-switching-between-forms-chromium\video.webm]]

[[ATTACHMENT|auth-Authentication-Flow-s-794e3-hen-switching-between-forms-chromium\error-context.md]]
]]>
</system-out>
</testcase>
</testsuite>
<testsuite name="calculator.spec.ts" timestamp="2025-07-16T23:46:31.629Z" hostname="chromium" tests="13" failures="12" skipped="0" time="268.175" errors="0">
<testcase name="Calculator Functionality › should display calculator form" classname="calculator.spec.ts" time="7.406">
<failure message="calculator.spec.ts:8:7 should display calculator form" type="FAILURE">
<![CDATA[  [chromium] › calculator.spec.ts:8:7 › Calculator Functionality › should display calculator form ──

    Error: Timed out 5000ms waiting for expect(locator).toBeVisible()

    Locator: getByLabel('Interest Rate (%)')
    Expected: visible
    Received: <element(s) not found>
    Call log:
      - Expect "toBeVisible" with timeout 5000ms
      - waiting for getByLabel('Interest Rate (%)')


       9 |     await expect(page.getByRole('heading', { name: 'Amortization Calculator' })).toBeVisible();
      10 |     await expect(page.getByLabel('Loan Amount')).toBeVisible();
    > 11 |     await expect(page.getByLabel('Interest Rate (%)')).toBeVisible();
         |                                                        ^
      12 |     await expect(page.getByLabel('Loan Term (Years)')).toBeVisible();
      13 |     await expect(page.getByRole('button', { name: 'Calculate' })).toBeVisible();
      14 |   });
        at C:\DevProjects\AmCalc\tests\e2e\calculator.spec.ts:11:56

    attachment #1: screenshot (image/png) ──────────────────────────────────────────────────────────
    ..\..\test-results\calculator-Calculator-Func-eb4b2-uld-display-calculator-form-chromium\test-failed-1.png
    ────────────────────────────────────────────────────────────────────────────────────────────────

    attachment #2: video (video/webm) ──────────────────────────────────────────────────────────────
    ..\..\test-results\calculator-Calculator-Func-eb4b2-uld-display-calculator-form-chromium\video.webm
    ────────────────────────────────────────────────────────────────────────────────────────────────

    Error Context: ..\..\test-results\calculator-Calculator-Func-eb4b2-uld-display-calculator-form-chromium\error-context.md
]]>
</failure>
<system-out>
<![CDATA[
[[ATTACHMENT|calculator-Calculator-Func-eb4b2-uld-display-calculator-form-chromium\test-failed-1.png]]

[[ATTACHMENT|calculator-Calculator-Func-eb4b2-uld-display-calculator-form-chromium\video.webm]]

[[ATTACHMENT|calculator-Calculator-Func-eb4b2-uld-display-calculator-form-chromium\error-context.md]]
]]>
</system-out>
</testcase>
<testcase name="Calculator Functionality › should format loan amount with commas" classname="calculator.spec.ts" time="5.658">
<failure message="calculator.spec.ts:16:7 should format loan amount with commas" type="FAILURE">
<![CDATA[  [chromium] › calculator.spec.ts:16:7 › Calculator Functionality › should format loan amount with commas 

    Error: Timed out 5000ms waiting for expect(locator).toHaveValue(expected)

    Locator: getByLabel('Loan Amount')
    Expected string: "250,000"
    Received string: "200,000,250,000"
    Call log:
      - Expect "toHaveValue" with timeout 5000ms
      - waiting for getByLabel('Loan Amount')
        9 × locator resolved to <input min="1000" type="text" id="principal" max="10000000" autocomplete="off" inputmode="numeric" placeholder="200000" value="200,000,250,000" class="w-full px-4 py-3 border rounded-lg focus:ring-2 focus:ring-blue-500 focus:border-blue-500 transition-colors border-red-500"/>
          - unexpected value "200,000,250,000"


      22 |     // Should format with commas on blur
      23 |     await loanAmountInput.blur();
    > 24 |     await expect(loanAmountInput).toHaveValue('250,000');
         |                                   ^
      25 |   });
      26 |
      27 |   test('should validate form inputs', async ({ page }) => {
        at C:\DevProjects\AmCalc\tests\e2e\calculator.spec.ts:24:35

    attachment #1: screenshot (image/png) ──────────────────────────────────────────────────────────
    ..\..\test-results\calculator-Calculator-Func-6bb5b-mat-loan-amount-with-commas-chromium\test-failed-1.png
    ────────────────────────────────────────────────────────────────────────────────────────────────

    attachment #2: video (video/webm) ──────────────────────────────────────────────────────────────
    ..\..\test-results\calculator-Calculator-Func-6bb5b-mat-loan-amount-with-commas-chromium\video.webm
    ────────────────────────────────────────────────────────────────────────────────────────────────

    Error Context: ..\..\test-results\calculator-Calculator-Func-6bb5b-mat-loan-amount-with-commas-chromium\error-context.md
]]>
</failure>
<system-out>
<![CDATA[
[[ATTACHMENT|calculator-Calculator-Func-6bb5b-mat-loan-amount-with-commas-chromium\test-failed-1.png]]

[[ATTACHMENT|calculator-Calculator-Func-6bb5b-mat-loan-amount-with-commas-chromium\video.webm]]

[[ATTACHMENT|calculator-Calculator-Func-6bb5b-mat-loan-amount-with-commas-chromium\error-context.md]]
]]>
</system-out>
</testcase>
<testcase name="Calculator Functionality › should validate form inputs" classname="calculator.spec.ts" time="5.908">
<failure message="calculator.spec.ts:27:7 should validate form inputs" type="FAILURE">
<![CDATA[  [chromium] › calculator.spec.ts:27:7 › Calculator Functionality › should validate form inputs ────

    Error: Timed out 5000ms waiting for expect(locator).toBeVisible()

    Locator: getByText('Loan amount is required')
    Expected: visible
    Received: <element(s) not found>
    Call log:
      - Expect "toBeVisible" with timeout 5000ms
      - waiting for getByText('Loan amount is required')


      30 |     
      31 |     // Should show validation errors
    > 32 |     await expect(page.getByText('Loan amount is required')).toBeVisible();
         |                                                             ^
      33 |     await expect(page.getByText('Interest rate is required')).toBeVisible();
      34 |     await expect(page.getByText('Loan term is required')).toBeVisible();
      35 |   });
        at C:\DevProjects\AmCalc\tests\e2e\calculator.spec.ts:32:61

    attachment #1: screenshot (image/png) ──────────────────────────────────────────────────────────
    ..\..\test-results\calculator-Calculator-Func-9ff1d-should-validate-form-inputs-chromium\test-failed-1.png
    ────────────────────────────────────────────────────────────────────────────────────────────────

    attachment #2: video (video/webm) ──────────────────────────────────────────────────────────────
    ..\..\test-results\calculator-Calculator-Func-9ff1d-should-validate-form-inputs-chromium\video.webm
    ────────────────────────────────────────────────────────────────────────────────────────────────

    Error Context: ..\..\test-results\calculator-Calculator-Func-9ff1d-should-validate-form-inputs-chromium\error-context.md
]]>
</failure>
<system-out>
<![CDATA[
[[ATTACHMENT|calculator-Calculator-Func-9ff1d-should-validate-form-inputs-chromium\test-failed-1.png]]

[[ATTACHMENT|calculator-Calculator-Func-9ff1d-should-validate-form-inputs-chromium\video.webm]]

[[ATTACHMENT|calculator-Calculator-Func-9ff1d-should-validate-form-inputs-chromium\error-context.md]]
]]>
</system-out>
</testcase>
<testcase name="Calculator Functionality › should validate loan amount minimum" classname="calculator.spec.ts" time="30.146">
<failure message="calculator.spec.ts:37:7 should validate loan amount minimum" type="FAILURE">
<![CDATA[  [chromium] › calculator.spec.ts:37:7 › Calculator Functionality › should validate loan amount minimum 

    Test timeout of 30000ms exceeded.

    Error: locator.fill: Test timeout of 30000ms exceeded.
    Call log:
      - waiting for getByLabel('Interest Rate (%)')


      37 |   test('should validate loan amount minimum', async ({ page }) => {
      38 |     await page.getByLabel('Loan Amount').fill('500');
    > 39 |     await page.getByLabel('Interest Rate (%)').fill('3.5');
         |                                                ^
      40 |     await page.getByLabel('Loan Term (Years)').fill('30');
      41 |     
      42 |     await page.getByRole('button', { name: 'Calculate' }).click();
        at C:\DevProjects\AmCalc\tests\e2e\calculator.spec.ts:39:48

    attachment #1: screenshot (image/png) ──────────────────────────────────────────────────────────
    ..\..\test-results\calculator-Calculator-Func-d2fed-alidate-loan-amount-minimum-chromium\test-failed-1.png
    ────────────────────────────────────────────────────────────────────────────────────────────────

    attachment #2: video (video/webm) ──────────────────────────────────────────────────────────────
    ..\..\test-results\calculator-Calculator-Func-d2fed-alidate-loan-amount-minimum-chromium\video.webm
    ────────────────────────────────────────────────────────────────────────────────────────────────

    Error Context: ..\..\test-results\calculator-Calculator-Func-d2fed-alidate-loan-amount-minimum-chromium\error-context.md
]]>
</failure>
<system-out>
<![CDATA[
[[ATTACHMENT|calculator-Calculator-Func-d2fed-alidate-loan-amount-minimum-chromium\test-failed-1.png]]

[[ATTACHMENT|calculator-Calculator-Func-d2fed-alidate-loan-amount-minimum-chromium\video.webm]]

[[ATTACHMENT|calculator-Calculator-Func-d2fed-alidate-loan-amount-minimum-chromium\error-context.md]]
]]>
</system-out>
</testcase>
<testcase name="Calculator Functionality › should validate interest rate range" classname="calculator.spec.ts" time="30.137">
<failure message="calculator.spec.ts:47:7 should validate interest rate range" type="FAILURE">
<![CDATA[  [chromium] › calculator.spec.ts:47:7 › Calculator Functionality › should validate interest rate range 

    Test timeout of 30000ms exceeded.

    Error: locator.fill: Test timeout of 30000ms exceeded.
    Call log:
      - waiting for getByLabel('Interest Rate (%)')


      47 |   test('should validate interest rate range', async ({ page }) => {
      48 |     await page.getByLabel('Loan Amount').fill('200000');
    > 49 |     await page.getByLabel('Interest Rate (%)').fill('30');
         |                                                ^
      50 |     await page.getByLabel('Loan Term (Years)').fill('30');
      51 |     
      52 |     await page.getByRole('button', { name: 'Calculate' }).click();
        at C:\DevProjects\AmCalc\tests\e2e\calculator.spec.ts:49:48

    attachment #1: screenshot (image/png) ──────────────────────────────────────────────────────────
    ..\..\test-results\calculator-Calculator-Func-6af33-alidate-interest-rate-range-chromium\test-failed-1.png
    ────────────────────────────────────────────────────────────────────────────────────────────────

    attachment #2: video (video/webm) ──────────────────────────────────────────────────────────────
    ..\..\test-results\calculator-Calculator-Func-6af33-alidate-interest-rate-range-chromium\video.webm
    ────────────────────────────────────────────────────────────────────────────────────────────────

    Error Context: ..\..\test-results\calculator-Calculator-Func-6af33-alidate-interest-rate-range-chromium\error-context.md
]]>
</failure>
<system-out>
<![CDATA[
[[ATTACHMENT|calculator-Calculator-Func-6af33-alidate-interest-rate-range-chromium\test-failed-1.png]]

[[ATTACHMENT|calculator-Calculator-Func-6af33-alidate-interest-rate-range-chromium\video.webm]]

[[ATTACHMENT|calculator-Calculator-Func-6af33-alidate-interest-rate-range-chromium\error-context.md]]
]]>
</system-out>
</testcase>
<testcase name="Calculator Functionality › should validate loan term range" classname="calculator.spec.ts" time="30.194">
<failure message="calculator.spec.ts:57:7 should validate loan term range" type="FAILURE">
<![CDATA[  [chromium] › calculator.spec.ts:57:7 › Calculator Functionality › should validate loan term range 

    Test timeout of 30000ms exceeded.

    Error: locator.fill: Test timeout of 30000ms exceeded.
    Call log:
      - waiting for getByLabel('Interest Rate (%)')


      57 |   test('should validate loan term range', async ({ page }) => {
      58 |     await page.getByLabel('Loan Amount').fill('200000');
    > 59 |     await page.getByLabel('Interest Rate (%)').fill('3.5');
         |                                                ^
      60 |     await page.getByLabel('Loan Term (Years)').fill('60');
      61 |     
      62 |     await page.getByRole('button', { name: 'Calculate' }).click();
        at C:\DevProjects\AmCalc\tests\e2e\calculator.spec.ts:59:48

    attachment #1: screenshot (image/png) ──────────────────────────────────────────────────────────
    ..\..\test-results\calculator-Calculator-Func-3d007-ld-validate-loan-term-range-chromium\test-failed-1.png
    ────────────────────────────────────────────────────────────────────────────────────────────────

    attachment #2: video (video/webm) ──────────────────────────────────────────────────────────────
    ..\..\test-results\calculator-Calculator-Func-3d007-ld-validate-loan-term-range-chromium\video.webm
    ────────────────────────────────────────────────────────────────────────────────────────────────

    Error Context: ..\..\test-results\calculator-Calculator-Func-3d007-ld-validate-loan-term-range-chromium\error-context.md
]]>
</failure>
<system-out>
<![CDATA[
[[ATTACHMENT|calculator-Calculator-Func-3d007-ld-validate-loan-term-range-chromium\test-failed-1.png]]

[[ATTACHMENT|calculator-Calculator-Func-3d007-ld-validate-loan-term-range-chromium\video.webm]]

[[ATTACHMENT|calculator-Calculator-Func-3d007-ld-validate-loan-term-range-chromium\error-context.md]]
]]>
</system-out>
</testcase>
<testcase name="Calculator Functionality › should perform successful calculation" classname="calculator.spec.ts" time="30.136">
<failure message="calculator.spec.ts:67:7 should perform successful calculation" type="FAILURE">
<![CDATA[  [chromium] › calculator.spec.ts:67:7 › Calculator Functionality › should perform successful calculation 

    Test timeout of 30000ms exceeded.

    Error: locator.fill: Test timeout of 30000ms exceeded.
    Call log:
      - waiting for getByLabel('Interest Rate (%)')


      68 |     // Fill out form with valid data
      69 |     await page.getByLabel('Loan Amount').fill('200000');
    > 70 |     await page.getByLabel('Interest Rate (%)').fill('3.5');
         |                                                ^
      71 |     await page.getByLabel('Loan Term (Years)').fill('30');
      72 |     
      73 |     // Submit form
        at C:\DevProjects\AmCalc\tests\e2e\calculator.spec.ts:70:48

    attachment #1: screenshot (image/png) ──────────────────────────────────────────────────────────
    ..\..\test-results\calculator-Calculator-Func-0046f-form-successful-calculation-chromium\test-failed-1.png
    ────────────────────────────────────────────────────────────────────────────────────────────────

    attachment #2: video (video/webm) ──────────────────────────────────────────────────────────────
    ..\..\test-results\calculator-Calculator-Func-0046f-form-successful-calculation-chromium\video.webm
    ────────────────────────────────────────────────────────────────────────────────────────────────

    Error Context: ..\..\test-results\calculator-Calculator-Func-0046f-form-successful-calculation-chromium\error-context.md
]]>
</failure>
<system-out>
<![CDATA[
[[ATTACHMENT|calculator-Calculator-Func-0046f-form-successful-calculation-chromium\test-failed-1.png]]

[[ATTACHMENT|calculator-Calculator-Func-0046f-form-successful-calculation-chromium\video.webm]]

[[ATTACHMENT|calculator-Calculator-Func-0046f-form-successful-calculation-chromium\error-context.md]]
]]>
</system-out>
</testcase>
<testcase name="Calculator Functionality › should display amortization table with pagination" classname="calculator.spec.ts" time="30.14">
<failure message="calculator.spec.ts:93:7 should display amortization table with pagination" type="FAILURE">
<![CDATA[  [chromium] › calculator.spec.ts:93:7 › Calculator Functionality › should display amortization table with pagination 

    Test timeout of 30000ms exceeded.

    Error: locator.fill: Test timeout of 30000ms exceeded.
    Call log:
      - waiting for getByLabel('Interest Rate (%)')


      94 |     // Perform calculation
      95 |     await page.getByLabel('Loan Amount').fill('200000');
    > 96 |     await page.getByLabel('Interest Rate (%)').fill('3.5');
         |                                                ^
      97 |     await page.getByLabel('Loan Term (Years)').fill('30');
      98 |     await page.getByRole('button', { name: 'Calculate' }).click();
      99 |     
        at C:\DevProjects\AmCalc\tests\e2e\calculator.spec.ts:96:48

    attachment #1: screenshot (image/png) ──────────────────────────────────────────────────────────
    ..\..\test-results\calculator-Calculator-Func-43388-ation-table-with-pagination-chromium\test-failed-1.png
    ────────────────────────────────────────────────────────────────────────────────────────────────

    attachment #2: video (video/webm) ──────────────────────────────────────────────────────────────
    ..\..\test-results\calculator-Calculator-Func-43388-ation-table-with-pagination-chromium\video.webm
    ────────────────────────────────────────────────────────────────────────────────────────────────

    Error Context: ..\..\test-results\calculator-Calculator-Func-43388-ation-table-with-pagination-chromium\error-context.md
]]>
</failure>
<system-out>
<![CDATA[
[[ATTACHMENT|calculator-Calculator-Func-43388-ation-table-with-pagination-chromium\test-failed-1.png]]

[[ATTACHMENT|calculator-Calculator-Func-43388-ation-table-with-pagination-chromium\video.webm]]

[[ATTACHMENT|calculator-Calculator-Func-43388-ation-table-with-pagination-chromium\error-context.md]]
]]>
</system-out>
</testcase>
<testcase name="Calculator Functionality › should export amortization table" classname="calculator.spec.ts" time="30.111">
<failure message="calculator.spec.ts:108:7 should export amortization table" type="FAILURE">
<![CDATA[  [chromium] › calculator.spec.ts:108:7 › Calculator Functionality › should export amortization table 

    Test timeout of 30000ms exceeded.

    Error: locator.fill: Test timeout of 30000ms exceeded.
    Call log:
      - waiting for getByLabel('Interest Rate (%)')


      109 |     // Perform calculation
      110 |     await page.getByLabel('Loan Amount').fill('200000');
    > 111 |     await page.getByLabel('Interest Rate (%)').fill('3.5');
          |                                                ^
      112 |     await page.getByLabel('Loan Term (Years)').fill('30');
      113 |     await page.getByRole('button', { name: 'Calculate' }).click();
      114 |     
        at C:\DevProjects\AmCalc\tests\e2e\calculator.spec.ts:111:48

    attachment #1: screenshot (image/png) ──────────────────────────────────────────────────────────
    ..\..\test-results\calculator-Calculator-Func-9108c-d-export-amortization-table-chromium\test-failed-1.png
    ────────────────────────────────────────────────────────────────────────────────────────────────

    attachment #2: video (video/webm) ──────────────────────────────────────────────────────────────
    ..\..\test-results\calculator-Calculator-Func-9108c-d-export-amortization-table-chromium\video.webm
    ────────────────────────────────────────────────────────────────────────────────────────────────

    Error Context: ..\..\test-results\calculator-Calculator-Func-9108c-d-export-amortization-table-chromium\error-context.md
]]>
</failure>
<system-out>
<![CDATA[
[[ATTACHMENT|calculator-Calculator-Func-9108c-d-export-amortization-table-chromium\test-failed-1.png]]

[[ATTACHMENT|calculator-Calculator-Func-9108c-d-export-amortization-table-chromium\video.webm]]

[[ATTACHMENT|calculator-Calculator-Func-9108c-d-export-amortization-table-chromium\error-context.md]]
]]>
</system-out>
</testcase>
<testcase name="Calculator Functionality › should handle interest rate input correctly" classname="calculator.spec.ts" time="30.393">
<failure message="calculator.spec.ts:123:7 should handle interest rate input correctly" type="FAILURE">
<![CDATA[  [chromium] › calculator.spec.ts:123:7 › Calculator Functionality › should handle interest rate input correctly 

    Test timeout of 30000ms exceeded.

    Error: locator.fill: Test timeout of 30000ms exceeded.
    Call log:
      - waiting for getByLabel('Interest Rate (%)')


      125 |     
      126 |     // Type a decimal number
    > 127 |     await interestRateInput.fill('3.5');
          |                             ^
      128 |     
      129 |     // Should maintain the value
      130 |     await expect(interestRateInput).toHaveValue('3.5');
        at C:\DevProjects\AmCalc\tests\e2e\calculator.spec.ts:127:29

    attachment #1: screenshot (image/png) ──────────────────────────────────────────────────────────
    ..\..\test-results\calculator-Calculator-Func-4c152-terest-rate-input-correctly-chromium\test-failed-1.png
    ────────────────────────────────────────────────────────────────────────────────────────────────

    attachment #2: video (video/webm) ──────────────────────────────────────────────────────────────
    ..\..\test-results\calculator-Calculator-Func-4c152-terest-rate-input-correctly-chromium\video.webm
    ────────────────────────────────────────────────────────────────────────────────────────────────

    Error Context: ..\..\test-results\calculator-Calculator-Func-4c152-terest-rate-input-correctly-chromium\error-context.md
]]>
</failure>
<system-out>
<![CDATA[
[[ATTACHMENT|calculator-Calculator-Func-4c152-terest-rate-input-correctly-chromium\test-failed-1.png]]

[[ATTACHMENT|calculator-Calculator-Func-4c152-terest-rate-input-correctly-chromium\video.webm]]

[[ATTACHMENT|calculator-Calculator-Func-4c152-terest-rate-input-correctly-chromium\error-context.md]]
]]>
</system-out>
</testcase>
<testcase name="Calculator Functionality › should be responsive on mobile" classname="calculator.spec.ts" time="6.371">
<failure message="calculator.spec.ts:133:7 should be responsive on mobile" type="FAILURE">
<![CDATA[  [chromium] › calculator.spec.ts:133:7 › Calculator Functionality › should be responsive on mobile 

    Error: Timed out 5000ms waiting for expect(locator).toBeVisible()

    Locator: getByLabel('Interest Rate (%)')
    Expected: visible
    Received: <element(s) not found>
    Call log:
      - Expect "toBeVisible" with timeout 5000ms
      - waiting for getByLabel('Interest Rate (%)')


      137 |     // Should still show all form elements
      138 |     await expect(page.getByLabel('Loan Amount')).toBeVisible();
    > 139 |     await expect(page.getByLabel('Interest Rate (%)')).toBeVisible();
          |                                                        ^
      140 |     await expect(page.getByLabel('Loan Term (Years)')).toBeVisible();
      141 |     await expect(page.getByRole('button', { name: 'Calculate' })).toBeVisible();
      142 |     
        at C:\DevProjects\AmCalc\tests\e2e\calculator.spec.ts:139:56

    attachment #1: screenshot (image/png) ──────────────────────────────────────────────────────────
    ..\..\test-results\calculator-Calculator-Func-27a27-uld-be-responsive-on-mobile-chromium\test-failed-1.png
    ────────────────────────────────────────────────────────────────────────────────────────────────

    attachment #2: video (video/webm) ──────────────────────────────────────────────────────────────
    ..\..\test-results\calculator-Calculator-Func-27a27-uld-be-responsive-on-mobile-chromium\video.webm
    ────────────────────────────────────────────────────────────────────────────────────────────────

    Error Context: ..\..\test-results\calculator-Calculator-Func-27a27-uld-be-responsive-on-mobile-chromium\error-context.md
]]>
</failure>
<system-out>
<![CDATA[
[[ATTACHMENT|calculator-Calculator-Func-27a27-uld-be-responsive-on-mobile-chromium\test-failed-1.png]]

[[ATTACHMENT|calculator-Calculator-Func-27a27-uld-be-responsive-on-mobile-chromium\video.webm]]

[[ATTACHMENT|calculator-Calculator-Func-27a27-uld-be-responsive-on-mobile-chromium\error-context.md]]
]]>
</system-out>
</testcase>
<testcase name="Calculator Functionality › should show guest mode message" classname="calculator.spec.ts" time="1.391">
</testcase>
<testcase name="Calculator Functionality › should allow multiple calculations" classname="calculator.spec.ts" time="30.184">
<failure message="calculator.spec.ts:158:7 should allow multiple calculations" type="FAILURE">
<![CDATA[  [chromium] › calculator.spec.ts:158:7 › Calculator Functionality › should allow multiple calculations 

    Test timeout of 30000ms exceeded.

    Error: locator.fill: Test timeout of 30000ms exceeded.
    Call log:
      - waiting for getByLabel('Interest Rate (%)')


      159 |     // First calculation
      160 |     await page.getByLabel('Loan Amount').fill('200000');
    > 161 |     await page.getByLabel('Interest Rate (%)').fill('3.5');
          |                                                ^
      162 |     await page.getByLabel('Loan Term (Years)').fill('30');
      163 |     await page.getByRole('button', { name: 'Calculate' }).click();
      164 |     
        at C:\DevProjects\AmCalc\tests\e2e\calculator.spec.ts:161:48

    attachment #1: screenshot (image/png) ──────────────────────────────────────────────────────────
    ..\..\test-results\calculator-Calculator-Func-12cab-allow-multiple-calculations-chromium\test-failed-1.png
    ────────────────────────────────────────────────────────────────────────────────────────────────

    attachment #2: video (video/webm) ──────────────────────────────────────────────────────────────
    ..\..\test-results\calculator-Calculator-Func-12cab-allow-multiple-calculations-chromium\video.webm
    ────────────────────────────────────────────────────────────────────────────────────────────────

    Error Context: ..\..\test-results\calculator-Calculator-Func-12cab-allow-multiple-calculations-chromium\error-context.md
]]>
</failure>
<system-out>
<![CDATA[
[[ATTACHMENT|calculator-Calculator-Func-12cab-allow-multiple-calculations-chromium\test-failed-1.png]]

[[ATTACHMENT|calculator-Calculator-Func-12cab-allow-multiple-calculations-chromium\video.webm]]

[[ATTACHMENT|calculator-Calculator-Func-12cab-allow-multiple-calculations-chromium\error-context.md]]
]]>
</system-out>
</testcase>
</testsuite>
<testsuite name="navigation.spec.ts" timestamp="2025-07-16T23:46:31.629Z" hostname="chromium" tests="14" failures="13" skipped="0" time="84.5" errors="0">
<testcase name="Navigation and Layout › should display landing page with navigation" classname="navigation.spec.ts" time="1.518">
<failure message="navigation.spec.ts:8:7 should display landing page with navigation" type="FAILURE">
<![CDATA[  [chromium] › navigation.spec.ts:8:7 › Navigation and Layout › should display landing page with navigation 

    Error: expect.toBeVisible: Error: strict mode violation: getByRole('heading', { name: 'AmCalc' }) resolved to 2 elements:
        1) <h1 class="text-3xl font-bold text-gray-900">AmCalc</h1> aka locator('h1')
        2) <h3 class="text-2xl font-bold text-white">AmCalc</h3> aka getByRole('contentinfo').getByRole('heading', { name: 'AmCalc' })

    Call log:
      - Expect "toBeVisible" with timeout 5000ms
      - waiting for getByRole('heading', { name: 'AmCalc' })


       7 |
       8 |   test('should display landing page with navigation', async ({ page }) => {
    >  9 |     await expect(page.getByRole('heading', { name: 'AmCalc' })).toBeVisible();
         |                                                                 ^
      10 |     await expect(page.getByRole('navigation')).toBeVisible();
      11 |     
      12 |     // Should show main navigation links
        at C:\DevProjects\AmCalc\tests\e2e\navigation.spec.ts:9:65

    attachment #1: screenshot (image/png) ──────────────────────────────────────────────────────────
    ..\..\test-results\navigation-Navigation-and--a7509-anding-page-with-navigation-chromium\test-failed-1.png
    ────────────────────────────────────────────────────────────────────────────────────────────────

    attachment #2: video (video/webm) ──────────────────────────────────────────────────────────────
    ..\..\test-results\navigation-Navigation-and--a7509-anding-page-with-navigation-chromium\video.webm
    ────────────────────────────────────────────────────────────────────────────────────────────────

    Error Context: ..\..\test-results\navigation-Navigation-and--a7509-anding-page-with-navigation-chromium\error-context.md
]]>
</failure>
<system-out>
<![CDATA[
[[ATTACHMENT|navigation-Navigation-and--a7509-anding-page-with-navigation-chromium\test-failed-1.png]]

[[ATTACHMENT|navigation-Navigation-and--a7509-anding-page-with-navigation-chromium\video.webm]]

[[ATTACHMENT|navigation-Navigation-and--a7509-anding-page-with-navigation-chromium\error-context.md]]
]]>
</system-out>
</testcase>
<testcase name="Navigation and Layout › should navigate to calculator page" classname="navigation.spec.ts" time="1.381">
<failure message="navigation.spec.ts:18:7 should navigate to calculator page" type="FAILURE">
<![CDATA[  [chromium] › navigation.spec.ts:18:7 › Navigation and Layout › should navigate to calculator page 

    Error: locator.click: Error: strict mode violation: getByRole('link', { name: 'Calculator' }) resolved to 2 elements:
        1) <a href="/calculator" class="w-full flex items-center justify-center px-8 py-3 border border-transparent text-base font-medium rounded-md text-white bg-blue-600 hover:bg-blue-700 md:py-4 md:text-lg md:px-10">Try Calculator</a> aka getByRole('link', { name: 'Try Calculator' })
        2) <a href="/calculator" class="text-gray-400 hover:text-white">Calculator</a> aka getByRole('link', { name: 'Calculator', exact: true })

    Call log:
      - waiting for getByRole('link', { name: 'Calculator' })


      17 |
      18 |   test('should navigate to calculator page', async ({ page }) => {
    > 19 |     await page.getByRole('link', { name: 'Calculator' }).click();
         |                                                          ^
      20 |     await expect(page).toHaveURL('/calculator');
      21 |     await expect(page.getByRole('heading', { name: 'Amortization Calculator' })).toBeVisible();
      22 |   });
        at C:\DevProjects\AmCalc\tests\e2e\navigation.spec.ts:19:58

    attachment #1: screenshot (image/png) ──────────────────────────────────────────────────────────
    ..\..\test-results\navigation-Navigation-and--b3c34-navigate-to-calculator-page-chromium\test-failed-1.png
    ────────────────────────────────────────────────────────────────────────────────────────────────

    attachment #2: video (video/webm) ──────────────────────────────────────────────────────────────
    ..\..\test-results\navigation-Navigation-and--b3c34-navigate-to-calculator-page-chromium\video.webm
    ────────────────────────────────────────────────────────────────────────────────────────────────

    Error Context: ..\..\test-results\navigation-Navigation-and--b3c34-navigate-to-calculator-page-chromium\error-context.md
]]>
</failure>
<system-out>
<![CDATA[
[[ATTACHMENT|navigation-Navigation-and--b3c34-navigate-to-calculator-page-chromium\test-failed-1.png]]

[[ATTACHMENT|navigation-Navigation-and--b3c34-navigate-to-calculator-page-chromium\video.webm]]

[[ATTACHMENT|navigation-Navigation-and--b3c34-navigate-to-calculator-page-chromium\error-context.md]]
]]>
</system-out>
</testcase>
<testcase name="Navigation and Layout › should navigate to auth page" classname="navigation.spec.ts" time="0.708">
<failure message="navigation.spec.ts:24:7 should navigate to auth page" type="FAILURE">
<![CDATA[  [chromium] › navigation.spec.ts:24:7 › Navigation and Layout › should navigate to auth page ──────

    Error: locator.click: Error: strict mode violation: getByRole('link', { name: 'Sign In' }) resolved to 2 elements:
        1) <a href="/auth" class="text-gray-600 hover:text-gray-900 px-3 py-2 rounded-md text-sm font-medium">Sign In</a> aka getByRole('navigation').getByRole('link', { name: 'Sign In' })
        2) <a href="/auth" class="text-gray-400 hover:text-white">Sign In</a> aka getByRole('contentinfo').getByRole('link', { name: 'Sign In' })

    Call log:
      - waiting for getByRole('link', { name: 'Sign In' })


      23 |
      24 |   test('should navigate to auth page', async ({ page }) => {
    > 25 |     await page.getByRole('link', { name: 'Sign In' }).click();
         |                                                       ^
      26 |     await expect(page).toHaveURL('/auth');
      27 |     await expect(page.getByRole('heading', { name: 'Sign In' })).toBeVisible();
      28 |   });
        at C:\DevProjects\AmCalc\tests\e2e\navigation.spec.ts:25:55

    attachment #1: screenshot (image/png) ──────────────────────────────────────────────────────────
    ..\..\test-results\navigation-Navigation-and--939bf-hould-navigate-to-auth-page-chromium\test-failed-1.png
    ────────────────────────────────────────────────────────────────────────────────────────────────

    attachment #2: video (video/webm) ──────────────────────────────────────────────────────────────
    ..\..\test-results\navigation-Navigation-and--939bf-hould-navigate-to-auth-page-chromium\video.webm
    ────────────────────────────────────────────────────────────────────────────────────────────────

    Error Context: ..\..\test-results\navigation-Navigation-and--939bf-hould-navigate-to-auth-page-chromium\error-context.md
]]>
</failure>
<system-out>
<![CDATA[
[[ATTACHMENT|navigation-Navigation-and--939bf-hould-navigate-to-auth-page-chromium\test-failed-1.png]]

[[ATTACHMENT|navigation-Navigation-and--939bf-hould-navigate-to-auth-page-chromium\video.webm]]

[[ATTACHMENT|navigation-Navigation-and--939bf-hould-navigate-to-auth-page-chromium\error-context.md]]
]]>
</system-out>
</testcase>
<testcase name="Navigation and Layout › should navigate to registration from landing page" classname="navigation.spec.ts" time="6.069">
<failure message="navigation.spec.ts:30:7 should navigate to registration from landing page" type="FAILURE">
<![CDATA[  [chromium] › navigation.spec.ts:30:7 › Navigation and Layout › should navigate to registration from landing page 

    Error: Timed out 5000ms waiting for expect(locator).toBeVisible()

    Locator: getByRole('heading', { name: 'Create Account' })
    Expected: visible
    Received: <element(s) not found>
    Call log:
      - Expect "toBeVisible" with timeout 5000ms
      - waiting for getByRole('heading', { name: 'Create Account' })


      31 |     await page.getByRole('link', { name: 'Create Account' }).click();
      32 |     await expect(page).toHaveURL('/auth');
    > 33 |     await expect(page.getByRole('heading', { name: 'Create Account' })).toBeVisible();
         |                                                                         ^
      34 |   });
      35 |
      36 |   test('should be responsive on mobile', async ({ page }) => {
        at C:\DevProjects\AmCalc\tests\e2e\navigation.spec.ts:33:73

    attachment #1: screenshot (image/png) ──────────────────────────────────────────────────────────
    ..\..\test-results\navigation-Navigation-and--c10ba-istration-from-landing-page-chromium\test-failed-1.png
    ────────────────────────────────────────────────────────────────────────────────────────────────

    attachment #2: video (video/webm) ──────────────────────────────────────────────────────────────
    ..\..\test-results\navigation-Navigation-and--c10ba-istration-from-landing-page-chromium\video.webm
    ────────────────────────────────────────────────────────────────────────────────────────────────

    Error Context: ..\..\test-results\navigation-Navigation-and--c10ba-istration-from-landing-page-chromium\error-context.md
]]>
</failure>
<system-out>
<![CDATA[
[[ATTACHMENT|navigation-Navigation-and--c10ba-istration-from-landing-page-chromium\test-failed-1.png]]

[[ATTACHMENT|navigation-Navigation-and--c10ba-istration-from-landing-page-chromium\video.webm]]

[[ATTACHMENT|navigation-Navigation-and--c10ba-istration-from-landing-page-chromium\error-context.md]]
]]>
</system-out>
</testcase>
<testcase name="Navigation and Layout › should be responsive on mobile" classname="navigation.spec.ts" time="0.74">
<failure message="navigation.spec.ts:36:7 should be responsive on mobile" type="FAILURE">
<![CDATA[  [chromium] › navigation.spec.ts:36:7 › Navigation and Layout › should be responsive on mobile ────

    Error: expect.toBeVisible: Error: strict mode violation: getByRole('link', { name: 'Calculator' }) resolved to 2 elements:
        1) <a href="/calculator" class="w-full flex items-center justify-center px-8 py-3 border border-transparent text-base font-medium rounded-md text-white bg-blue-600 hover:bg-blue-700 md:py-4 md:text-lg md:px-10">Try Calculator</a> aka getByRole('link', { name: 'Try Calculator' })
        2) <a href="/calculator" class="text-gray-400 hover:text-white">Calculator</a> aka getByRole('link', { name: 'Calculator', exact: true })

    Call log:
      - Expect "toBeVisible" with timeout 5000ms
      - waiting for getByRole('link', { name: 'Calculator' })


      40 |     // Should still show navigation
      41 |     await expect(page.getByRole('navigation')).toBeVisible();
    > 42 |     await expect(page.getByRole('link', { name: 'Calculator' })).toBeVisible();
         |                                                                  ^
      43 |     await expect(page.getByRole('link', { name: 'Sign In' })).toBeVisible();
      44 |   });
      45 |
        at C:\DevProjects\AmCalc\tests\e2e\navigation.spec.ts:42:66

    attachment #1: screenshot (image/png) ──────────────────────────────────────────────────────────
    ..\..\test-results\navigation-Navigation-and--77119-uld-be-responsive-on-mobile-chromium\test-failed-1.png
    ────────────────────────────────────────────────────────────────────────────────────────────────

    attachment #2: video (video/webm) ──────────────────────────────────────────────────────────────
    ..\..\test-results\navigation-Navigation-and--77119-uld-be-responsive-on-mobile-chromium\video.webm
    ────────────────────────────────────────────────────────────────────────────────────────────────

    Error Context: ..\..\test-results\navigation-Navigation-and--77119-uld-be-responsive-on-mobile-chromium\error-context.md
]]>
</failure>
<system-out>
<![CDATA[
[[ATTACHMENT|navigation-Navigation-and--77119-uld-be-responsive-on-mobile-chromium\test-failed-1.png]]

[[ATTACHMENT|navigation-Navigation-and--77119-uld-be-responsive-on-mobile-chromium\video.webm]]

[[ATTACHMENT|navigation-Navigation-and--77119-uld-be-responsive-on-mobile-chromium\error-context.md]]
]]>
</system-out>
</testcase>
<testcase name="Navigation and Layout › should redirect authenticated users from auth page" classname="navigation.spec.ts" time="6.129">
<failure message="navigation.spec.ts:46:7 should redirect authenticated users from auth page" type="FAILURE">
<![CDATA[  [chromium] › navigation.spec.ts:46:7 › Navigation and Layout › should redirect authenticated users from auth page 

    Error: Timed out 5000ms waiting for expect(page).toHaveURL(expected)

    Expected string: "http://localhost:3000/dashboard"
    Received string: "http://localhost:3000/auth"
    Call log:
      - Expect "toHaveURL" with timeout 5000ms
        9 × unexpected value "http://localhost:3000/auth"


      52 |     
      53 |     // Should redirect to dashboard
    > 54 |     await expect(page).toHaveURL('/dashboard');
         |                        ^
      55 |     
      56 |     // Try to access auth page again
      57 |     await page.goto('/auth');
        at C:\DevProjects\AmCalc\tests\e2e\navigation.spec.ts:54:24

    attachment #1: screenshot (image/png) ──────────────────────────────────────────────────────────
    ..\..\test-results\navigation-Navigation-and--f9d01-icated-users-from-auth-page-chromium\test-failed-1.png
    ────────────────────────────────────────────────────────────────────────────────────────────────

    attachment #2: video (video/webm) ──────────────────────────────────────────────────────────────
    ..\..\test-results\navigation-Navigation-and--f9d01-icated-users-from-auth-page-chromium\video.webm
    ────────────────────────────────────────────────────────────────────────────────────────────────

    Error Context: ..\..\test-results\navigation-Navigation-and--f9d01-icated-users-from-auth-page-chromium\error-context.md
]]>
</failure>
<system-out>
<![CDATA[
[[ATTACHMENT|navigation-Navigation-and--f9d01-icated-users-from-auth-page-chromium\test-failed-1.png]]

[[ATTACHMENT|navigation-Navigation-and--f9d01-icated-users-from-auth-page-chromium\video.webm]]

[[ATTACHMENT|navigation-Navigation-and--f9d01-icated-users-from-auth-page-chromium\error-context.md]]
]]>
</system-out>
</testcase>
<testcase name="Navigation and Layout › should show authenticated navigation after login" classname="navigation.spec.ts" time="6.127">
<failure message="navigation.spec.ts:63:7 should show authenticated navigation after login" type="FAILURE">
<![CDATA[  [chromium] › navigation.spec.ts:63:7 › Navigation and Layout › should show authenticated navigation after login 

    Error: Timed out 5000ms waiting for expect(locator).toBeVisible()

    Locator: getByRole('link', { name: 'Dashboard' })
    Expected: visible
    Received: <element(s) not found>
    Call log:
      - Expect "toBeVisible" with timeout 5000ms
      - waiting for getByRole('link', { name: 'Dashboard' })


      69 |     
      70 |     // Should show authenticated navigation
    > 71 |     await expect(page.getByRole('link', { name: 'Dashboard' })).toBeVisible();
         |                                                                 ^
      72 |     await expect(page.getByRole('link', { name: 'Calculator' })).toBeVisible();
      73 |     await expect(page.getByRole('link', { name: 'Settings' })).toBeVisible();
      74 |     await expect(page.getByRole('button', { name: 'Sign Out' })).toBeVisible();
        at C:\DevProjects\AmCalc\tests\e2e\navigation.spec.ts:71:65

    attachment #1: screenshot (image/png) ──────────────────────────────────────────────────────────
    ..\..\test-results\navigation-Navigation-and--64d5e-ated-navigation-after-login-chromium\test-failed-1.png
    ────────────────────────────────────────────────────────────────────────────────────────────────

    attachment #2: video (video/webm) ──────────────────────────────────────────────────────────────
    ..\..\test-results\navigation-Navigation-and--64d5e-ated-navigation-after-login-chromium\video.webm
    ────────────────────────────────────────────────────────────────────────────────────────────────

    Error Context: ..\..\test-results\navigation-Navigation-and--64d5e-ated-navigation-after-login-chromium\error-context.md
]]>
</failure>
<system-out>
<![CDATA[
[[ATTACHMENT|navigation-Navigation-and--64d5e-ated-navigation-after-login-chromium\test-failed-1.png]]

[[ATTACHMENT|navigation-Navigation-and--64d5e-ated-navigation-after-login-chromium\video.webm]]

[[ATTACHMENT|navigation-Navigation-and--64d5e-ated-navigation-after-login-chromium\error-context.md]]
]]>
</system-out>
</testcase>
<testcase name="Navigation and Layout › should logout successfully" classname="navigation.spec.ts" time="6.483">
<failure message="navigation.spec.ts:77:7 should logout successfully" type="FAILURE">
<![CDATA[  [chromium] › navigation.spec.ts:77:7 › Navigation and Layout › should logout successfully ────────

    Error: Timed out 5000ms waiting for expect(page).toHaveURL(expected)

    Expected string: "http://localhost:3000/dashboard"
    Received string: "http://localhost:3000/auth"
    Call log:
      - Expect "toHaveURL" with timeout 5000ms
        9 × unexpected value "http://localhost:3000/auth"


      83 |     
      84 |     // Should be on dashboard
    > 85 |     await expect(page).toHaveURL('/dashboard');
         |                        ^
      86 |     
      87 |     // Logout
      88 |     await page.getByRole('button', { name: 'Sign Out' }).click();
        at C:\DevProjects\AmCalc\tests\e2e\navigation.spec.ts:85:24

    attachment #1: screenshot (image/png) ──────────────────────────────────────────────────────────
    ..\..\test-results\navigation-Navigation-and-Layout-should-logout-successfully-chromium\test-failed-1.png
    ────────────────────────────────────────────────────────────────────────────────────────────────

    attachment #2: video (video/webm) ──────────────────────────────────────────────────────────────
    ..\..\test-results\navigation-Navigation-and-Layout-should-logout-successfully-chromium\video.webm
    ────────────────────────────────────────────────────────────────────────────────────────────────

    Error Context: ..\..\test-results\navigation-Navigation-and-Layout-should-logout-successfully-chromium\error-context.md
]]>
</failure>
<system-out>
<![CDATA[
[[ATTACHMENT|navigation-Navigation-and-Layout-should-logout-successfully-chromium\test-failed-1.png]]

[[ATTACHMENT|navigation-Navigation-and-Layout-should-logout-successfully-chromium\video.webm]]

[[ATTACHMENT|navigation-Navigation-and-Layout-should-logout-successfully-chromium\error-context.md]]
]]>
</system-out>
</testcase>
<testcase name="Navigation and Layout › should protect dashboard route" classname="navigation.spec.ts" time="6.062">
<failure message="navigation.spec.ts:98:7 should protect dashboard route" type="FAILURE">
<![CDATA[  [chromium] › navigation.spec.ts:98:7 › Navigation and Layout › should protect dashboard route ────

    Error: Timed out 5000ms waiting for expect(page).toHaveURL(expected)

    Expected string: "http://localhost:3000/auth"
    Received string: "http://localhost:3000/auth/login"
    Call log:
      - Expect "toHaveURL" with timeout 5000ms
        3 × unexpected value "http://localhost:3000/dashboard"
        - waiting for" http://localhost:3000/auth/login" navigation to finish...
        - navigated to "http://localhost:3000/auth/login"
        5 × unexpected value "http://localhost:3000/auth/login"


      101 |     
      102 |     // Should redirect to auth page
    > 103 |     await expect(page).toHaveURL('/auth');
          |                        ^
      104 |   });
      105 |
      106 |   test('should protect settings route', async ({ page }) => {
        at C:\DevProjects\AmCalc\tests\e2e\navigation.spec.ts:103:24

    attachment #1: screenshot (image/png) ──────────────────────────────────────────────────────────
    ..\..\test-results\navigation-Navigation-and--53fd4-uld-protect-dashboard-route-chromium\test-failed-1.png
    ────────────────────────────────────────────────────────────────────────────────────────────────

    attachment #2: video (video/webm) ──────────────────────────────────────────────────────────────
    ..\..\test-results\navigation-Navigation-and--53fd4-uld-protect-dashboard-route-chromium\video.webm
    ────────────────────────────────────────────────────────────────────────────────────────────────

    Error Context: ..\..\test-results\navigation-Navigation-and--53fd4-uld-protect-dashboard-route-chromium\error-context.md
]]>
</failure>
<system-out>
<![CDATA[
[[ATTACHMENT|navigation-Navigation-and--53fd4-uld-protect-dashboard-route-chromium\test-failed-1.png]]

[[ATTACHMENT|navigation-Navigation-and--53fd4-uld-protect-dashboard-route-chromium\video.webm]]

[[ATTACHMENT|navigation-Navigation-and--53fd4-uld-protect-dashboard-route-chromium\error-context.md]]
]]>
</system-out>
</testcase>
<testcase name="Navigation and Layout › should protect settings route" classname="navigation.spec.ts" time="6.484">
<failure message="navigation.spec.ts:106:7 should protect settings route" type="FAILURE">
<![CDATA[  [chromium] › navigation.spec.ts:106:7 › Navigation and Layout › should protect settings route ────

    Error: Timed out 5000ms waiting for expect(page).toHaveURL(expected)

    Expected string: "http://localhost:3000/auth"
    Received string: "http://localhost:3000/auth/login"
    Call log:
      - Expect "toHaveURL" with timeout 5000ms
        3 × unexpected value "http://localhost:3000/settings"
        6 × unexpected value "http://localhost:3000/auth/login"


      109 |     
      110 |     // Should redirect to auth page
    > 111 |     await expect(page).toHaveURL('/auth');
          |                        ^
      112 |   });
      113 |
      114 |   test('should allow access to calculator without authentication', async ({ page }) => {
        at C:\DevProjects\AmCalc\tests\e2e\navigation.spec.ts:111:24

    attachment #1: screenshot (image/png) ──────────────────────────────────────────────────────────
    ..\..\test-results\navigation-Navigation-and--fe962-ould-protect-settings-route-chromium\test-failed-1.png
    ────────────────────────────────────────────────────────────────────────────────────────────────

    attachment #2: video (video/webm) ──────────────────────────────────────────────────────────────
    ..\..\test-results\navigation-Navigation-and--fe962-ould-protect-settings-route-chromium\video.webm
    ────────────────────────────────────────────────────────────────────────────────────────────────

    Error Context: ..\..\test-results\navigation-Navigation-and--fe962-ould-protect-settings-route-chromium\error-context.md
]]>
</failure>
<system-out>
<![CDATA[
[[ATTACHMENT|navigation-Navigation-and--fe962-ould-protect-settings-route-chromium\test-failed-1.png]]

[[ATTACHMENT|navigation-Navigation-and--fe962-ould-protect-settings-route-chromium\video.webm]]

[[ATTACHMENT|navigation-Navigation-and--fe962-ould-protect-settings-route-chromium\error-context.md]]
]]>
</system-out>
</testcase>
<testcase name="Navigation and Layout › should allow access to calculator without authentication" classname="navigation.spec.ts" time="1.01">
</testcase>
<testcase name="Navigation and Layout › should show footer on all pages" classname="navigation.spec.ts" time="5.791">
<failure message="navigation.spec.ts:121:7 should show footer on all pages" type="FAILURE">
<![CDATA[  [chromium] › navigation.spec.ts:121:7 › Navigation and Layout › should show footer on all pages ──

    Error: Timed out 5000ms waiting for expect(locator).toBeVisible()

    Locator: getByText('© 2024 AmCalc. All rights reserved.')
    Expected: visible
    Received: <element(s) not found>
    Call log:
      - Expect "toBeVisible" with timeout 5000ms
      - waiting for getByText('© 2024 AmCalc. All rights reserved.')


      121 |   test('should show footer on all pages', async ({ page }) => {
      122 |     // Check landing page
    > 123 |     await expect(page.getByText('© 2024 AmCalc. All rights reserved.')).toBeVisible();
          |                                                                         ^
      124 |     
      125 |     // Check calculator page
      126 |     await page.goto('/calculator');
        at C:\DevProjects\AmCalc\tests\e2e\navigation.spec.ts:123:73

    attachment #1: screenshot (image/png) ──────────────────────────────────────────────────────────
    ..\..\test-results\navigation-Navigation-and--eb6b7-ld-show-footer-on-all-pages-chromium\test-failed-1.png
    ────────────────────────────────────────────────────────────────────────────────────────────────

    attachment #2: video (video/webm) ──────────────────────────────────────────────────────────────
    ..\..\test-results\navigation-Navigation-and--eb6b7-ld-show-footer-on-all-pages-chromium\video.webm
    ────────────────────────────────────────────────────────────────────────────────────────────────

    Error Context: ..\..\test-results\navigation-Navigation-and--eb6b7-ld-show-footer-on-all-pages-chromium\error-context.md
]]>
</failure>
<system-out>
<![CDATA[
[[ATTACHMENT|navigation-Navigation-and--eb6b7-ld-show-footer-on-all-pages-chromium\test-failed-1.png]]

[[ATTACHMENT|navigation-Navigation-and--eb6b7-ld-show-footer-on-all-pages-chromium\video.webm]]

[[ATTACHMENT|navigation-Navigation-and--eb6b7-ld-show-footer-on-all-pages-chromium\error-context.md]]
]]>
</system-out>
</testcase>
<testcase name="Navigation and Layout › should handle 404 pages gracefully" classname="navigation.spec.ts" time="5.899">
<failure message="navigation.spec.ts:134:7 should handle 404 pages gracefully" type="FAILURE">
<![CDATA[  [chromium] › navigation.spec.ts:134:7 › Navigation and Layout › should handle 404 pages gracefully 

    Error: Timed out 5000ms waiting for expect(locator).toBeVisible()

    Locator: getByRole('heading', { name: 'Page Not Found' })
    Expected: visible
    Received: <element(s) not found>
    Call log:
      - Expect "toBeVisible" with timeout 5000ms
      - waiting for getByRole('heading', { name: 'Page Not Found' })


      136 |     
      137 |     // Should show 404 page
    > 138 |     await expect(page.getByRole('heading', { name: 'Page Not Found' })).toBeVisible();
          |                                                                         ^
      139 |     await expect(page.getByRole('link', { name: 'Go Home' })).toBeVisible();
      140 |   });
      141 |
        at C:\DevProjects\AmCalc\tests\e2e\navigation.spec.ts:138:73

    attachment #1: screenshot (image/png) ──────────────────────────────────────────────────────────
    ..\..\test-results\navigation-Navigation-and--b3417-handle-404-pages-gracefully-chromium\test-failed-1.png
    ────────────────────────────────────────────────────────────────────────────────────────────────

    attachment #2: video (video/webm) ──────────────────────────────────────────────────────────────
    ..\..\test-results\navigation-Navigation-and--b3417-handle-404-pages-gracefully-chromium\video.webm
    ────────────────────────────────────────────────────────────────────────────────────────────────

    Error Context: ..\..\test-results\navigation-Navigation-and--b3417-handle-404-pages-gracefully-chromium\error-context.md
]]>
</failure>
<system-out>
<![CDATA[
[[ATTACHMENT|navigation-Navigation-and--b3417-handle-404-pages-gracefully-chromium\test-failed-1.png]]

[[ATTACHMENT|navigation-Navigation-and--b3417-handle-404-pages-gracefully-chromium\video.webm]]

[[ATTACHMENT|navigation-Navigation-and--b3417-handle-404-pages-gracefully-chromium\error-context.md]]
]]>
</system-out>
</testcase>
<testcase name="Navigation and Layout › should navigate back to home from 404" classname="navigation.spec.ts" time="30.099">
<failure message="navigation.spec.ts:142:7 should navigate back to home from 404" type="FAILURE">
<![CDATA[  [chromium] › navigation.spec.ts:142:7 › Navigation and Layout › should navigate back to home from 404 

    Test timeout of 30000ms exceeded.

    Error: locator.click: Test timeout of 30000ms exceeded.
    Call log:
      - waiting for getByRole('link', { name: 'Go Home' })


      142 |   test('should navigate back to home from 404', async ({ page }) => {
      143 |     await page.goto('/nonexistent-page');
    > 144 |     await page.getByRole('link', { name: 'Go Home' }).click();
          |                                                       ^
      145 |     await expect(page).toHaveURL('/');
      146 |   });
      147 | }); 
        at C:\DevProjects\AmCalc\tests\e2e\navigation.spec.ts:144:55

    attachment #1: screenshot (image/png) ──────────────────────────────────────────────────────────
    ..\..\test-results\navigation-Navigation-and--5e236-igate-back-to-home-from-404-chromium\test-failed-1.png
    ────────────────────────────────────────────────────────────────────────────────────────────────

    attachment #2: video (video/webm) ──────────────────────────────────────────────────────────────
    ..\..\test-results\navigation-Navigation-and--5e236-igate-back-to-home-from-404-chromium\video.webm
    ────────────────────────────────────────────────────────────────────────────────────────────────

    Error Context: ..\..\test-results\navigation-Navigation-and--5e236-igate-back-to-home-from-404-chromium\error-context.md
]]>
</failure>
<system-out>
<![CDATA[
[[ATTACHMENT|navigation-Navigation-and--5e236-igate-back-to-home-from-404-chromium\test-failed-1.png]]

[[ATTACHMENT|navigation-Navigation-and--5e236-igate-back-to-home-from-404-chromium\video.webm]]

[[ATTACHMENT|navigation-Navigation-and--5e236-igate-back-to-home-from-404-chromium\error-context.md]]
]]>
</system-out>
</testcase>
</testsuite>
<testsuite name="auth.spec.ts" timestamp="2025-07-16T23:46:31.629Z" hostname="firefox" tests="11" failures="10" skipped="0" time="258.093" errors="0">
<testcase name="Authentication Flow › should display login form by default" classname="auth.spec.ts" time="6.424">
<failure message="auth.spec.ts:8:7 should display login form by default" type="FAILURE">
<![CDATA[  [firefox] › auth.spec.ts:8:7 › Authentication Flow › should display login form by default ────────

    Error: Timed out 5000ms waiting for expect(locator).toBeVisible()

    Locator: getByRole('heading', { name: 'Sign In' })
    Expected: visible
    Received: <element(s) not found>
    Call log:
      - Expect "toBeVisible" with timeout 5000ms
      - waiting for getByRole('heading', { name: 'Sign In' })


       7 |
       8 |   test('should display login form by default', async ({ page }) => {
    >  9 |     await expect(page.getByRole('heading', { name: 'Sign In' })).toBeVisible();
         |                                                                  ^
      10 |     await expect(page.getByLabel('Email Address')).toBeVisible();
      11 |     await expect(page.getByLabel('Password')).toBeVisible();
      12 |     await expect(page.getByRole('button', { name: 'Sign In' })).toBeVisible();
        at C:\DevProjects\AmCalc\tests\e2e\auth.spec.ts:9:66

    attachment #1: screenshot (image/png) ──────────────────────────────────────────────────────────
    ..\..\test-results\auth-Authentication-Flow-s-c528a-splay-login-form-by-default-firefox\test-failed-1.png
    ────────────────────────────────────────────────────────────────────────────────────────────────

    attachment #2: video (video/webm) ──────────────────────────────────────────────────────────────
    ..\..\test-results\auth-Authentication-Flow-s-c528a-splay-login-form-by-default-firefox\video.webm
    ────────────────────────────────────────────────────────────────────────────────────────────────

    Error Context: ..\..\test-results\auth-Authentication-Flow-s-c528a-splay-login-form-by-default-firefox\error-context.md
]]>
</failure>
<system-out>
<![CDATA[
[[ATTACHMENT|auth-Authentication-Flow-s-c528a-splay-login-form-by-default-firefox\test-failed-1.png]]

[[ATTACHMENT|auth-Authentication-Flow-s-c528a-splay-login-form-by-default-firefox\video.webm]]

[[ATTACHMENT|auth-Authentication-Flow-s-c528a-splay-login-form-by-default-firefox\error-context.md]]
]]>
</system-out>
</testcase>
<testcase name="Authentication Flow › should switch to registration form" classname="auth.spec.ts" time="30.133">
<failure message="auth.spec.ts:15:7 should switch to registration form" type="FAILURE">
<![CDATA[  [firefox] › auth.spec.ts:15:7 › Authentication Flow › should switch to registration form ─────────

    Test timeout of 30000ms exceeded.

    Error: locator.click: Test timeout of 30000ms exceeded.
    Call log:
      - waiting for getByRole('link', { name: 'Create account' })


      14 |
      15 |   test('should switch to registration form', async ({ page }) => {
    > 16 |     await page.getByRole('link', { name: 'Create account' }).click();
         |                                                              ^
      17 |     await expect(page.getByRole('heading', { name: 'Create Account' })).toBeVisible();
      18 |     await expect(page.getByLabel('Email Address')).toBeVisible();
      19 |     await expect(page.getByLabel('Password')).toBeVisible();
        at C:\DevProjects\AmCalc\tests\e2e\auth.spec.ts:16:62

    attachment #1: screenshot (image/png) ──────────────────────────────────────────────────────────
    ..\..\test-results\auth-Authentication-Flow-should-switch-to-registration-form-firefox\test-failed-1.png
    ────────────────────────────────────────────────────────────────────────────────────────────────

    attachment #2: video (video/webm) ──────────────────────────────────────────────────────────────
    ..\..\test-results\auth-Authentication-Flow-should-switch-to-registration-form-firefox\video.webm
    ────────────────────────────────────────────────────────────────────────────────────────────────

    Error Context: ..\..\test-results\auth-Authentication-Flow-should-switch-to-registration-form-firefox\error-context.md
]]>
</failure>
<system-out>
<![CDATA[
[[ATTACHMENT|auth-Authentication-Flow-should-switch-to-registration-form-firefox\test-failed-1.png]]

[[ATTACHMENT|auth-Authentication-Flow-should-switch-to-registration-form-firefox\video.webm]]

[[ATTACHMENT|auth-Authentication-Flow-should-switch-to-registration-form-firefox\error-context.md]]
]]>
</system-out>
</testcase>
<testcase name="Authentication Flow › should switch to password reset form" classname="auth.spec.ts" time="30.124">
<failure message="auth.spec.ts:24:7 should switch to password reset form" type="FAILURE">
<![CDATA[  [firefox] › auth.spec.ts:24:7 › Authentication Flow › should switch to password reset form ───────

    Test timeout of 30000ms exceeded.

    Error: locator.click: Test timeout of 30000ms exceeded.
    Call log:
      - waiting for getByRole('link', { name: 'Forgot your password?' })


      23 |
      24 |   test('should switch to password reset form', async ({ page }) => {
    > 25 |     await page.getByRole('link', { name: 'Forgot your password?' }).click();
         |                                                                     ^
      26 |     await expect(page.getByRole('heading', { name: 'Reset Password' })).toBeVisible();
      27 |     await expect(page.getByLabel('Email Address')).toBeVisible();
      28 |     await expect(page.getByRole('button', { name: 'Send Reset Link' })).toBeVisible();
        at C:\DevProjects\AmCalc\tests\e2e\auth.spec.ts:25:69

    attachment #1: screenshot (image/png) ──────────────────────────────────────────────────────────
    ..\..\test-results\auth-Authentication-Flow-s-2bf01-itch-to-password-reset-form-firefox\test-failed-1.png
    ────────────────────────────────────────────────────────────────────────────────────────────────

    attachment #2: video (video/webm) ──────────────────────────────────────────────────────────────
    ..\..\test-results\auth-Authentication-Flow-s-2bf01-itch-to-password-reset-form-firefox\video.webm
    ────────────────────────────────────────────────────────────────────────────────────────────────

    Error Context: ..\..\test-results\auth-Authentication-Flow-s-2bf01-itch-to-password-reset-form-firefox\error-context.md
]]>
</failure>
<system-out>
<![CDATA[
[[ATTACHMENT|auth-Authentication-Flow-s-2bf01-itch-to-password-reset-form-firefox\test-failed-1.png]]

[[ATTACHMENT|auth-Authentication-Flow-s-2bf01-itch-to-password-reset-form-firefox\video.webm]]

[[ATTACHMENT|auth-Authentication-Flow-s-2bf01-itch-to-password-reset-form-firefox\error-context.md]]
]]>
</system-out>
</testcase>
<testcase name="Authentication Flow › should validate registration form" classname="auth.spec.ts" time="30.138">
<failure message="auth.spec.ts:31:7 should validate registration form" type="FAILURE">
<![CDATA[  [firefox] › auth.spec.ts:31:7 › Authentication Flow › should validate registration form ──────────

    Test timeout of 30000ms exceeded.

    Error: locator.click: Test timeout of 30000ms exceeded.
    Call log:
      - waiting for getByRole('link', { name: 'Create account' })


      30 |
      31 |   test('should validate registration form', async ({ page }) => {
    > 32 |     await page.getByRole('link', { name: 'Create account' }).click();
         |                                                              ^
      33 |     
      34 |     // Try to submit empty form
      35 |     await page.getByRole('button', { name: 'Create Account' }).click();
        at C:\DevProjects\AmCalc\tests\e2e\auth.spec.ts:32:62

    attachment #1: screenshot (image/png) ──────────────────────────────────────────────────────────
    ..\..\test-results\auth-Authentication-Flow-should-validate-registration-form-firefox\test-failed-1.png
    ────────────────────────────────────────────────────────────────────────────────────────────────

    attachment #2: video (video/webm) ──────────────────────────────────────────────────────────────
    ..\..\test-results\auth-Authentication-Flow-should-validate-registration-form-firefox\video.webm
    ────────────────────────────────────────────────────────────────────────────────────────────────

    Error Context: ..\..\test-results\auth-Authentication-Flow-should-validate-registration-form-firefox\error-context.md
]]>
</failure>
<system-out>
<![CDATA[
[[ATTACHMENT|auth-Authentication-Flow-should-validate-registration-form-firefox\test-failed-1.png]]

[[ATTACHMENT|auth-Authentication-Flow-should-validate-registration-form-firefox\video.webm]]

[[ATTACHMENT|auth-Authentication-Flow-should-validate-registration-form-firefox\error-context.md]]
]]>
</system-out>
</testcase>
<testcase name="Authentication Flow › should show password requirements" classname="auth.spec.ts" time="30.112">
<failure message="auth.spec.ts:43:7 should show password requirements" type="FAILURE">
<![CDATA[  [firefox] › auth.spec.ts:43:7 › Authentication Flow › should show password requirements ──────────

    Test timeout of 30000ms exceeded.

    Error: locator.click: Test timeout of 30000ms exceeded.
    Call log:
      - waiting for getByRole('link', { name: 'Create account' })


      42 |
      43 |   test('should show password requirements', async ({ page }) => {
    > 44 |     await page.getByRole('link', { name: 'Create account' }).click();
         |                                                              ^
      45 |     
      46 |     // Enter a weak password
      47 |     await page.getByLabel('Password').fill('weak');
        at C:\DevProjects\AmCalc\tests\e2e\auth.spec.ts:44:62

    attachment #1: screenshot (image/png) ──────────────────────────────────────────────────────────
    ..\..\test-results\auth-Authentication-Flow-should-show-password-requirements-firefox\test-failed-1.png
    ────────────────────────────────────────────────────────────────────────────────────────────────

    attachment #2: video (video/webm) ──────────────────────────────────────────────────────────────
    ..\..\test-results\auth-Authentication-Flow-should-show-password-requirements-firefox\video.webm
    ────────────────────────────────────────────────────────────────────────────────────────────────

    Error Context: ..\..\test-results\auth-Authentication-Flow-should-show-password-requirements-firefox\error-context.md
]]>
</failure>
<system-out>
<![CDATA[
[[ATTACHMENT|auth-Authentication-Flow-should-show-password-requirements-firefox\test-failed-1.png]]

[[ATTACHMENT|auth-Authentication-Flow-should-show-password-requirements-firefox\video.webm]]

[[ATTACHMENT|auth-Authentication-Flow-should-show-password-requirements-firefox\error-context.md]]
]]>
</system-out>
</testcase>
<testcase name="Authentication Flow › should validate password confirmation" classname="auth.spec.ts" time="30.12">
<failure message="auth.spec.ts:57:7 should validate password confirmation" type="FAILURE">
<![CDATA[  [firefox] › auth.spec.ts:57:7 › Authentication Flow › should validate password confirmation ──────

    Test timeout of 30000ms exceeded.

    Error: locator.click: Test timeout of 30000ms exceeded.
    Call log:
      - waiting for getByRole('link', { name: 'Create account' })


      56 |
      57 |   test('should validate password confirmation', async ({ page }) => {
    > 58 |     await page.getByRole('link', { name: 'Create account' }).click();
         |                                                              ^
      59 |     
      60 |     // Enter different passwords
      61 |     await page.getByLabel('Password').fill('StrongPass123!');
        at C:\DevProjects\AmCalc\tests\e2e\auth.spec.ts:58:62

    attachment #1: screenshot (image/png) ──────────────────────────────────────────────────────────
    ..\..\test-results\auth-Authentication-Flow-s-f9dde-idate-password-confirmation-firefox\test-failed-1.png
    ────────────────────────────────────────────────────────────────────────────────────────────────

    attachment #2: video (video/webm) ──────────────────────────────────────────────────────────────
    ..\..\test-results\auth-Authentication-Flow-s-f9dde-idate-password-confirmation-firefox\video.webm
    ────────────────────────────────────────────────────────────────────────────────────────────────

    Error Context: ..\..\test-results\auth-Authentication-Flow-s-f9dde-idate-password-confirmation-firefox\error-context.md
]]>
</failure>
<system-out>
<![CDATA[
[[ATTACHMENT|auth-Authentication-Flow-s-f9dde-idate-password-confirmation-firefox\test-failed-1.png]]

[[ATTACHMENT|auth-Authentication-Flow-s-f9dde-idate-password-confirmation-firefox\video.webm]]

[[ATTACHMENT|auth-Authentication-Flow-s-f9dde-idate-password-confirmation-firefox\error-context.md]]
]]>
</system-out>
</testcase>
<testcase name="Authentication Flow › should successfully register a new user" classname="auth.spec.ts" time="30.129">
<failure message="auth.spec.ts:71:7 should successfully register a new user" type="FAILURE">
<![CDATA[  [firefox] › auth.spec.ts:71:7 › Authentication Flow › should successfully register a new user ────

    Test timeout of 30000ms exceeded.

    Error: locator.click: Test timeout of 30000ms exceeded.
    Call log:
      - waiting for getByRole('link', { name: 'Create account' })


      70 |
      71 |   test('should successfully register a new user', async ({ page }) => {
    > 72 |     await page.getByRole('link', { name: 'Create account' }).click();
         |                                                              ^
      73 |     
      74 |     const testEmail = `test${Date.now()}@example.com`;
      75 |     
        at C:\DevProjects\AmCalc\tests\e2e\auth.spec.ts:72:62

    attachment #1: screenshot (image/png) ──────────────────────────────────────────────────────────
    ..\..\test-results\auth-Authentication-Flow-s-5cca8-ssfully-register-a-new-user-firefox\test-failed-1.png
    ────────────────────────────────────────────────────────────────────────────────────────────────

    attachment #2: video (video/webm) ──────────────────────────────────────────────────────────────
    ..\..\test-results\auth-Authentication-Flow-s-5cca8-ssfully-register-a-new-user-firefox\video.webm
    ────────────────────────────────────────────────────────────────────────────────────────────────

    Error Context: ..\..\test-results\auth-Authentication-Flow-s-5cca8-ssfully-register-a-new-user-firefox\error-context.md
]]>
</failure>
<system-out>
<![CDATA[
[[ATTACHMENT|auth-Authentication-Flow-s-5cca8-ssfully-register-a-new-user-firefox\test-failed-1.png]]

[[ATTACHMENT|auth-Authentication-Flow-s-5cca8-ssfully-register-a-new-user-firefox\video.webm]]

[[ATTACHMENT|auth-Authentication-Flow-s-5cca8-ssfully-register-a-new-user-firefox\error-context.md]]
]]>
</system-out>
</testcase>
<testcase name="Authentication Flow › should handle registration with existing email" classname="auth.spec.ts" time="30.174">
<failure message="auth.spec.ts:91:7 should handle registration with existing email" type="FAILURE">
<![CDATA[  [firefox] › auth.spec.ts:91:7 › Authentication Flow › should handle registration with existing email 

    Test timeout of 30000ms exceeded.

    Error: locator.click: Test timeout of 30000ms exceeded.
    Call log:
      - waiting for getByRole('link', { name: 'Create account' })


      90 |
      91 |   test('should handle registration with existing email', async ({ page }) => {
    > 92 |     await page.getByRole('link', { name: 'Create account' }).click();
         |                                                              ^
      93 |     
      94 |     // Try to register with existing email
      95 |     await page.getByLabel('Email Address').fill('test@example.com');
        at C:\DevProjects\AmCalc\tests\e2e\auth.spec.ts:92:62

    attachment #1: screenshot (image/png) ──────────────────────────────────────────────────────────
    ..\..\test-results\auth-Authentication-Flow-s-c46c3-tration-with-existing-email-firefox\test-failed-1.png
    ────────────────────────────────────────────────────────────────────────────────────────────────

    attachment #2: video (video/webm) ──────────────────────────────────────────────────────────────
    ..\..\test-results\auth-Authentication-Flow-s-c46c3-tration-with-existing-email-firefox\video.webm
    ────────────────────────────────────────────────────────────────────────────────────────────────

    Error Context: ..\..\test-results\auth-Authentication-Flow-s-c46c3-tration-with-existing-email-firefox\error-context.md
]]>
</failure>
<system-out>
<![CDATA[
[[ATTACHMENT|auth-Authentication-Flow-s-c46c3-tration-with-existing-email-firefox\test-failed-1.png]]

[[ATTACHMENT|auth-Authentication-Flow-s-c46c3-tration-with-existing-email-firefox\video.webm]]

[[ATTACHMENT|auth-Authentication-Flow-s-c46c3-tration-with-existing-email-firefox\error-context.md]]
]]>
</system-out>
</testcase>
<testcase name="Authentication Flow › should successfully login existing user" classname="auth.spec.ts" time="7.293">
<failure message="auth.spec.ts:105:7 should successfully login existing user" type="FAILURE">
<![CDATA[  [firefox] › auth.spec.ts:105:7 › Authentication Flow › should successfully login existing user ───

    Error: Timed out 5000ms waiting for expect(page).toHaveURL(expected)

    Expected string: "http://localhost:3000/dashboard"
    Received string: "http://localhost:3000/auth"
    Call log:
      - Expect "toHaveURL" with timeout 5000ms
        9 × unexpected value "http://localhost:3000/auth"


      112 |     
      113 |     // Should redirect to dashboard
    > 114 |     await expect(page).toHaveURL('/dashboard');
          |                        ^
      115 |     await expect(page.getByText('Welcome to your Dashboard')).toBeVisible();
      116 |   });
      117 |
        at C:\DevProjects\AmCalc\tests\e2e\auth.spec.ts:114:24

    attachment #1: screenshot (image/png) ──────────────────────────────────────────────────────────
    ..\..\test-results\auth-Authentication-Flow-s-666a9-ssfully-login-existing-user-firefox\test-failed-1.png
    ────────────────────────────────────────────────────────────────────────────────────────────────

    attachment #2: video (video/webm) ──────────────────────────────────────────────────────────────
    ..\..\test-results\auth-Authentication-Flow-s-666a9-ssfully-login-existing-user-firefox\video.webm
    ────────────────────────────────────────────────────────────────────────────────────────────────

    Error Context: ..\..\test-results\auth-Authentication-Flow-s-666a9-ssfully-login-existing-user-firefox\error-context.md
]]>
</failure>
<system-out>
<![CDATA[
[[ATTACHMENT|auth-Authentication-Flow-s-666a9-ssfully-login-existing-user-firefox\test-failed-1.png]]

[[ATTACHMENT|auth-Authentication-Flow-s-666a9-ssfully-login-existing-user-firefox\video.webm]]

[[ATTACHMENT|auth-Authentication-Flow-s-666a9-ssfully-login-existing-user-firefox\error-context.md]]
]]>
</system-out>
</testcase>
<testcase name="Authentication Flow › should handle invalid login credentials" classname="auth.spec.ts" time="3.329">
</testcase>
<testcase name="Authentication Flow › should clear errors when switching between forms" classname="auth.spec.ts" time="30.117">
<failure message="auth.spec.ts:130:7 should clear errors when switching between forms" type="FAILURE">
<![CDATA[  [firefox] › auth.spec.ts:130:7 › Authentication Flow › should clear errors when switching between forms 

    Test timeout of 30000ms exceeded.

    Error: locator.click: Test timeout of 30000ms exceeded.
    Call log:
      - waiting for getByRole('link', { name: 'Create account' })


      138 |     
      139 |     // Switch to registration
    > 140 |     await page.getByRole('link', { name: 'Create account' }).click();
          |                                                              ^
      141 |     
      142 |     // Error should be cleared
      143 |     await expect(page.getByText('Invalid email or password')).not.toBeVisible();
        at C:\DevProjects\AmCalc\tests\e2e\auth.spec.ts:140:62

    attachment #1: screenshot (image/png) ──────────────────────────────────────────────────────────
    ..\..\test-results\auth-Authentication-Flow-s-794e3-hen-switching-between-forms-firefox\test-failed-1.png
    ────────────────────────────────────────────────────────────────────────────────────────────────

    attachment #2: video (video/webm) ──────────────────────────────────────────────────────────────
    ..\..\test-results\auth-Authentication-Flow-s-794e3-hen-switching-between-forms-firefox\video.webm
    ────────────────────────────────────────────────────────────────────────────────────────────────

    Error Context: ..\..\test-results\auth-Authentication-Flow-s-794e3-hen-switching-between-forms-firefox\error-context.md
]]>
</failure>
<system-out>
<![CDATA[
[[ATTACHMENT|auth-Authentication-Flow-s-794e3-hen-switching-between-forms-firefox\test-failed-1.png]]

[[ATTACHMENT|auth-Authentication-Flow-s-794e3-hen-switching-between-forms-firefox\video.webm]]

[[ATTACHMENT|auth-Authentication-Flow-s-794e3-hen-switching-between-forms-firefox\error-context.md]]
]]>
</system-out>
</testcase>
</testsuite>
<testsuite name="calculator.spec.ts" timestamp="2025-07-16T23:46:31.629Z" hostname="firefox" tests="13" failures="12" skipped="0" time="272.909" errors="0">
<testcase name="Calculator Functionality › should display calculator form" classname="calculator.spec.ts" time="7.586">
<failure message="calculator.spec.ts:8:7 should display calculator form" type="FAILURE">
<![CDATA[  [firefox] › calculator.spec.ts:8:7 › Calculator Functionality › should display calculator form ───

    Error: Timed out 5000ms waiting for expect(locator).toBeVisible()

    Locator: getByLabel('Interest Rate (%)')
    Expected: visible
    Received: <element(s) not found>
    Call log:
      - Expect "toBeVisible" with timeout 5000ms
      - waiting for getByLabel('Interest Rate (%)')


       9 |     await expect(page.getByRole('heading', { name: 'Amortization Calculator' })).toBeVisible();
      10 |     await expect(page.getByLabel('Loan Amount')).toBeVisible();
    > 11 |     await expect(page.getByLabel('Interest Rate (%)')).toBeVisible();
         |                                                        ^
      12 |     await expect(page.getByLabel('Loan Term (Years)')).toBeVisible();
      13 |     await expect(page.getByRole('button', { name: 'Calculate' })).toBeVisible();
      14 |   });
        at C:\DevProjects\AmCalc\tests\e2e\calculator.spec.ts:11:56

    attachment #1: screenshot (image/png) ──────────────────────────────────────────────────────────
    ..\..\test-results\calculator-Calculator-Func-eb4b2-uld-display-calculator-form-firefox\test-failed-1.png
    ────────────────────────────────────────────────────────────────────────────────────────────────

    attachment #2: video (video/webm) ──────────────────────────────────────────────────────────────
    ..\..\test-results\calculator-Calculator-Func-eb4b2-uld-display-calculator-form-firefox\video.webm
    ────────────────────────────────────────────────────────────────────────────────────────────────

    Error Context: ..\..\test-results\calculator-Calculator-Func-eb4b2-uld-display-calculator-form-firefox\error-context.md
]]>
</failure>
<system-out>
<![CDATA[
[[ATTACHMENT|calculator-Calculator-Func-eb4b2-uld-display-calculator-form-firefox\test-failed-1.png]]

[[ATTACHMENT|calculator-Calculator-Func-eb4b2-uld-display-calculator-form-firefox\video.webm]]

[[ATTACHMENT|calculator-Calculator-Func-eb4b2-uld-display-calculator-form-firefox\error-context.md]]
]]>
</system-out>
</testcase>
<testcase name="Calculator Functionality › should format loan amount with commas" classname="calculator.spec.ts" time="6.525">
<failure message="calculator.spec.ts:16:7 should format loan amount with commas" type="FAILURE">
<![CDATA[  [firefox] › calculator.spec.ts:16:7 › Calculator Functionality › should format loan amount with commas 

    Error: Timed out 5000ms waiting for expect(locator).toHaveValue(expected)

    Locator: getByLabel('Loan Amount')
    Expected string: "250,000"
    Received string: "200,000,250,000"
    Call log:
      - Expect "toHaveValue" with timeout 5000ms
      - waiting for getByLabel('Loan Amount')
        9 × locator resolved to <input min="1000" type="text" id="principal" max="10000000" autocomplete="off" inputmode="numeric" placeholder="200000" value="200,000,250,000" class="w-full px-4 py-3 border rounded-lg focus:ring-2 focus:ring-blue-500 focus:border-blue-500 transition-colors border-red-500"/>
          - unexpected value "200,000,250,000"


      22 |     // Should format with commas on blur
      23 |     await loanAmountInput.blur();
    > 24 |     await expect(loanAmountInput).toHaveValue('250,000');
         |                                   ^
      25 |   });
      26 |
      27 |   test('should validate form inputs', async ({ page }) => {
        at C:\DevProjects\AmCalc\tests\e2e\calculator.spec.ts:24:35

    attachment #1: screenshot (image/png) ──────────────────────────────────────────────────────────
    ..\..\test-results\calculator-Calculator-Func-6bb5b-mat-loan-amount-with-commas-firefox\test-failed-1.png
    ────────────────────────────────────────────────────────────────────────────────────────────────

    attachment #2: video (video/webm) ──────────────────────────────────────────────────────────────
    ..\..\test-results\calculator-Calculator-Func-6bb5b-mat-loan-amount-with-commas-firefox\video.webm
    ────────────────────────────────────────────────────────────────────────────────────────────────

    Error Context: ..\..\test-results\calculator-Calculator-Func-6bb5b-mat-loan-amount-with-commas-firefox\error-context.md
]]>
</failure>
<system-out>
<![CDATA[
[[ATTACHMENT|calculator-Calculator-Func-6bb5b-mat-loan-amount-with-commas-firefox\test-failed-1.png]]

[[ATTACHMENT|calculator-Calculator-Func-6bb5b-mat-loan-amount-with-commas-firefox\video.webm]]

[[ATTACHMENT|calculator-Calculator-Func-6bb5b-mat-loan-amount-with-commas-firefox\error-context.md]]
]]>
</system-out>
</testcase>
<testcase name="Calculator Functionality › should validate form inputs" classname="calculator.spec.ts" time="6.966">
<failure message="calculator.spec.ts:27:7 should validate form inputs" type="FAILURE">
<![CDATA[  [firefox] › calculator.spec.ts:27:7 › Calculator Functionality › should validate form inputs ─────

    Error: Timed out 5000ms waiting for expect(locator).toBeVisible()

    Locator: getByText('Loan amount is required')
    Expected: visible
    Received: <element(s) not found>
    Call log:
      - Expect "toBeVisible" with timeout 5000ms
      - waiting for getByText('Loan amount is required')


      30 |     
      31 |     // Should show validation errors
    > 32 |     await expect(page.getByText('Loan amount is required')).toBeVisible();
         |                                                             ^
      33 |     await expect(page.getByText('Interest rate is required')).toBeVisible();
      34 |     await expect(page.getByText('Loan term is required')).toBeVisible();
      35 |   });
        at C:\DevProjects\AmCalc\tests\e2e\calculator.spec.ts:32:61

    attachment #1: screenshot (image/png) ──────────────────────────────────────────────────────────
    ..\..\test-results\calculator-Calculator-Func-9ff1d-should-validate-form-inputs-firefox\test-failed-1.png
    ────────────────────────────────────────────────────────────────────────────────────────────────

    attachment #2: video (video/webm) ──────────────────────────────────────────────────────────────
    ..\..\test-results\calculator-Calculator-Func-9ff1d-should-validate-form-inputs-firefox\video.webm
    ────────────────────────────────────────────────────────────────────────────────────────────────

    Error Context: ..\..\test-results\calculator-Calculator-Func-9ff1d-should-validate-form-inputs-firefox\error-context.md
]]>
</failure>
<system-out>
<![CDATA[
[[ATTACHMENT|calculator-Calculator-Func-9ff1d-should-validate-form-inputs-firefox\test-failed-1.png]]

[[ATTACHMENT|calculator-Calculator-Func-9ff1d-should-validate-form-inputs-firefox\video.webm]]

[[ATTACHMENT|calculator-Calculator-Func-9ff1d-should-validate-form-inputs-firefox\error-context.md]]
]]>
</system-out>
</testcase>
<testcase name="Calculator Functionality › should validate loan amount minimum" classname="calculator.spec.ts" time="30.145">
<failure message="calculator.spec.ts:37:7 should validate loan amount minimum" type="FAILURE">
<![CDATA[  [firefox] › calculator.spec.ts:37:7 › Calculator Functionality › should validate loan amount minimum 

    Test timeout of 30000ms exceeded.

    Error: locator.fill: Test timeout of 30000ms exceeded.
    Call log:
      - waiting for getByLabel('Interest Rate (%)')


      37 |   test('should validate loan amount minimum', async ({ page }) => {
      38 |     await page.getByLabel('Loan Amount').fill('500');
    > 39 |     await page.getByLabel('Interest Rate (%)').fill('3.5');
         |                                                ^
      40 |     await page.getByLabel('Loan Term (Years)').fill('30');
      41 |     
      42 |     await page.getByRole('button', { name: 'Calculate' }).click();
        at C:\DevProjects\AmCalc\tests\e2e\calculator.spec.ts:39:48

    attachment #1: screenshot (image/png) ──────────────────────────────────────────────────────────
    ..\..\test-results\calculator-Calculator-Func-d2fed-alidate-loan-amount-minimum-firefox\test-failed-1.png
    ────────────────────────────────────────────────────────────────────────────────────────────────

    attachment #2: video (video/webm) ──────────────────────────────────────────────────────────────
    ..\..\test-results\calculator-Calculator-Func-d2fed-alidate-loan-amount-minimum-firefox\video.webm
    ────────────────────────────────────────────────────────────────────────────────────────────────

    Error Context: ..\..\test-results\calculator-Calculator-Func-d2fed-alidate-loan-amount-minimum-firefox\error-context.md
]]>
</failure>
<system-out>
<![CDATA[
[[ATTACHMENT|calculator-Calculator-Func-d2fed-alidate-loan-amount-minimum-firefox\test-failed-1.png]]

[[ATTACHMENT|calculator-Calculator-Func-d2fed-alidate-loan-amount-minimum-firefox\video.webm]]

[[ATTACHMENT|calculator-Calculator-Func-d2fed-alidate-loan-amount-minimum-firefox\error-context.md]]
]]>
</system-out>
</testcase>
<testcase name="Calculator Functionality › should validate interest rate range" classname="calculator.spec.ts" time="30.144">
<failure message="calculator.spec.ts:47:7 should validate interest rate range" type="FAILURE">
<![CDATA[  [firefox] › calculator.spec.ts:47:7 › Calculator Functionality › should validate interest rate range 

    Test timeout of 30000ms exceeded.

    Error: locator.fill: Test timeout of 30000ms exceeded.
    Call log:
      - waiting for getByLabel('Interest Rate (%)')


      47 |   test('should validate interest rate range', async ({ page }) => {
      48 |     await page.getByLabel('Loan Amount').fill('200000');
    > 49 |     await page.getByLabel('Interest Rate (%)').fill('30');
         |                                                ^
      50 |     await page.getByLabel('Loan Term (Years)').fill('30');
      51 |     
      52 |     await page.getByRole('button', { name: 'Calculate' }).click();
        at C:\DevProjects\AmCalc\tests\e2e\calculator.spec.ts:49:48

    attachment #1: screenshot (image/png) ──────────────────────────────────────────────────────────
    ..\..\test-results\calculator-Calculator-Func-6af33-alidate-interest-rate-range-firefox\test-failed-1.png
    ────────────────────────────────────────────────────────────────────────────────────────────────

    attachment #2: video (video/webm) ──────────────────────────────────────────────────────────────
    ..\..\test-results\calculator-Calculator-Func-6af33-alidate-interest-rate-range-firefox\video.webm
    ────────────────────────────────────────────────────────────────────────────────────────────────

    Error Context: ..\..\test-results\calculator-Calculator-Func-6af33-alidate-interest-rate-range-firefox\error-context.md
]]>
</failure>
<system-out>
<![CDATA[
[[ATTACHMENT|calculator-Calculator-Func-6af33-alidate-interest-rate-range-firefox\test-failed-1.png]]

[[ATTACHMENT|calculator-Calculator-Func-6af33-alidate-interest-rate-range-firefox\video.webm]]

[[ATTACHMENT|calculator-Calculator-Func-6af33-alidate-interest-rate-range-firefox\error-context.md]]
]]>
</system-out>
</testcase>
<testcase name="Calculator Functionality › should validate loan term range" classname="calculator.spec.ts" time="30.137">
<failure message="calculator.spec.ts:57:7 should validate loan term range" type="FAILURE">
<![CDATA[  [firefox] › calculator.spec.ts:57:7 › Calculator Functionality › should validate loan term range ─

    Test timeout of 30000ms exceeded.

    Error: locator.fill: Test timeout of 30000ms exceeded.
    Call log:
      - waiting for getByLabel('Interest Rate (%)')


      57 |   test('should validate loan term range', async ({ page }) => {
      58 |     await page.getByLabel('Loan Amount').fill('200000');
    > 59 |     await page.getByLabel('Interest Rate (%)').fill('3.5');
         |                                                ^
      60 |     await page.getByLabel('Loan Term (Years)').fill('60');
      61 |     
      62 |     await page.getByRole('button', { name: 'Calculate' }).click();
        at C:\DevProjects\AmCalc\tests\e2e\calculator.spec.ts:59:48

    attachment #1: screenshot (image/png) ──────────────────────────────────────────────────────────
    ..\..\test-results\calculator-Calculator-Func-3d007-ld-validate-loan-term-range-firefox\test-failed-1.png
    ────────────────────────────────────────────────────────────────────────────────────────────────

    attachment #2: video (video/webm) ──────────────────────────────────────────────────────────────
    ..\..\test-results\calculator-Calculator-Func-3d007-ld-validate-loan-term-range-firefox\video.webm
    ────────────────────────────────────────────────────────────────────────────────────────────────

    Error Context: ..\..\test-results\calculator-Calculator-Func-3d007-ld-validate-loan-term-range-firefox\error-context.md
]]>
</failure>
<system-out>
<![CDATA[
[[ATTACHMENT|calculator-Calculator-Func-3d007-ld-validate-loan-term-range-firefox\test-failed-1.png]]

[[ATTACHMENT|calculator-Calculator-Func-3d007-ld-validate-loan-term-range-firefox\video.webm]]

[[ATTACHMENT|calculator-Calculator-Func-3d007-ld-validate-loan-term-range-firefox\error-context.md]]
]]>
</system-out>
</testcase>
<testcase name="Calculator Functionality › should perform successful calculation" classname="calculator.spec.ts" time="30.168">
<failure message="calculator.spec.ts:67:7 should perform successful calculation" type="FAILURE">
<![CDATA[  [firefox] › calculator.spec.ts:67:7 › Calculator Functionality › should perform successful calculation 

    Test timeout of 30000ms exceeded.

    Error: locator.fill: Test timeout of 30000ms exceeded.
    Call log:
      - waiting for getByLabel('Interest Rate (%)')


      68 |     // Fill out form with valid data
      69 |     await page.getByLabel('Loan Amount').fill('200000');
    > 70 |     await page.getByLabel('Interest Rate (%)').fill('3.5');
         |                                                ^
      71 |     await page.getByLabel('Loan Term (Years)').fill('30');
      72 |     
      73 |     // Submit form
        at C:\DevProjects\AmCalc\tests\e2e\calculator.spec.ts:70:48

    attachment #1: screenshot (image/png) ──────────────────────────────────────────────────────────
    ..\..\test-results\calculator-Calculator-Func-0046f-form-successful-calculation-firefox\test-failed-1.png
    ────────────────────────────────────────────────────────────────────────────────────────────────

    attachment #2: video (video/webm) ──────────────────────────────────────────────────────────────
    ..\..\test-results\calculator-Calculator-Func-0046f-form-successful-calculation-firefox\video.webm
    ────────────────────────────────────────────────────────────────────────────────────────────────

    Error Context: ..\..\test-results\calculator-Calculator-Func-0046f-form-successful-calculation-firefox\error-context.md
]]>
</failure>
<system-out>
<![CDATA[
[[ATTACHMENT|calculator-Calculator-Func-0046f-form-successful-calculation-firefox\test-failed-1.png]]

[[ATTACHMENT|calculator-Calculator-Func-0046f-form-successful-calculation-firefox\video.webm]]

[[ATTACHMENT|calculator-Calculator-Func-0046f-form-successful-calculation-firefox\error-context.md]]
]]>
</system-out>
</testcase>
<testcase name="Calculator Functionality › should display amortization table with pagination" classname="calculator.spec.ts" time="30.167">
<failure message="calculator.spec.ts:93:7 should display amortization table with pagination" type="FAILURE">
<![CDATA[  [firefox] › calculator.spec.ts:93:7 › Calculator Functionality › should display amortization table with pagination 

    Test timeout of 30000ms exceeded.

    Error: locator.fill: Test timeout of 30000ms exceeded.
    Call log:
      - waiting for getByLabel('Interest Rate (%)')


      94 |     // Perform calculation
      95 |     await page.getByLabel('Loan Amount').fill('200000');
    > 96 |     await page.getByLabel('Interest Rate (%)').fill('3.5');
         |                                                ^
      97 |     await page.getByLabel('Loan Term (Years)').fill('30');
      98 |     await page.getByRole('button', { name: 'Calculate' }).click();
      99 |     
        at C:\DevProjects\AmCalc\tests\e2e\calculator.spec.ts:96:48

    attachment #1: screenshot (image/png) ──────────────────────────────────────────────────────────
    ..\..\test-results\calculator-Calculator-Func-43388-ation-table-with-pagination-firefox\test-failed-1.png
    ────────────────────────────────────────────────────────────────────────────────────────────────

    attachment #2: video (video/webm) ──────────────────────────────────────────────────────────────
    ..\..\test-results\calculator-Calculator-Func-43388-ation-table-with-pagination-firefox\video.webm
    ────────────────────────────────────────────────────────────────────────────────────────────────

    Error Context: ..\..\test-results\calculator-Calculator-Func-43388-ation-table-with-pagination-firefox\error-context.md
]]>
</failure>
<system-out>
<![CDATA[
[[ATTACHMENT|calculator-Calculator-Func-43388-ation-table-with-pagination-firefox\test-failed-1.png]]

[[ATTACHMENT|calculator-Calculator-Func-43388-ation-table-with-pagination-firefox\video.webm]]

[[ATTACHMENT|calculator-Calculator-Func-43388-ation-table-with-pagination-firefox\error-context.md]]
]]>
</system-out>
</testcase>
<testcase name="Calculator Functionality › should export amortization table" classname="calculator.spec.ts" time="30.315">
<failure message="calculator.spec.ts:108:7 should export amortization table" type="FAILURE">
<![CDATA[  [firefox] › calculator.spec.ts:108:7 › Calculator Functionality › should export amortization table 

    Test timeout of 30000ms exceeded.

    Error: locator.fill: Test timeout of 30000ms exceeded.
    Call log:
      - waiting for getByLabel('Interest Rate (%)')


      109 |     // Perform calculation
      110 |     await page.getByLabel('Loan Amount').fill('200000');
    > 111 |     await page.getByLabel('Interest Rate (%)').fill('3.5');
          |                                                ^
      112 |     await page.getByLabel('Loan Term (Years)').fill('30');
      113 |     await page.getByRole('button', { name: 'Calculate' }).click();
      114 |     
        at C:\DevProjects\AmCalc\tests\e2e\calculator.spec.ts:111:48

    attachment #1: screenshot (image/png) ──────────────────────────────────────────────────────────
    ..\..\test-results\calculator-Calculator-Func-9108c-d-export-amortization-table-firefox\test-failed-1.png
    ────────────────────────────────────────────────────────────────────────────────────────────────

    attachment #2: video (video/webm) ──────────────────────────────────────────────────────────────
    ..\..\test-results\calculator-Calculator-Func-9108c-d-export-amortization-table-firefox\video.webm
    ────────────────────────────────────────────────────────────────────────────────────────────────

    Error Context: ..\..\test-results\calculator-Calculator-Func-9108c-d-export-amortization-table-firefox\error-context.md
]]>
</failure>
<system-out>
<![CDATA[
[[ATTACHMENT|calculator-Calculator-Func-9108c-d-export-amortization-table-firefox\test-failed-1.png]]

[[ATTACHMENT|calculator-Calculator-Func-9108c-d-export-amortization-table-firefox\video.webm]]

[[ATTACHMENT|calculator-Calculator-Func-9108c-d-export-amortization-table-firefox\error-context.md]]
]]>
</system-out>
</testcase>
<testcase name="Calculator Functionality › should handle interest rate input correctly" classname="calculator.spec.ts" time="30.394">
<failure message="calculator.spec.ts:123:7 should handle interest rate input correctly" type="FAILURE">
<![CDATA[  [firefox] › calculator.spec.ts:123:7 › Calculator Functionality › should handle interest rate input correctly 

    Test timeout of 30000ms exceeded.

    Error: locator.fill: Test timeout of 30000ms exceeded.
    Call log:
      - waiting for getByLabel('Interest Rate (%)')


      125 |     
      126 |     // Type a decimal number
    > 127 |     await interestRateInput.fill('3.5');
          |                             ^
      128 |     
      129 |     // Should maintain the value
      130 |     await expect(interestRateInput).toHaveValue('3.5');
        at C:\DevProjects\AmCalc\tests\e2e\calculator.spec.ts:127:29

    attachment #1: screenshot (image/png) ──────────────────────────────────────────────────────────
    ..\..\test-results\calculator-Calculator-Func-4c152-terest-rate-input-correctly-firefox\test-failed-1.png
    ────────────────────────────────────────────────────────────────────────────────────────────────

    attachment #2: video (video/webm) ──────────────────────────────────────────────────────────────
    ..\..\test-results\calculator-Calculator-Func-4c152-terest-rate-input-correctly-firefox\video.webm
    ────────────────────────────────────────────────────────────────────────────────────────────────

    Error Context: ..\..\test-results\calculator-Calculator-Func-4c152-terest-rate-input-correctly-firefox\error-context.md
]]>
</failure>
<system-out>
<![CDATA[
[[ATTACHMENT|calculator-Calculator-Func-4c152-terest-rate-input-correctly-firefox\test-failed-1.png]]

[[ATTACHMENT|calculator-Calculator-Func-4c152-terest-rate-input-correctly-firefox\video.webm]]

[[ATTACHMENT|calculator-Calculator-Func-4c152-terest-rate-input-correctly-firefox\error-context.md]]
]]>
</system-out>
</testcase>
<testcase name="Calculator Functionality › should be responsive on mobile" classname="calculator.spec.ts" time="7.245">
<failure message="calculator.spec.ts:133:7 should be responsive on mobile" type="FAILURE">
<![CDATA[  [firefox] › calculator.spec.ts:133:7 › Calculator Functionality › should be responsive on mobile ─

    Error: Timed out 5000ms waiting for expect(locator).toBeVisible()

    Locator: getByLabel('Interest Rate (%)')
    Expected: visible
    Received: <element(s) not found>
    Call log:
      - Expect "toBeVisible" with timeout 5000ms
      - waiting for getByLabel('Interest Rate (%)')


      137 |     // Should still show all form elements
      138 |     await expect(page.getByLabel('Loan Amount')).toBeVisible();
    > 139 |     await expect(page.getByLabel('Interest Rate (%)')).toBeVisible();
          |                                                        ^
      140 |     await expect(page.getByLabel('Loan Term (Years)')).toBeVisible();
      141 |     await expect(page.getByRole('button', { name: 'Calculate' })).toBeVisible();
      142 |     
        at C:\DevProjects\AmCalc\tests\e2e\calculator.spec.ts:139:56

    attachment #1: screenshot (image/png) ──────────────────────────────────────────────────────────
    ..\..\test-results\calculator-Calculator-Func-27a27-uld-be-responsive-on-mobile-firefox\test-failed-1.png
    ────────────────────────────────────────────────────────────────────────────────────────────────

    attachment #2: video (video/webm) ──────────────────────────────────────────────────────────────
    ..\..\test-results\calculator-Calculator-Func-27a27-uld-be-responsive-on-mobile-firefox\video.webm
    ────────────────────────────────────────────────────────────────────────────────────────────────

    Error Context: ..\..\test-results\calculator-Calculator-Func-27a27-uld-be-responsive-on-mobile-firefox\error-context.md
]]>
</failure>
<system-out>
<![CDATA[
[[ATTACHMENT|calculator-Calculator-Func-27a27-uld-be-responsive-on-mobile-firefox\test-failed-1.png]]

[[ATTACHMENT|calculator-Calculator-Func-27a27-uld-be-responsive-on-mobile-firefox\video.webm]]

[[ATTACHMENT|calculator-Calculator-Func-27a27-uld-be-responsive-on-mobile-firefox\error-context.md]]
]]>
</system-out>
</testcase>
<testcase name="Calculator Functionality › should show guest mode message" classname="calculator.spec.ts" time="2.834">
</testcase>
<testcase name="Calculator Functionality › should allow multiple calculations" classname="calculator.spec.ts" time="30.283">
<failure message="calculator.spec.ts:158:7 should allow multiple calculations" type="FAILURE">
<![CDATA[  [firefox] › calculator.spec.ts:158:7 › Calculator Functionality › should allow multiple calculations 

    Test timeout of 30000ms exceeded.

    Error: locator.fill: Test timeout of 30000ms exceeded.
    Call log:
      - waiting for getByLabel('Interest Rate (%)')


      159 |     // First calculation
      160 |     await page.getByLabel('Loan Amount').fill('200000');
    > 161 |     await page.getByLabel('Interest Rate (%)').fill('3.5');
          |                                                ^
      162 |     await page.getByLabel('Loan Term (Years)').fill('30');
      163 |     await page.getByRole('button', { name: 'Calculate' }).click();
      164 |     
        at C:\DevProjects\AmCalc\tests\e2e\calculator.spec.ts:161:48

    attachment #1: screenshot (image/png) ──────────────────────────────────────────────────────────
    ..\..\test-results\calculator-Calculator-Func-12cab-allow-multiple-calculations-firefox\test-failed-1.png
    ────────────────────────────────────────────────────────────────────────────────────────────────

    attachment #2: video (video/webm) ──────────────────────────────────────────────────────────────
    ..\..\test-results\calculator-Calculator-Func-12cab-allow-multiple-calculations-firefox\video.webm
    ────────────────────────────────────────────────────────────────────────────────────────────────

    Error Context: ..\..\test-results\calculator-Calculator-Func-12cab-allow-multiple-calculations-firefox\error-context.md
]]>
</failure>
<system-out>
<![CDATA[
[[ATTACHMENT|calculator-Calculator-Func-12cab-allow-multiple-calculations-firefox\test-failed-1.png]]

[[ATTACHMENT|calculator-Calculator-Func-12cab-allow-multiple-calculations-firefox\video.webm]]

[[ATTACHMENT|calculator-Calculator-Func-12cab-allow-multiple-calculations-firefox\error-context.md]]
]]>
</system-out>
</testcase>
</testsuite>
<testsuite name="navigation.spec.ts" timestamp="2025-07-16T23:46:31.629Z" hostname="firefox" tests="14" failures="13" skipped="0" time="101.938" errors="0">
<testcase name="Navigation and Layout › should display landing page with navigation" classname="navigation.spec.ts" time="1.962">
<failure message="navigation.spec.ts:8:7 should display landing page with navigation" type="FAILURE">
<![CDATA[  [firefox] › navigation.spec.ts:8:7 › Navigation and Layout › should display landing page with navigation 

    Error: expect.toBeVisible: Error: strict mode violation: getByRole('heading', { name: 'AmCalc' }) resolved to 2 elements:
        1) <h1 class="text-3xl font-bold text-gray-900">AmCalc</h1> aka locator('h1')
        2) <h3 class="text-2xl font-bold text-white">AmCalc</h3> aka getByRole('contentinfo').getByRole('heading', { name: 'AmCalc' })

    Call log:
      - Expect "toBeVisible" with timeout 5000ms
      - waiting for getByRole('heading', { name: 'AmCalc' })


       7 |
       8 |   test('should display landing page with navigation', async ({ page }) => {
    >  9 |     await expect(page.getByRole('heading', { name: 'AmCalc' })).toBeVisible();
         |                                                                 ^
      10 |     await expect(page.getByRole('navigation')).toBeVisible();
      11 |     
      12 |     // Should show main navigation links
        at C:\DevProjects\AmCalc\tests\e2e\navigation.spec.ts:9:65

    attachment #1: screenshot (image/png) ──────────────────────────────────────────────────────────
    ..\..\test-results\navigation-Navigation-and--a7509-anding-page-with-navigation-firefox\test-failed-1.png
    ────────────────────────────────────────────────────────────────────────────────────────────────

    attachment #2: video (video/webm) ──────────────────────────────────────────────────────────────
    ..\..\test-results\navigation-Navigation-and--a7509-anding-page-with-navigation-firefox\video.webm
    ────────────────────────────────────────────────────────────────────────────────────────────────

    Error Context: ..\..\test-results\navigation-Navigation-and--a7509-anding-page-with-navigation-firefox\error-context.md
]]>
</failure>
<system-out>
<![CDATA[
[[ATTACHMENT|navigation-Navigation-and--a7509-anding-page-with-navigation-firefox\test-failed-1.png]]

[[ATTACHMENT|navigation-Navigation-and--a7509-anding-page-with-navigation-firefox\video.webm]]

[[ATTACHMENT|navigation-Navigation-and--a7509-anding-page-with-navigation-firefox\error-context.md]]
]]>
</system-out>
</testcase>
<testcase name="Navigation and Layout › should navigate to calculator page" classname="navigation.spec.ts" time="1.307">
<failure message="navigation.spec.ts:18:7 should navigate to calculator page" type="FAILURE">
<![CDATA[  [firefox] › navigation.spec.ts:18:7 › Navigation and Layout › should navigate to calculator page ─

    Error: locator.click: Error: strict mode violation: getByRole('link', { name: 'Calculator' }) resolved to 2 elements:
        1) <a href="/calculator" class="w-full flex items-center justify-center px-8 py-3 border border-transparent text-base font-medium rounded-md text-white bg-blue-600 hover:bg-blue-700 md:py-4 md:text-lg md:px-10">Try Calculator</a> aka getByRole('link', { name: 'Try Calculator' })
        2) <a href="/calculator" class="text-gray-400 hover:text-white">Calculator</a> aka getByRole('link', { name: 'Calculator', exact: true })

    Call log:
      - waiting for getByRole('link', { name: 'Calculator' })


      17 |
      18 |   test('should navigate to calculator page', async ({ page }) => {
    > 19 |     await page.getByRole('link', { name: 'Calculator' }).click();
         |                                                          ^
      20 |     await expect(page).toHaveURL('/calculator');
      21 |     await expect(page.getByRole('heading', { name: 'Amortization Calculator' })).toBeVisible();
      22 |   });
        at C:\DevProjects\AmCalc\tests\e2e\navigation.spec.ts:19:58

    attachment #1: screenshot (image/png) ──────────────────────────────────────────────────────────
    ..\..\test-results\navigation-Navigation-and--b3c34-navigate-to-calculator-page-firefox\test-failed-1.png
    ────────────────────────────────────────────────────────────────────────────────────────────────

    attachment #2: video (video/webm) ──────────────────────────────────────────────────────────────
    ..\..\test-results\navigation-Navigation-and--b3c34-navigate-to-calculator-page-firefox\video.webm
    ────────────────────────────────────────────────────────────────────────────────────────────────

    Error Context: ..\..\test-results\navigation-Navigation-and--b3c34-navigate-to-calculator-page-firefox\error-context.md
]]>
</failure>
<system-out>
<![CDATA[
[[ATTACHMENT|navigation-Navigation-and--b3c34-navigate-to-calculator-page-firefox\test-failed-1.png]]

[[ATTACHMENT|navigation-Navigation-and--b3c34-navigate-to-calculator-page-firefox\video.webm]]

[[ATTACHMENT|navigation-Navigation-and--b3c34-navigate-to-calculator-page-firefox\error-context.md]]
]]>
</system-out>
</testcase>
<testcase name="Navigation and Layout › should navigate to auth page" classname="navigation.spec.ts" time="1.773">
<failure message="navigation.spec.ts:24:7 should navigate to auth page" type="FAILURE">
<![CDATA[  [firefox] › navigation.spec.ts:24:7 › Navigation and Layout › should navigate to auth page ───────

    Error: locator.click: Error: strict mode violation: getByRole('link', { name: 'Sign In' }) resolved to 2 elements:
        1) <a href="/auth" class="text-gray-600 hover:text-gray-900 px-3 py-2 rounded-md text-sm font-medium">Sign In</a> aka getByRole('navigation').getByRole('link', { name: 'Sign In' })
        2) <a href="/auth" class="text-gray-400 hover:text-white">Sign In</a> aka getByRole('contentinfo').getByRole('link', { name: 'Sign In' })

    Call log:
      - waiting for getByRole('link', { name: 'Sign In' })


      23 |
      24 |   test('should navigate to auth page', async ({ page }) => {
    > 25 |     await page.getByRole('link', { name: 'Sign In' }).click();
         |                                                       ^
      26 |     await expect(page).toHaveURL('/auth');
      27 |     await expect(page.getByRole('heading', { name: 'Sign In' })).toBeVisible();
      28 |   });
        at C:\DevProjects\AmCalc\tests\e2e\navigation.spec.ts:25:55

    attachment #1: screenshot (image/png) ──────────────────────────────────────────────────────────
    ..\..\test-results\navigation-Navigation-and--939bf-hould-navigate-to-auth-page-firefox\test-failed-1.png
    ────────────────────────────────────────────────────────────────────────────────────────────────

    attachment #2: video (video/webm) ──────────────────────────────────────────────────────────────
    ..\..\test-results\navigation-Navigation-and--939bf-hould-navigate-to-auth-page-firefox\video.webm
    ────────────────────────────────────────────────────────────────────────────────────────────────

    Error Context: ..\..\test-results\navigation-Navigation-and--939bf-hould-navigate-to-auth-page-firefox\error-context.md
]]>
</failure>
<system-out>
<![CDATA[
[[ATTACHMENT|navigation-Navigation-and--939bf-hould-navigate-to-auth-page-firefox\test-failed-1.png]]

[[ATTACHMENT|navigation-Navigation-and--939bf-hould-navigate-to-auth-page-firefox\video.webm]]

[[ATTACHMENT|navigation-Navigation-and--939bf-hould-navigate-to-auth-page-firefox\error-context.md]]
]]>
</system-out>
</testcase>
<testcase name="Navigation and Layout › should navigate to registration from landing page" classname="navigation.spec.ts" time="7.255">
<failure message="navigation.spec.ts:30:7 should navigate to registration from landing page" type="FAILURE">
<![CDATA[  [firefox] › navigation.spec.ts:30:7 › Navigation and Layout › should navigate to registration from landing page 

    Error: Timed out 5000ms waiting for expect(locator).toBeVisible()

    Locator: getByRole('heading', { name: 'Create Account' })
    Expected: visible
    Received: <element(s) not found>
    Call log:
      - Expect "toBeVisible" with timeout 5000ms
      - waiting for getByRole('heading', { name: 'Create Account' })


      31 |     await page.getByRole('link', { name: 'Create Account' }).click();
      32 |     await expect(page).toHaveURL('/auth');
    > 33 |     await expect(page.getByRole('heading', { name: 'Create Account' })).toBeVisible();
         |                                                                         ^
      34 |   });
      35 |
      36 |   test('should be responsive on mobile', async ({ page }) => {
        at C:\DevProjects\AmCalc\tests\e2e\navigation.spec.ts:33:73

    attachment #1: screenshot (image/png) ──────────────────────────────────────────────────────────
    ..\..\test-results\navigation-Navigation-and--c10ba-istration-from-landing-page-firefox\test-failed-1.png
    ────────────────────────────────────────────────────────────────────────────────────────────────

    attachment #2: video (video/webm) ──────────────────────────────────────────────────────────────
    ..\..\test-results\navigation-Navigation-and--c10ba-istration-from-landing-page-firefox\video.webm
    ────────────────────────────────────────────────────────────────────────────────────────────────

    Error Context: ..\..\test-results\navigation-Navigation-and--c10ba-istration-from-landing-page-firefox\error-context.md
]]>
</failure>
<system-out>
<![CDATA[
[[ATTACHMENT|navigation-Navigation-and--c10ba-istration-from-landing-page-firefox\test-failed-1.png]]

[[ATTACHMENT|navigation-Navigation-and--c10ba-istration-from-landing-page-firefox\video.webm]]

[[ATTACHMENT|navigation-Navigation-and--c10ba-istration-from-landing-page-firefox\error-context.md]]
]]>
</system-out>
</testcase>
<testcase name="Navigation and Layout › should be responsive on mobile" classname="navigation.spec.ts" time="1.839">
<failure message="navigation.spec.ts:36:7 should be responsive on mobile" type="FAILURE">
<![CDATA[  [firefox] › navigation.spec.ts:36:7 › Navigation and Layout › should be responsive on mobile ─────

    Error: expect.toBeVisible: Error: strict mode violation: getByRole('link', { name: 'Calculator' }) resolved to 2 elements:
        1) <a href="/calculator" class="w-full flex items-center justify-center px-8 py-3 border border-transparent text-base font-medium rounded-md text-white bg-blue-600 hover:bg-blue-700 md:py-4 md:text-lg md:px-10">Try Calculator</a> aka getByRole('link', { name: 'Try Calculator' })
        2) <a href="/calculator" class="text-gray-400 hover:text-white">Calculator</a> aka getByRole('link', { name: 'Calculator', exact: true })

    Call log:
      - Expect "toBeVisible" with timeout 5000ms
      - waiting for getByRole('link', { name: 'Calculator' })


      40 |     // Should still show navigation
      41 |     await expect(page.getByRole('navigation')).toBeVisible();
    > 42 |     await expect(page.getByRole('link', { name: 'Calculator' })).toBeVisible();
         |                                                                  ^
      43 |     await expect(page.getByRole('link', { name: 'Sign In' })).toBeVisible();
      44 |   });
      45 |
        at C:\DevProjects\AmCalc\tests\e2e\navigation.spec.ts:42:66

    attachment #1: screenshot (image/png) ──────────────────────────────────────────────────────────
    ..\..\test-results\navigation-Navigation-and--77119-uld-be-responsive-on-mobile-firefox\test-failed-1.png
    ────────────────────────────────────────────────────────────────────────────────────────────────

    attachment #2: video (video/webm) ──────────────────────────────────────────────────────────────
    ..\..\test-results\navigation-Navigation-and--77119-uld-be-responsive-on-mobile-firefox\video.webm
    ────────────────────────────────────────────────────────────────────────────────────────────────

    Error Context: ..\..\test-results\navigation-Navigation-and--77119-uld-be-responsive-on-mobile-firefox\error-context.md
]]>
</failure>
<system-out>
<![CDATA[
[[ATTACHMENT|navigation-Navigation-and--77119-uld-be-responsive-on-mobile-firefox\test-failed-1.png]]

[[ATTACHMENT|navigation-Navigation-and--77119-uld-be-responsive-on-mobile-firefox\video.webm]]

[[ATTACHMENT|navigation-Navigation-and--77119-uld-be-responsive-on-mobile-firefox\error-context.md]]
]]>
</system-out>
</testcase>
<testcase name="Navigation and Layout › should redirect authenticated users from auth page" classname="navigation.spec.ts" time="7.773">
<failure message="navigation.spec.ts:46:7 should redirect authenticated users from auth page" type="FAILURE">
<![CDATA[  [firefox] › navigation.spec.ts:46:7 › Navigation and Layout › should redirect authenticated users from auth page 

    Error: Timed out 5000ms waiting for expect(page).toHaveURL(expected)

    Expected string: "http://localhost:3000/dashboard"
    Received string: "http://localhost:3000/auth"
    Call log:
      - Expect "toHaveURL" with timeout 5000ms
        9 × unexpected value "http://localhost:3000/auth"


      52 |     
      53 |     // Should redirect to dashboard
    > 54 |     await expect(page).toHaveURL('/dashboard');
         |                        ^
      55 |     
      56 |     // Try to access auth page again
      57 |     await page.goto('/auth');
        at C:\DevProjects\AmCalc\tests\e2e\navigation.spec.ts:54:24

    attachment #1: screenshot (image/png) ──────────────────────────────────────────────────────────
    ..\..\test-results\navigation-Navigation-and--f9d01-icated-users-from-auth-page-firefox\test-failed-1.png
    ────────────────────────────────────────────────────────────────────────────────────────────────

    attachment #2: video (video/webm) ──────────────────────────────────────────────────────────────
    ..\..\test-results\navigation-Navigation-and--f9d01-icated-users-from-auth-page-firefox\video.webm
    ────────────────────────────────────────────────────────────────────────────────────────────────

    Error Context: ..\..\test-results\navigation-Navigation-and--f9d01-icated-users-from-auth-page-firefox\error-context.md
]]>
</failure>
<system-out>
<![CDATA[
[[ATTACHMENT|navigation-Navigation-and--f9d01-icated-users-from-auth-page-firefox\test-failed-1.png]]

[[ATTACHMENT|navigation-Navigation-and--f9d01-icated-users-from-auth-page-firefox\video.webm]]

[[ATTACHMENT|navigation-Navigation-and--f9d01-icated-users-from-auth-page-firefox\error-context.md]]
]]>
</system-out>
</testcase>
<testcase name="Navigation and Layout › should show authenticated navigation after login" classname="navigation.spec.ts" time="7.658">
<failure message="navigation.spec.ts:63:7 should show authenticated navigation after login" type="FAILURE">
<![CDATA[  [firefox] › navigation.spec.ts:63:7 › Navigation and Layout › should show authenticated navigation after login 

    Error: Timed out 5000ms waiting for expect(locator).toBeVisible()

    Locator: getByRole('link', { name: 'Dashboard' })
    Expected: visible
    Received: <element(s) not found>
    Call log:
      - Expect "toBeVisible" with timeout 5000ms
      - waiting for getByRole('link', { name: 'Dashboard' })


      69 |     
      70 |     // Should show authenticated navigation
    > 71 |     await expect(page.getByRole('link', { name: 'Dashboard' })).toBeVisible();
         |                                                                 ^
      72 |     await expect(page.getByRole('link', { name: 'Calculator' })).toBeVisible();
      73 |     await expect(page.getByRole('link', { name: 'Settings' })).toBeVisible();
      74 |     await expect(page.getByRole('button', { name: 'Sign Out' })).toBeVisible();
        at C:\DevProjects\AmCalc\tests\e2e\navigation.spec.ts:71:65

    attachment #1: screenshot (image/png) ──────────────────────────────────────────────────────────
    ..\..\test-results\navigation-Navigation-and--64d5e-ated-navigation-after-login-firefox\test-failed-1.png
    ────────────────────────────────────────────────────────────────────────────────────────────────

    attachment #2: video (video/webm) ──────────────────────────────────────────────────────────────
    ..\..\test-results\navigation-Navigation-and--64d5e-ated-navigation-after-login-firefox\video.webm
    ────────────────────────────────────────────────────────────────────────────────────────────────

    Error Context: ..\..\test-results\navigation-Navigation-and--64d5e-ated-navigation-after-login-firefox\error-context.md
]]>
</failure>
<system-out>
<![CDATA[
[[ATTACHMENT|navigation-Navigation-and--64d5e-ated-navigation-after-login-firefox\test-failed-1.png]]

[[ATTACHMENT|navigation-Navigation-and--64d5e-ated-navigation-after-login-firefox\video.webm]]

[[ATTACHMENT|navigation-Navigation-and--64d5e-ated-navigation-after-login-firefox\error-context.md]]
]]>
</system-out>
</testcase>
<testcase name="Navigation and Layout › should logout successfully" classname="navigation.spec.ts" time="7.461">
<failure message="navigation.spec.ts:77:7 should logout successfully" type="FAILURE">
<![CDATA[  [firefox] › navigation.spec.ts:77:7 › Navigation and Layout › should logout successfully ─────────

    Error: Timed out 5000ms waiting for expect(page).toHaveURL(expected)

    Expected string: "http://localhost:3000/dashboard"
    Received string: "http://localhost:3000/auth"
    Call log:
      - Expect "toHaveURL" with timeout 5000ms
        9 × unexpected value "http://localhost:3000/auth"


      83 |     
      84 |     // Should be on dashboard
    > 85 |     await expect(page).toHaveURL('/dashboard');
         |                        ^
      86 |     
      87 |     // Logout
      88 |     await page.getByRole('button', { name: 'Sign Out' }).click();
        at C:\DevProjects\AmCalc\tests\e2e\navigation.spec.ts:85:24

    attachment #1: screenshot (image/png) ──────────────────────────────────────────────────────────
    ..\..\test-results\navigation-Navigation-and-Layout-should-logout-successfully-firefox\test-failed-1.png
    ────────────────────────────────────────────────────────────────────────────────────────────────

    attachment #2: video (video/webm) ──────────────────────────────────────────────────────────────
    ..\..\test-results\navigation-Navigation-and-Layout-should-logout-successfully-firefox\video.webm
    ────────────────────────────────────────────────────────────────────────────────────────────────

    Error Context: ..\..\test-results\navigation-Navigation-and-Layout-should-logout-successfully-firefox\error-context.md
]]>
</failure>
<system-out>
<![CDATA[
[[ATTACHMENT|navigation-Navigation-and-Layout-should-logout-successfully-firefox\test-failed-1.png]]

[[ATTACHMENT|navigation-Navigation-and-Layout-should-logout-successfully-firefox\video.webm]]

[[ATTACHMENT|navigation-Navigation-and-Layout-should-logout-successfully-firefox\error-context.md]]
]]>
</system-out>
</testcase>
<testcase name="Navigation and Layout › should protect dashboard route" classname="navigation.spec.ts" time="7.359">
<failure message="navigation.spec.ts:98:7 should protect dashboard route" type="FAILURE">
<![CDATA[  [firefox] › navigation.spec.ts:98:7 › Navigation and Layout › should protect dashboard route ─────

    Error: Timed out 5000ms waiting for expect(page).toHaveURL(expected)

    Expected string: "http://localhost:3000/auth"
    Received string: "http://localhost:3000/auth/login"
    Call log:
      - Expect "toHaveURL" with timeout 5000ms
        3 × unexpected value "http://localhost:3000/dashboard"
        - waiting for" http://localhost:3000/auth/login" navigation to finish...
        - navigated to "http://localhost:3000/auth/login"
        5 × unexpected value "http://localhost:3000/auth/login"


      101 |     
      102 |     // Should redirect to auth page
    > 103 |     await expect(page).toHaveURL('/auth');
          |                        ^
      104 |   });
      105 |
      106 |   test('should protect settings route', async ({ page }) => {
        at C:\DevProjects\AmCalc\tests\e2e\navigation.spec.ts:103:24

    attachment #1: screenshot (image/png) ──────────────────────────────────────────────────────────
    ..\..\test-results\navigation-Navigation-and--53fd4-uld-protect-dashboard-route-firefox\test-failed-1.png
    ────────────────────────────────────────────────────────────────────────────────────────────────

    attachment #2: video (video/webm) ──────────────────────────────────────────────────────────────
    ..\..\test-results\navigation-Navigation-and--53fd4-uld-protect-dashboard-route-firefox\video.webm
    ────────────────────────────────────────────────────────────────────────────────────────────────

    Error Context: ..\..\test-results\navigation-Navigation-and--53fd4-uld-protect-dashboard-route-firefox\error-context.md
]]>
</failure>
<system-out>
<![CDATA[
[[ATTACHMENT|navigation-Navigation-and--53fd4-uld-protect-dashboard-route-firefox\test-failed-1.png]]

[[ATTACHMENT|navigation-Navigation-and--53fd4-uld-protect-dashboard-route-firefox\video.webm]]

[[ATTACHMENT|navigation-Navigation-and--53fd4-uld-protect-dashboard-route-firefox\error-context.md]]
]]>
</system-out>
</testcase>
<testcase name="Navigation and Layout › should protect settings route" classname="navigation.spec.ts" time="7.414">
<failure message="navigation.spec.ts:106:7 should protect settings route" type="FAILURE">
<![CDATA[  [firefox] › navigation.spec.ts:106:7 › Navigation and Layout › should protect settings route ─────

    Error: Timed out 5000ms waiting for expect(page).toHaveURL(expected)

    Expected string: "http://localhost:3000/auth"
    Received string: "http://localhost:3000/auth/login"
    Call log:
      - Expect "toHaveURL" with timeout 5000ms
        3 × unexpected value "http://localhost:3000/settings"
        5 × unexpected value "http://localhost:3000/auth/login"


      109 |     
      110 |     // Should redirect to auth page
    > 111 |     await expect(page).toHaveURL('/auth');
          |                        ^
      112 |   });
      113 |
      114 |   test('should allow access to calculator without authentication', async ({ page }) => {
        at C:\DevProjects\AmCalc\tests\e2e\navigation.spec.ts:111:24

    attachment #1: screenshot (image/png) ──────────────────────────────────────────────────────────
    ..\..\test-results\navigation-Navigation-and--fe962-ould-protect-settings-route-firefox\test-failed-1.png
    ────────────────────────────────────────────────────────────────────────────────────────────────

    attachment #2: video (video/webm) ──────────────────────────────────────────────────────────────
    ..\..\test-results\navigation-Navigation-and--fe962-ould-protect-settings-route-firefox\video.webm
    ────────────────────────────────────────────────────────────────────────────────────────────────

    Error Context: ..\..\test-results\navigation-Navigation-and--fe962-ould-protect-settings-route-firefox\error-context.md
]]>
</failure>
<system-out>
<![CDATA[
[[ATTACHMENT|navigation-Navigation-and--fe962-ould-protect-settings-route-firefox\test-failed-1.png]]

[[ATTACHMENT|navigation-Navigation-and--fe962-ould-protect-settings-route-firefox\video.webm]]

[[ATTACHMENT|navigation-Navigation-and--fe962-ould-protect-settings-route-firefox\error-context.md]]
]]>
</system-out>
</testcase>
<testcase name="Navigation and Layout › should allow access to calculator without authentication" classname="navigation.spec.ts" time="4.322">
</testcase>
<testcase name="Navigation and Layout › should show footer on all pages" classname="navigation.spec.ts" time="7.383">
<failure message="navigation.spec.ts:121:7 should show footer on all pages" type="FAILURE">
<![CDATA[  [firefox] › navigation.spec.ts:121:7 › Navigation and Layout › should show footer on all pages ───

    Error: Timed out 5000ms waiting for expect(locator).toBeVisible()

    Locator: getByText('© 2024 AmCalc. All rights reserved.')
    Expected: visible
    Received: <element(s) not found>
    Call log:
      - Expect "toBeVisible" with timeout 5000ms
      - waiting for getByText('© 2024 AmCalc. All rights reserved.')


      121 |   test('should show footer on all pages', async ({ page }) => {
      122 |     // Check landing page
    > 123 |     await expect(page.getByText('© 2024 AmCalc. All rights reserved.')).toBeVisible();
          |                                                                         ^
      124 |     
      125 |     // Check calculator page
      126 |     await page.goto('/calculator');
        at C:\DevProjects\AmCalc\tests\e2e\navigation.spec.ts:123:73

    attachment #1: screenshot (image/png) ──────────────────────────────────────────────────────────
    ..\..\test-results\navigation-Navigation-and--eb6b7-ld-show-footer-on-all-pages-firefox\test-failed-1.png
    ────────────────────────────────────────────────────────────────────────────────────────────────

    attachment #2: video (video/webm) ──────────────────────────────────────────────────────────────
    ..\..\test-results\navigation-Navigation-and--eb6b7-ld-show-footer-on-all-pages-firefox\video.webm
    ────────────────────────────────────────────────────────────────────────────────────────────────

    Error Context: ..\..\test-results\navigation-Navigation-and--eb6b7-ld-show-footer-on-all-pages-firefox\error-context.md
]]>
</failure>
<system-out>
<![CDATA[
[[ATTACHMENT|navigation-Navigation-and--eb6b7-ld-show-footer-on-all-pages-firefox\test-failed-1.png]]

[[ATTACHMENT|navigation-Navigation-and--eb6b7-ld-show-footer-on-all-pages-firefox\video.webm]]

[[ATTACHMENT|navigation-Navigation-and--eb6b7-ld-show-footer-on-all-pages-firefox\error-context.md]]
]]>
</system-out>
</testcase>
<testcase name="Navigation and Layout › should handle 404 pages gracefully" classname="navigation.spec.ts" time="8.335">
<failure message="navigation.spec.ts:134:7 should handle 404 pages gracefully" type="FAILURE">
<![CDATA[  [firefox] › navigation.spec.ts:134:7 › Navigation and Layout › should handle 404 pages gracefully 

    Error: Timed out 5000ms waiting for expect(locator).toBeVisible()

    Locator: getByRole('heading', { name: 'Page Not Found' })
    Expected: visible
    Received: <element(s) not found>
    Call log:
      - Expect "toBeVisible" with timeout 5000ms
      - waiting for getByRole('heading', { name: 'Page Not Found' })


      136 |     
      137 |     // Should show 404 page
    > 138 |     await expect(page.getByRole('heading', { name: 'Page Not Found' })).toBeVisible();
          |                                                                         ^
      139 |     await expect(page.getByRole('link', { name: 'Go Home' })).toBeVisible();
      140 |   });
      141 |
        at C:\DevProjects\AmCalc\tests\e2e\navigation.spec.ts:138:73

    attachment #1: screenshot (image/png) ──────────────────────────────────────────────────────────
    ..\..\test-results\navigation-Navigation-and--b3417-handle-404-pages-gracefully-firefox\test-failed-1.png
    ────────────────────────────────────────────────────────────────────────────────────────────────

    attachment #2: video (video/webm) ──────────────────────────────────────────────────────────────
    ..\..\test-results\navigation-Navigation-and--b3417-handle-404-pages-gracefully-firefox\video.webm
    ────────────────────────────────────────────────────────────────────────────────────────────────

    Error Context: ..\..\test-results\navigation-Navigation-and--b3417-handle-404-pages-gracefully-firefox\error-context.md
]]>
</failure>
<system-out>
<![CDATA[
[[ATTACHMENT|navigation-Navigation-and--b3417-handle-404-pages-gracefully-firefox\test-failed-1.png]]

[[ATTACHMENT|navigation-Navigation-and--b3417-handle-404-pages-gracefully-firefox\video.webm]]

[[ATTACHMENT|navigation-Navigation-and--b3417-handle-404-pages-gracefully-firefox\error-context.md]]
]]>
</system-out>
</testcase>
<testcase name="Navigation and Layout › should navigate back to home from 404" classname="navigation.spec.ts" time="30.097">
<failure message="navigation.spec.ts:142:7 should navigate back to home from 404" type="FAILURE">
<![CDATA[  [firefox] › navigation.spec.ts:142:7 › Navigation and Layout › should navigate back to home from 404 

    Test timeout of 30000ms exceeded.

    Error: locator.click: Test timeout of 30000ms exceeded.
    Call log:
      - waiting for getByRole('link', { name: 'Go Home' })


      142 |   test('should navigate back to home from 404', async ({ page }) => {
      143 |     await page.goto('/nonexistent-page');
    > 144 |     await page.getByRole('link', { name: 'Go Home' }).click();
          |                                                       ^
      145 |     await expect(page).toHaveURL('/');
      146 |   });
      147 | }); 
        at C:\DevProjects\AmCalc\tests\e2e\navigation.spec.ts:144:55

    attachment #1: screenshot (image/png) ──────────────────────────────────────────────────────────
    ..\..\test-results\navigation-Navigation-and--5e236-igate-back-to-home-from-404-firefox\test-failed-1.png
    ────────────────────────────────────────────────────────────────────────────────────────────────

    attachment #2: video (video/webm) ──────────────────────────────────────────────────────────────
    ..\..\test-results\navigation-Navigation-and--5e236-igate-back-to-home-from-404-firefox\video.webm
    ────────────────────────────────────────────────────────────────────────────────────────────────

    Error Context: ..\..\test-results\navigation-Navigation-and--5e236-igate-back-to-home-from-404-firefox\error-context.md
]]>
</failure>
<system-out>
<![CDATA[
[[ATTACHMENT|navigation-Navigation-and--5e236-igate-back-to-home-from-404-firefox\test-failed-1.png]]

[[ATTACHMENT|navigation-Navigation-and--5e236-igate-back-to-home-from-404-firefox\video.webm]]

[[ATTACHMENT|navigation-Navigation-and--5e236-igate-back-to-home-from-404-firefox\error-context.md]]
]]>
</system-out>
</testcase>
</testsuite>
<testsuite name="auth.spec.ts" timestamp="2025-07-16T23:46:31.629Z" hostname="webkit" tests="11" failures="10" skipped="0" time="263.858" errors="0">
<testcase name="Authentication Flow › should display login form by default" classname="auth.spec.ts" time="7.056">
<failure message="auth.spec.ts:8:7 should display login form by default" type="FAILURE">
<![CDATA[  [webkit] › auth.spec.ts:8:7 › Authentication Flow › should display login form by default ─────────

    Error: Timed out 5000ms waiting for expect(locator).toBeVisible()

    Locator: getByRole('heading', { name: 'Sign In' })
    Expected: visible
    Received: <element(s) not found>
    Call log:
      - Expect "toBeVisible" with timeout 5000ms
      - waiting for getByRole('heading', { name: 'Sign In' })


       7 |
       8 |   test('should display login form by default', async ({ page }) => {
    >  9 |     await expect(page.getByRole('heading', { name: 'Sign In' })).toBeVisible();
         |                                                                  ^
      10 |     await expect(page.getByLabel('Email Address')).toBeVisible();
      11 |     await expect(page.getByLabel('Password')).toBeVisible();
      12 |     await expect(page.getByRole('button', { name: 'Sign In' })).toBeVisible();
        at C:\DevProjects\AmCalc\tests\e2e\auth.spec.ts:9:66

    attachment #1: screenshot (image/png) ──────────────────────────────────────────────────────────
    ..\..\test-results\auth-Authentication-Flow-s-c528a-splay-login-form-by-default-webkit\test-failed-1.png
    ────────────────────────────────────────────────────────────────────────────────────────────────

    attachment #2: video (video/webm) ──────────────────────────────────────────────────────────────
    ..\..\test-results\auth-Authentication-Flow-s-c528a-splay-login-form-by-default-webkit\video.webm
    ────────────────────────────────────────────────────────────────────────────────────────────────

    Error Context: ..\..\test-results\auth-Authentication-Flow-s-c528a-splay-login-form-by-default-webkit\error-context.md
]]>
</failure>
<system-out>
<![CDATA[
[[ATTACHMENT|auth-Authentication-Flow-s-c528a-splay-login-form-by-default-webkit\test-failed-1.png]]

[[ATTACHMENT|auth-Authentication-Flow-s-c528a-splay-login-form-by-default-webkit\video.webm]]

[[ATTACHMENT|auth-Authentication-Flow-s-c528a-splay-login-form-by-default-webkit\error-context.md]]
]]>
</system-out>
</testcase>
<testcase name="Authentication Flow › should switch to registration form" classname="auth.spec.ts" time="30.248">
<failure message="auth.spec.ts:15:7 should switch to registration form" type="FAILURE">
<![CDATA[  [webkit] › auth.spec.ts:15:7 › Authentication Flow › should switch to registration form ──────────

    Test timeout of 30000ms exceeded.

    Error: locator.click: Test timeout of 30000ms exceeded.
    Call log:
      - waiting for getByRole('link', { name: 'Create account' })


      14 |
      15 |   test('should switch to registration form', async ({ page }) => {
    > 16 |     await page.getByRole('link', { name: 'Create account' }).click();
         |                                                              ^
      17 |     await expect(page.getByRole('heading', { name: 'Create Account' })).toBeVisible();
      18 |     await expect(page.getByLabel('Email Address')).toBeVisible();
      19 |     await expect(page.getByLabel('Password')).toBeVisible();
        at C:\DevProjects\AmCalc\tests\e2e\auth.spec.ts:16:62

    attachment #1: screenshot (image/png) ──────────────────────────────────────────────────────────
    ..\..\test-results\auth-Authentication-Flow-should-switch-to-registration-form-webkit\test-failed-1.png
    ────────────────────────────────────────────────────────────────────────────────────────────────

    attachment #2: video (video/webm) ──────────────────────────────────────────────────────────────
    ..\..\test-results\auth-Authentication-Flow-should-switch-to-registration-form-webkit\video.webm
    ────────────────────────────────────────────────────────────────────────────────────────────────

    Error Context: ..\..\test-results\auth-Authentication-Flow-should-switch-to-registration-form-webkit\error-context.md
]]>
</failure>
<system-out>
<![CDATA[
[[ATTACHMENT|auth-Authentication-Flow-should-switch-to-registration-form-webkit\test-failed-1.png]]

[[ATTACHMENT|auth-Authentication-Flow-should-switch-to-registration-form-webkit\video.webm]]

[[ATTACHMENT|auth-Authentication-Flow-should-switch-to-registration-form-webkit\error-context.md]]
]]>
</system-out>
</testcase>
<testcase name="Authentication Flow › should switch to password reset form" classname="auth.spec.ts" time="30.356">
<failure message="auth.spec.ts:24:7 should switch to password reset form" type="FAILURE">
<![CDATA[  [webkit] › auth.spec.ts:24:7 › Authentication Flow › should switch to password reset form ────────

    Test timeout of 30000ms exceeded.

    Error: locator.click: Test timeout of 30000ms exceeded.
    Call log:
      - waiting for getByRole('link', { name: 'Forgot your password?' })


      23 |
      24 |   test('should switch to password reset form', async ({ page }) => {
    > 25 |     await page.getByRole('link', { name: 'Forgot your password?' }).click();
         |                                                                     ^
      26 |     await expect(page.getByRole('heading', { name: 'Reset Password' })).toBeVisible();
      27 |     await expect(page.getByLabel('Email Address')).toBeVisible();
      28 |     await expect(page.getByRole('button', { name: 'Send Reset Link' })).toBeVisible();
        at C:\DevProjects\AmCalc\tests\e2e\auth.spec.ts:25:69

    attachment #1: screenshot (image/png) ──────────────────────────────────────────────────────────
    ..\..\test-results\auth-Authentication-Flow-s-2bf01-itch-to-password-reset-form-webkit\test-failed-1.png
    ────────────────────────────────────────────────────────────────────────────────────────────────

    attachment #2: video (video/webm) ──────────────────────────────────────────────────────────────
    ..\..\test-results\auth-Authentication-Flow-s-2bf01-itch-to-password-reset-form-webkit\video.webm
    ────────────────────────────────────────────────────────────────────────────────────────────────

    Error Context: ..\..\test-results\auth-Authentication-Flow-s-2bf01-itch-to-password-reset-form-webkit\error-context.md
]]>
</failure>
<system-out>
<![CDATA[
[[ATTACHMENT|auth-Authentication-Flow-s-2bf01-itch-to-password-reset-form-webkit\test-failed-1.png]]

[[ATTACHMENT|auth-Authentication-Flow-s-2bf01-itch-to-password-reset-form-webkit\video.webm]]

[[ATTACHMENT|auth-Authentication-Flow-s-2bf01-itch-to-password-reset-form-webkit\error-context.md]]
]]>
</system-out>
</testcase>
<testcase name="Authentication Flow › should validate registration form" classname="auth.spec.ts" time="30.532">
<failure message="auth.spec.ts:31:7 should validate registration form" type="FAILURE">
<![CDATA[  [webkit] › auth.spec.ts:31:7 › Authentication Flow › should validate registration form ───────────

    Test timeout of 30000ms exceeded.

    Error: locator.click: Test timeout of 30000ms exceeded.
    Call log:
      - waiting for getByRole('link', { name: 'Create account' })


      30 |
      31 |   test('should validate registration form', async ({ page }) => {
    > 32 |     await page.getByRole('link', { name: 'Create account' }).click();
         |                                                              ^
      33 |     
      34 |     // Try to submit empty form
      35 |     await page.getByRole('button', { name: 'Create Account' }).click();
        at C:\DevProjects\AmCalc\tests\e2e\auth.spec.ts:32:62

    attachment #1: screenshot (image/png) ──────────────────────────────────────────────────────────
    ..\..\test-results\auth-Authentication-Flow-should-validate-registration-form-webkit\test-failed-1.png
    ────────────────────────────────────────────────────────────────────────────────────────────────

    attachment #2: video (video/webm) ──────────────────────────────────────────────────────────────
    ..\..\test-results\auth-Authentication-Flow-should-validate-registration-form-webkit\video.webm
    ────────────────────────────────────────────────────────────────────────────────────────────────

    Error Context: ..\..\test-results\auth-Authentication-Flow-should-validate-registration-form-webkit\error-context.md
]]>
</failure>
<system-out>
<![CDATA[
[[ATTACHMENT|auth-Authentication-Flow-should-validate-registration-form-webkit\test-failed-1.png]]

[[ATTACHMENT|auth-Authentication-Flow-should-validate-registration-form-webkit\video.webm]]

[[ATTACHMENT|auth-Authentication-Flow-should-validate-registration-form-webkit\error-context.md]]
]]>
</system-out>
</testcase>
<testcase name="Authentication Flow › should show password requirements" classname="auth.spec.ts" time="30.366">
<failure message="auth.spec.ts:43:7 should show password requirements" type="FAILURE">
<![CDATA[  [webkit] › auth.spec.ts:43:7 › Authentication Flow › should show password requirements ───────────

    Test timeout of 30000ms exceeded.

    Error: locator.click: Test timeout of 30000ms exceeded.
    Call log:
      - waiting for getByRole('link', { name: 'Create account' })


      42 |
      43 |   test('should show password requirements', async ({ page }) => {
    > 44 |     await page.getByRole('link', { name: 'Create account' }).click();
         |                                                              ^
      45 |     
      46 |     // Enter a weak password
      47 |     await page.getByLabel('Password').fill('weak');
        at C:\DevProjects\AmCalc\tests\e2e\auth.spec.ts:44:62

    attachment #1: screenshot (image/png) ──────────────────────────────────────────────────────────
    ..\..\test-results\auth-Authentication-Flow-should-show-password-requirements-webkit\test-failed-1.png
    ────────────────────────────────────────────────────────────────────────────────────────────────

    attachment #2: video (video/webm) ──────────────────────────────────────────────────────────────
    ..\..\test-results\auth-Authentication-Flow-should-show-password-requirements-webkit\video.webm
    ────────────────────────────────────────────────────────────────────────────────────────────────

    Error Context: ..\..\test-results\auth-Authentication-Flow-should-show-password-requirements-webkit\error-context.md
]]>
</failure>
<system-out>
<![CDATA[
[[ATTACHMENT|auth-Authentication-Flow-should-show-password-requirements-webkit\test-failed-1.png]]

[[ATTACHMENT|auth-Authentication-Flow-should-show-password-requirements-webkit\video.webm]]

[[ATTACHMENT|auth-Authentication-Flow-should-show-password-requirements-webkit\error-context.md]]
]]>
</system-out>
</testcase>
<testcase name="Authentication Flow › should validate password confirmation" classname="auth.spec.ts" time="30.555">
<failure message="auth.spec.ts:57:7 should validate password confirmation" type="FAILURE">
<![CDATA[  [webkit] › auth.spec.ts:57:7 › Authentication Flow › should validate password confirmation ───────

    Test timeout of 30000ms exceeded.

    Error: locator.click: Test timeout of 30000ms exceeded.
    Call log:
      - waiting for getByRole('link', { name: 'Create account' })


      56 |
      57 |   test('should validate password confirmation', async ({ page }) => {
    > 58 |     await page.getByRole('link', { name: 'Create account' }).click();
         |                                                              ^
      59 |     
      60 |     // Enter different passwords
      61 |     await page.getByLabel('Password').fill('StrongPass123!');
        at C:\DevProjects\AmCalc\tests\e2e\auth.spec.ts:58:62

    attachment #1: screenshot (image/png) ──────────────────────────────────────────────────────────
    ..\..\test-results\auth-Authentication-Flow-s-f9dde-idate-password-confirmation-webkit\test-failed-1.png
    ────────────────────────────────────────────────────────────────────────────────────────────────

    attachment #2: video (video/webm) ──────────────────────────────────────────────────────────────
    ..\..\test-results\auth-Authentication-Flow-s-f9dde-idate-password-confirmation-webkit\video.webm
    ────────────────────────────────────────────────────────────────────────────────────────────────

    Error Context: ..\..\test-results\auth-Authentication-Flow-s-f9dde-idate-password-confirmation-webkit\error-context.md
]]>
</failure>
<system-out>
<![CDATA[
[[ATTACHMENT|auth-Authentication-Flow-s-f9dde-idate-password-confirmation-webkit\test-failed-1.png]]

[[ATTACHMENT|auth-Authentication-Flow-s-f9dde-idate-password-confirmation-webkit\video.webm]]

[[ATTACHMENT|auth-Authentication-Flow-s-f9dde-idate-password-confirmation-webkit\error-context.md]]
]]>
</system-out>
</testcase>
<testcase name="Authentication Flow › should successfully register a new user" classname="auth.spec.ts" time="30.511">
<failure message="auth.spec.ts:71:7 should successfully register a new user" type="FAILURE">
<![CDATA[  [webkit] › auth.spec.ts:71:7 › Authentication Flow › should successfully register a new user ─────

    Test timeout of 30000ms exceeded.

    Error: locator.click: Test timeout of 30000ms exceeded.
    Call log:
      - waiting for getByRole('link', { name: 'Create account' })


      70 |
      71 |   test('should successfully register a new user', async ({ page }) => {
    > 72 |     await page.getByRole('link', { name: 'Create account' }).click();
         |                                                              ^
      73 |     
      74 |     const testEmail = `test${Date.now()}@example.com`;
      75 |     
        at C:\DevProjects\AmCalc\tests\e2e\auth.spec.ts:72:62

    attachment #1: screenshot (image/png) ──────────────────────────────────────────────────────────
    ..\..\test-results\auth-Authentication-Flow-s-5cca8-ssfully-register-a-new-user-webkit\test-failed-1.png
    ────────────────────────────────────────────────────────────────────────────────────────────────

    attachment #2: video (video/webm) ──────────────────────────────────────────────────────────────
    ..\..\test-results\auth-Authentication-Flow-s-5cca8-ssfully-register-a-new-user-webkit\video.webm
    ────────────────────────────────────────────────────────────────────────────────────────────────

    Error Context: ..\..\test-results\auth-Authentication-Flow-s-5cca8-ssfully-register-a-new-user-webkit\error-context.md
]]>
</failure>
<system-out>
<![CDATA[
[[ATTACHMENT|auth-Authentication-Flow-s-5cca8-ssfully-register-a-new-user-webkit\test-failed-1.png]]

[[ATTACHMENT|auth-Authentication-Flow-s-5cca8-ssfully-register-a-new-user-webkit\video.webm]]

[[ATTACHMENT|auth-Authentication-Flow-s-5cca8-ssfully-register-a-new-user-webkit\error-context.md]]
]]>
</system-out>
</testcase>
<testcase name="Authentication Flow › should handle registration with existing email" classname="auth.spec.ts" time="30.547">
<failure message="auth.spec.ts:91:7 should handle registration with existing email" type="FAILURE">
<![CDATA[  [webkit] › auth.spec.ts:91:7 › Authentication Flow › should handle registration with existing email 

    Test timeout of 30000ms exceeded.

    Error: locator.click: Test timeout of 30000ms exceeded.
    Call log:
      - waiting for getByRole('link', { name: 'Create account' })


      90 |
      91 |   test('should handle registration with existing email', async ({ page }) => {
    > 92 |     await page.getByRole('link', { name: 'Create account' }).click();
         |                                                              ^
      93 |     
      94 |     // Try to register with existing email
      95 |     await page.getByLabel('Email Address').fill('test@example.com');
        at C:\DevProjects\AmCalc\tests\e2e\auth.spec.ts:92:62

    attachment #1: screenshot (image/png) ──────────────────────────────────────────────────────────
    ..\..\test-results\auth-Authentication-Flow-s-c46c3-tration-with-existing-email-webkit\test-failed-1.png
    ────────────────────────────────────────────────────────────────────────────────────────────────

    attachment #2: video (video/webm) ──────────────────────────────────────────────────────────────
    ..\..\test-results\auth-Authentication-Flow-s-c46c3-tration-with-existing-email-webkit\video.webm
    ────────────────────────────────────────────────────────────────────────────────────────────────

    Error Context: ..\..\test-results\auth-Authentication-Flow-s-c46c3-tration-with-existing-email-webkit\error-context.md
]]>
</failure>
<system-out>
<![CDATA[
[[ATTACHMENT|auth-Authentication-Flow-s-c46c3-tration-with-existing-email-webkit\test-failed-1.png]]

[[ATTACHMENT|auth-Authentication-Flow-s-c46c3-tration-with-existing-email-webkit\video.webm]]

[[ATTACHMENT|auth-Authentication-Flow-s-c46c3-tration-with-existing-email-webkit\error-context.md]]
]]>
</system-out>
</testcase>
<testcase name="Authentication Flow › should successfully login existing user" classname="auth.spec.ts" time="8.909">
<failure message="auth.spec.ts:105:7 should successfully login existing user" type="FAILURE">
<![CDATA[  [webkit] › auth.spec.ts:105:7 › Authentication Flow › should successfully login existing user ────

    Error: Timed out 5000ms waiting for expect(page).toHaveURL(expected)

    Expected string: "http://localhost:3000/dashboard"
    Received string: "http://localhost:3000/auth"
    Call log:
      - Expect "toHaveURL" with timeout 5000ms
        8 × unexpected value "http://localhost:3000/auth"


      112 |     
      113 |     // Should redirect to dashboard
    > 114 |     await expect(page).toHaveURL('/dashboard');
          |                        ^
      115 |     await expect(page.getByText('Welcome to your Dashboard')).toBeVisible();
      116 |   });
      117 |
        at C:\DevProjects\AmCalc\tests\e2e\auth.spec.ts:114:24

    attachment #1: screenshot (image/png) ──────────────────────────────────────────────────────────
    ..\..\test-results\auth-Authentication-Flow-s-666a9-ssfully-login-existing-user-webkit\test-failed-1.png
    ────────────────────────────────────────────────────────────────────────────────────────────────

    attachment #2: video (video/webm) ──────────────────────────────────────────────────────────────
    ..\..\test-results\auth-Authentication-Flow-s-666a9-ssfully-login-existing-user-webkit\video.webm
    ────────────────────────────────────────────────────────────────────────────────────────────────

    Error Context: ..\..\test-results\auth-Authentication-Flow-s-666a9-ssfully-login-existing-user-webkit\error-context.md
]]>
</failure>
<system-out>
<![CDATA[
[[ATTACHMENT|auth-Authentication-Flow-s-666a9-ssfully-login-existing-user-webkit\test-failed-1.png]]

[[ATTACHMENT|auth-Authentication-Flow-s-666a9-ssfully-login-existing-user-webkit\video.webm]]

[[ATTACHMENT|auth-Authentication-Flow-s-666a9-ssfully-login-existing-user-webkit\error-context.md]]
]]>
</system-out>
</testcase>
<testcase name="Authentication Flow › should handle invalid login credentials" classname="auth.spec.ts" time="4.246">
</testcase>
<testcase name="Authentication Flow › should clear errors when switching between forms" classname="auth.spec.ts" time="30.532">
<failure message="auth.spec.ts:130:7 should clear errors when switching between forms" type="FAILURE">
<![CDATA[  [webkit] › auth.spec.ts:130:7 › Authentication Flow › should clear errors when switching between forms 

    Test timeout of 30000ms exceeded.

    Error: locator.click: Test timeout of 30000ms exceeded.
    Call log:
      - waiting for getByRole('link', { name: 'Create account' })


      138 |     
      139 |     // Switch to registration
    > 140 |     await page.getByRole('link', { name: 'Create account' }).click();
          |                                                              ^
      141 |     
      142 |     // Error should be cleared
      143 |     await expect(page.getByText('Invalid email or password')).not.toBeVisible();
        at C:\DevProjects\AmCalc\tests\e2e\auth.spec.ts:140:62

    attachment #1: screenshot (image/png) ──────────────────────────────────────────────────────────
    ..\..\test-results\auth-Authentication-Flow-s-794e3-hen-switching-between-forms-webkit\test-failed-1.png
    ────────────────────────────────────────────────────────────────────────────────────────────────

    attachment #2: video (video/webm) ──────────────────────────────────────────────────────────────
    ..\..\test-results\auth-Authentication-Flow-s-794e3-hen-switching-between-forms-webkit\video.webm
    ────────────────────────────────────────────────────────────────────────────────────────────────

    Error Context: ..\..\test-results\auth-Authentication-Flow-s-794e3-hen-switching-between-forms-webkit\error-context.md
]]>
</failure>
<system-out>
<![CDATA[
[[ATTACHMENT|auth-Authentication-Flow-s-794e3-hen-switching-between-forms-webkit\test-failed-1.png]]

[[ATTACHMENT|auth-Authentication-Flow-s-794e3-hen-switching-between-forms-webkit\video.webm]]

[[ATTACHMENT|auth-Authentication-Flow-s-794e3-hen-switching-between-forms-webkit\error-context.md]]
]]>
</system-out>
</testcase>
</testsuite>
<testsuite name="calculator.spec.ts" timestamp="2025-07-16T23:46:31.629Z" hostname="webkit" tests="13" failures="12" skipped="0" time="275.744" errors="0">
<testcase name="Calculator Functionality › should display calculator form" classname="calculator.spec.ts" time="6.816">
<failure message="calculator.spec.ts:8:7 should display calculator form" type="FAILURE">
<![CDATA[  [webkit] › calculator.spec.ts:8:7 › Calculator Functionality › should display calculator form ────

    Error: Timed out 5000ms waiting for expect(locator).toBeVisible()

    Locator: getByLabel('Interest Rate (%)')
    Expected: visible
    Received: <element(s) not found>
    Call log:
      - Expect "toBeVisible" with timeout 5000ms
      - waiting for getByLabel('Interest Rate (%)')


       9 |     await expect(page.getByRole('heading', { name: 'Amortization Calculator' })).toBeVisible();
      10 |     await expect(page.getByLabel('Loan Amount')).toBeVisible();
    > 11 |     await expect(page.getByLabel('Interest Rate (%)')).toBeVisible();
         |                                                        ^
      12 |     await expect(page.getByLabel('Loan Term (Years)')).toBeVisible();
      13 |     await expect(page.getByRole('button', { name: 'Calculate' })).toBeVisible();
      14 |   });
        at C:\DevProjects\AmCalc\tests\e2e\calculator.spec.ts:11:56

    attachment #1: screenshot (image/png) ──────────────────────────────────────────────────────────
    ..\..\test-results\calculator-Calculator-Func-eb4b2-uld-display-calculator-form-webkit\test-failed-1.png
    ────────────────────────────────────────────────────────────────────────────────────────────────

    attachment #2: video (video/webm) ──────────────────────────────────────────────────────────────
    ..\..\test-results\calculator-Calculator-Func-eb4b2-uld-display-calculator-form-webkit\video.webm
    ────────────────────────────────────────────────────────────────────────────────────────────────

    Error Context: ..\..\test-results\calculator-Calculator-Func-eb4b2-uld-display-calculator-form-webkit\error-context.md
]]>
</failure>
<system-out>
<![CDATA[
[[ATTACHMENT|calculator-Calculator-Func-eb4b2-uld-display-calculator-form-webkit\test-failed-1.png]]

[[ATTACHMENT|calculator-Calculator-Func-eb4b2-uld-display-calculator-form-webkit\video.webm]]

[[ATTACHMENT|calculator-Calculator-Func-eb4b2-uld-display-calculator-form-webkit\error-context.md]]
]]>
</system-out>
</testcase>
<testcase name="Calculator Functionality › should format loan amount with commas" classname="calculator.spec.ts" time="7.309">
<failure message="calculator.spec.ts:16:7 should format loan amount with commas" type="FAILURE">
<![CDATA[  [webkit] › calculator.spec.ts:16:7 › Calculator Functionality › should format loan amount with commas 

    Error: Timed out 5000ms waiting for expect(locator).toHaveValue(expected)

    Locator: getByLabel('Loan Amount')
    Expected string: "250,000"
    Received string: "200,000"
    Call log:
      - Expect "toHaveValue" with timeout 5000ms
      - waiting for getByLabel('Loan Amount')
        8 × locator resolved to <input min="1000" type="text" id="principal" max="10000000" value="200,000" autocomplete="off" inputmode="numeric" placeholder="200000" class="w-full px-4 py-3 border rounded-lg focus:ring-2 focus:ring-blue-500 focus:border-blue-500 transition-colors border-gray-300"/>
          - unexpected value "200,000"


      22 |     // Should format with commas on blur
      23 |     await loanAmountInput.blur();
    > 24 |     await expect(loanAmountInput).toHaveValue('250,000');
         |                                   ^
      25 |   });
      26 |
      27 |   test('should validate form inputs', async ({ page }) => {
        at C:\DevProjects\AmCalc\tests\e2e\calculator.spec.ts:24:35

    attachment #1: screenshot (image/png) ──────────────────────────────────────────────────────────
    ..\..\test-results\calculator-Calculator-Func-6bb5b-mat-loan-amount-with-commas-webkit\test-failed-1.png
    ────────────────────────────────────────────────────────────────────────────────────────────────

    attachment #2: video (video/webm) ──────────────────────────────────────────────────────────────
    ..\..\test-results\calculator-Calculator-Func-6bb5b-mat-loan-amount-with-commas-webkit\video.webm
    ────────────────────────────────────────────────────────────────────────────────────────────────

    Error Context: ..\..\test-results\calculator-Calculator-Func-6bb5b-mat-loan-amount-with-commas-webkit\error-context.md
]]>
</failure>
<system-out>
<![CDATA[
[[ATTACHMENT|calculator-Calculator-Func-6bb5b-mat-loan-amount-with-commas-webkit\test-failed-1.png]]

[[ATTACHMENT|calculator-Calculator-Func-6bb5b-mat-loan-amount-with-commas-webkit\video.webm]]

[[ATTACHMENT|calculator-Calculator-Func-6bb5b-mat-loan-amount-with-commas-webkit\error-context.md]]
]]>
</system-out>
</testcase>
<testcase name="Calculator Functionality › should validate form inputs" classname="calculator.spec.ts" time="7.249">
<failure message="calculator.spec.ts:27:7 should validate form inputs" type="FAILURE">
<![CDATA[  [webkit] › calculator.spec.ts:27:7 › Calculator Functionality › should validate form inputs ──────

    Error: Timed out 5000ms waiting for expect(locator).toBeVisible()

    Locator: getByText('Loan amount is required')
    Expected: visible
    Received: <element(s) not found>
    Call log:
      - Expect "toBeVisible" with timeout 5000ms
      - waiting for getByText('Loan amount is required')


      30 |     
      31 |     // Should show validation errors
    > 32 |     await expect(page.getByText('Loan amount is required')).toBeVisible();
         |                                                             ^
      33 |     await expect(page.getByText('Interest rate is required')).toBeVisible();
      34 |     await expect(page.getByText('Loan term is required')).toBeVisible();
      35 |   });
        at C:\DevProjects\AmCalc\tests\e2e\calculator.spec.ts:32:61

    attachment #1: screenshot (image/png) ──────────────────────────────────────────────────────────
    ..\..\test-results\calculator-Calculator-Func-9ff1d-should-validate-form-inputs-webkit\test-failed-1.png
    ────────────────────────────────────────────────────────────────────────────────────────────────

    attachment #2: video (video/webm) ──────────────────────────────────────────────────────────────
    ..\..\test-results\calculator-Calculator-Func-9ff1d-should-validate-form-inputs-webkit\video.webm
    ────────────────────────────────────────────────────────────────────────────────────────────────

    Error Context: ..\..\test-results\calculator-Calculator-Func-9ff1d-should-validate-form-inputs-webkit\error-context.md
]]>
</failure>
<system-out>
<![CDATA[
[[ATTACHMENT|calculator-Calculator-Func-9ff1d-should-validate-form-inputs-webkit\test-failed-1.png]]

[[ATTACHMENT|calculator-Calculator-Func-9ff1d-should-validate-form-inputs-webkit\video.webm]]

[[ATTACHMENT|calculator-Calculator-Func-9ff1d-should-validate-form-inputs-webkit\error-context.md]]
]]>
</system-out>
</testcase>
<testcase name="Calculator Functionality › should validate loan amount minimum" classname="calculator.spec.ts" time="30.438">
<failure message="calculator.spec.ts:37:7 should validate loan amount minimum" type="FAILURE">
<![CDATA[  [webkit] › calculator.spec.ts:37:7 › Calculator Functionality › should validate loan amount minimum 

    Test timeout of 30000ms exceeded.

    Error: locator.fill: Test timeout of 30000ms exceeded.
    Call log:
      - waiting for getByLabel('Interest Rate (%)')


      37 |   test('should validate loan amount minimum', async ({ page }) => {
      38 |     await page.getByLabel('Loan Amount').fill('500');
    > 39 |     await page.getByLabel('Interest Rate (%)').fill('3.5');
         |                                                ^
      40 |     await page.getByLabel('Loan Term (Years)').fill('30');
      41 |     
      42 |     await page.getByRole('button', { name: 'Calculate' }).click();
        at C:\DevProjects\AmCalc\tests\e2e\calculator.spec.ts:39:48

    attachment #1: screenshot (image/png) ──────────────────────────────────────────────────────────
    ..\..\test-results\calculator-Calculator-Func-d2fed-alidate-loan-amount-minimum-webkit\test-failed-1.png
    ────────────────────────────────────────────────────────────────────────────────────────────────

    attachment #2: video (video/webm) ──────────────────────────────────────────────────────────────
    ..\..\test-results\calculator-Calculator-Func-d2fed-alidate-loan-amount-minimum-webkit\video.webm
    ────────────────────────────────────────────────────────────────────────────────────────────────

    Error Context: ..\..\test-results\calculator-Calculator-Func-d2fed-alidate-loan-amount-minimum-webkit\error-context.md
]]>
</failure>
<system-out>
<![CDATA[
[[ATTACHMENT|calculator-Calculator-Func-d2fed-alidate-loan-amount-minimum-webkit\test-failed-1.png]]

[[ATTACHMENT|calculator-Calculator-Func-d2fed-alidate-loan-amount-minimum-webkit\video.webm]]

[[ATTACHMENT|calculator-Calculator-Func-d2fed-alidate-loan-amount-minimum-webkit\error-context.md]]
]]>
</system-out>
</testcase>
<testcase name="Calculator Functionality › should validate interest rate range" classname="calculator.spec.ts" time="30.996">
<failure message="calculator.spec.ts:47:7 should validate interest rate range" type="FAILURE">
<![CDATA[  [webkit] › calculator.spec.ts:47:7 › Calculator Functionality › should validate interest rate range 

    Test timeout of 30000ms exceeded.

    Error: locator.fill: Test timeout of 30000ms exceeded.
    Call log:
      - waiting for getByLabel('Interest Rate (%)')


      47 |   test('should validate interest rate range', async ({ page }) => {
      48 |     await page.getByLabel('Loan Amount').fill('200000');
    > 49 |     await page.getByLabel('Interest Rate (%)').fill('30');
         |                                                ^
      50 |     await page.getByLabel('Loan Term (Years)').fill('30');
      51 |     
      52 |     await page.getByRole('button', { name: 'Calculate' }).click();
        at C:\DevProjects\AmCalc\tests\e2e\calculator.spec.ts:49:48

    attachment #1: screenshot (image/png) ──────────────────────────────────────────────────────────
    ..\..\test-results\calculator-Calculator-Func-6af33-alidate-interest-rate-range-webkit\test-failed-1.png
    ────────────────────────────────────────────────────────────────────────────────────────────────

    attachment #2: video (video/webm) ──────────────────────────────────────────────────────────────
    ..\..\test-results\calculator-Calculator-Func-6af33-alidate-interest-rate-range-webkit\video.webm
    ────────────────────────────────────────────────────────────────────────────────────────────────

    Error Context: ..\..\test-results\calculator-Calculator-Func-6af33-alidate-interest-rate-range-webkit\error-context.md
]]>
</failure>
<system-out>
<![CDATA[
[[ATTACHMENT|calculator-Calculator-Func-6af33-alidate-interest-rate-range-webkit\test-failed-1.png]]

[[ATTACHMENT|calculator-Calculator-Func-6af33-alidate-interest-rate-range-webkit\video.webm]]

[[ATTACHMENT|calculator-Calculator-Func-6af33-alidate-interest-rate-range-webkit\error-context.md]]
]]>
</system-out>
</testcase>
<testcase name="Calculator Functionality › should validate loan term range" classname="calculator.spec.ts" time="30.822">
<failure message="calculator.spec.ts:57:7 should validate loan term range" type="FAILURE">
<![CDATA[  [webkit] › calculator.spec.ts:57:7 › Calculator Functionality › should validate loan term range ──

    Test timeout of 30000ms exceeded.

    Error: locator.fill: Test timeout of 30000ms exceeded.
    Call log:
      - waiting for getByLabel('Interest Rate (%)')


      57 |   test('should validate loan term range', async ({ page }) => {
      58 |     await page.getByLabel('Loan Amount').fill('200000');
    > 59 |     await page.getByLabel('Interest Rate (%)').fill('3.5');
         |                                                ^
      60 |     await page.getByLabel('Loan Term (Years)').fill('60');
      61 |     
      62 |     await page.getByRole('button', { name: 'Calculate' }).click();
        at C:\DevProjects\AmCalc\tests\e2e\calculator.spec.ts:59:48

    attachment #1: screenshot (image/png) ──────────────────────────────────────────────────────────
    ..\..\test-results\calculator-Calculator-Func-3d007-ld-validate-loan-term-range-webkit\test-failed-1.png
    ────────────────────────────────────────────────────────────────────────────────────────────────

    attachment #2: video (video/webm) ──────────────────────────────────────────────────────────────
    ..\..\test-results\calculator-Calculator-Func-3d007-ld-validate-loan-term-range-webkit\video.webm
    ────────────────────────────────────────────────────────────────────────────────────────────────

    Error Context: ..\..\test-results\calculator-Calculator-Func-3d007-ld-validate-loan-term-range-webkit\error-context.md
]]>
</failure>
<system-out>
<![CDATA[
[[ATTACHMENT|calculator-Calculator-Func-3d007-ld-validate-loan-term-range-webkit\test-failed-1.png]]

[[ATTACHMENT|calculator-Calculator-Func-3d007-ld-validate-loan-term-range-webkit\video.webm]]

[[ATTACHMENT|calculator-Calculator-Func-3d007-ld-validate-loan-term-range-webkit\error-context.md]]
]]>
</system-out>
</testcase>
<testcase name="Calculator Functionality › should perform successful calculation" classname="calculator.spec.ts" time="30.81">
<failure message="calculator.spec.ts:67:7 should perform successful calculation" type="FAILURE">
<![CDATA[  [webkit] › calculator.spec.ts:67:7 › Calculator Functionality › should perform successful calculation 

    Test timeout of 30000ms exceeded.

    Error: locator.fill: Test timeout of 30000ms exceeded.
    Call log:
      - waiting for getByLabel('Interest Rate (%)')


      68 |     // Fill out form with valid data
      69 |     await page.getByLabel('Loan Amount').fill('200000');
    > 70 |     await page.getByLabel('Interest Rate (%)').fill('3.5');
         |                                                ^
      71 |     await page.getByLabel('Loan Term (Years)').fill('30');
      72 |     
      73 |     // Submit form
        at C:\DevProjects\AmCalc\tests\e2e\calculator.spec.ts:70:48

    attachment #1: screenshot (image/png) ──────────────────────────────────────────────────────────
    ..\..\test-results\calculator-Calculator-Func-0046f-form-successful-calculation-webkit\test-failed-1.png
    ────────────────────────────────────────────────────────────────────────────────────────────────

    attachment #2: video (video/webm) ──────────────────────────────────────────────────────────────
    ..\..\test-results\calculator-Calculator-Func-0046f-form-successful-calculation-webkit\video.webm
    ────────────────────────────────────────────────────────────────────────────────────────────────

    Error Context: ..\..\test-results\calculator-Calculator-Func-0046f-form-successful-calculation-webkit\error-context.md
]]>
</failure>
<system-out>
<![CDATA[
[[ATTACHMENT|calculator-Calculator-Func-0046f-form-successful-calculation-webkit\test-failed-1.png]]

[[ATTACHMENT|calculator-Calculator-Func-0046f-form-successful-calculation-webkit\video.webm]]

[[ATTACHMENT|calculator-Calculator-Func-0046f-form-successful-calculation-webkit\error-context.md]]
]]>
</system-out>
</testcase>
<testcase name="Calculator Functionality › should display amortization table with pagination" classname="calculator.spec.ts" time="30.458">
<failure message="calculator.spec.ts:93:7 should display amortization table with pagination" type="FAILURE">
<![CDATA[  [webkit] › calculator.spec.ts:93:7 › Calculator Functionality › should display amortization table with pagination 

    Test timeout of 30000ms exceeded.

    Error: locator.fill: Test timeout of 30000ms exceeded.
    Call log:
      - waiting for getByLabel('Interest Rate (%)')


      94 |     // Perform calculation
      95 |     await page.getByLabel('Loan Amount').fill('200000');
    > 96 |     await page.getByLabel('Interest Rate (%)').fill('3.5');
         |                                                ^
      97 |     await page.getByLabel('Loan Term (Years)').fill('30');
      98 |     await page.getByRole('button', { name: 'Calculate' }).click();
      99 |     
        at C:\DevProjects\AmCalc\tests\e2e\calculator.spec.ts:96:48

    attachment #1: screenshot (image/png) ──────────────────────────────────────────────────────────
    ..\..\test-results\calculator-Calculator-Func-43388-ation-table-with-pagination-webkit\test-failed-1.png
    ────────────────────────────────────────────────────────────────────────────────────────────────

    attachment #2: video (video/webm) ──────────────────────────────────────────────────────────────
    ..\..\test-results\calculator-Calculator-Func-43388-ation-table-with-pagination-webkit\video.webm
    ────────────────────────────────────────────────────────────────────────────────────────────────

    Error Context: ..\..\test-results\calculator-Calculator-Func-43388-ation-table-with-pagination-webkit\error-context.md
]]>
</failure>
<system-out>
<![CDATA[
[[ATTACHMENT|calculator-Calculator-Func-43388-ation-table-with-pagination-webkit\test-failed-1.png]]

[[ATTACHMENT|calculator-Calculator-Func-43388-ation-table-with-pagination-webkit\video.webm]]

[[ATTACHMENT|calculator-Calculator-Func-43388-ation-table-with-pagination-webkit\error-context.md]]
]]>
</system-out>
</testcase>
<testcase name="Calculator Functionality › should export amortization table" classname="calculator.spec.ts" time="30.759">
<failure message="calculator.spec.ts:108:7 should export amortization table" type="FAILURE">
<![CDATA[  [webkit] › calculator.spec.ts:108:7 › Calculator Functionality › should export amortization table 

    Test timeout of 30000ms exceeded.

    Error: locator.fill: Test timeout of 30000ms exceeded.
    Call log:
      - waiting for getByLabel('Interest Rate (%)')


      109 |     // Perform calculation
      110 |     await page.getByLabel('Loan Amount').fill('200000');
    > 111 |     await page.getByLabel('Interest Rate (%)').fill('3.5');
          |                                                ^
      112 |     await page.getByLabel('Loan Term (Years)').fill('30');
      113 |     await page.getByRole('button', { name: 'Calculate' }).click();
      114 |     
        at C:\DevProjects\AmCalc\tests\e2e\calculator.spec.ts:111:48

    attachment #1: screenshot (image/png) ──────────────────────────────────────────────────────────
    ..\..\test-results\calculator-Calculator-Func-9108c-d-export-amortization-table-webkit\test-failed-1.png
    ────────────────────────────────────────────────────────────────────────────────────────────────

    attachment #2: video (video/webm) ──────────────────────────────────────────────────────────────
    ..\..\test-results\calculator-Calculator-Func-9108c-d-export-amortization-table-webkit\video.webm
    ────────────────────────────────────────────────────────────────────────────────────────────────

    Error Context: ..\..\test-results\calculator-Calculator-Func-9108c-d-export-amortization-table-webkit\error-context.md
]]>
</failure>
<system-out>
<![CDATA[
[[ATTACHMENT|calculator-Calculator-Func-9108c-d-export-amortization-table-webkit\test-failed-1.png]]

[[ATTACHMENT|calculator-Calculator-Func-9108c-d-export-amortization-table-webkit\video.webm]]

[[ATTACHMENT|calculator-Calculator-Func-9108c-d-export-amortization-table-webkit\error-context.md]]
]]>
</system-out>
</testcase>
<testcase name="Calculator Functionality › should handle interest rate input correctly" classname="calculator.spec.ts" time="30.587">
<failure message="calculator.spec.ts:123:7 should handle interest rate input correctly" type="FAILURE">
<![CDATA[  [webkit] › calculator.spec.ts:123:7 › Calculator Functionality › should handle interest rate input correctly 

    Test timeout of 30000ms exceeded.

    Error: locator.fill: Test timeout of 30000ms exceeded.
    Call log:
      - waiting for getByLabel('Interest Rate (%)')


      125 |     
      126 |     // Type a decimal number
    > 127 |     await interestRateInput.fill('3.5');
          |                             ^
      128 |     
      129 |     // Should maintain the value
      130 |     await expect(interestRateInput).toHaveValue('3.5');
        at C:\DevProjects\AmCalc\tests\e2e\calculator.spec.ts:127:29

    attachment #1: screenshot (image/png) ──────────────────────────────────────────────────────────
    ..\..\test-results\calculator-Calculator-Func-4c152-terest-rate-input-correctly-webkit\test-failed-1.png
    ────────────────────────────────────────────────────────────────────────────────────────────────

    attachment #2: video (video/webm) ──────────────────────────────────────────────────────────────
    ..\..\test-results\calculator-Calculator-Func-4c152-terest-rate-input-correctly-webkit\video.webm
    ────────────────────────────────────────────────────────────────────────────────────────────────

    Error Context: ..\..\test-results\calculator-Calculator-Func-4c152-terest-rate-input-correctly-webkit\error-context.md
]]>
</failure>
<system-out>
<![CDATA[
[[ATTACHMENT|calculator-Calculator-Func-4c152-terest-rate-input-correctly-webkit\test-failed-1.png]]

[[ATTACHMENT|calculator-Calculator-Func-4c152-terest-rate-input-correctly-webkit\video.webm]]

[[ATTACHMENT|calculator-Calculator-Func-4c152-terest-rate-input-correctly-webkit\error-context.md]]
]]>
</system-out>
</testcase>
<testcase name="Calculator Functionality › should be responsive on mobile" classname="calculator.spec.ts" time="6.927">
<failure message="calculator.spec.ts:133:7 should be responsive on mobile" type="FAILURE">
<![CDATA[  [webkit] › calculator.spec.ts:133:7 › Calculator Functionality › should be responsive on mobile ──

    Error: Timed out 5000ms waiting for expect(locator).toBeVisible()

    Locator: getByLabel('Interest Rate (%)')
    Expected: visible
    Received: <element(s) not found>
    Call log:
      - Expect "toBeVisible" with timeout 5000ms
      - waiting for getByLabel('Interest Rate (%)')


      137 |     // Should still show all form elements
      138 |     await expect(page.getByLabel('Loan Amount')).toBeVisible();
    > 139 |     await expect(page.getByLabel('Interest Rate (%)')).toBeVisible();
          |                                                        ^
      140 |     await expect(page.getByLabel('Loan Term (Years)')).toBeVisible();
      141 |     await expect(page.getByRole('button', { name: 'Calculate' })).toBeVisible();
      142 |     
        at C:\DevProjects\AmCalc\tests\e2e\calculator.spec.ts:139:56

    attachment #1: screenshot (image/png) ──────────────────────────────────────────────────────────
    ..\..\test-results\calculator-Calculator-Func-27a27-uld-be-responsive-on-mobile-webkit\test-failed-1.png
    ────────────────────────────────────────────────────────────────────────────────────────────────

    attachment #2: video (video/webm) ──────────────────────────────────────────────────────────────
    ..\..\test-results\calculator-Calculator-Func-27a27-uld-be-responsive-on-mobile-webkit\video.webm
    ────────────────────────────────────────────────────────────────────────────────────────────────

    Error Context: ..\..\test-results\calculator-Calculator-Func-27a27-uld-be-responsive-on-mobile-webkit\error-context.md
]]>
</failure>
<system-out>
<![CDATA[
[[ATTACHMENT|calculator-Calculator-Func-27a27-uld-be-responsive-on-mobile-webkit\test-failed-1.png]]

[[ATTACHMENT|calculator-Calculator-Func-27a27-uld-be-responsive-on-mobile-webkit\video.webm]]

[[ATTACHMENT|calculator-Calculator-Func-27a27-uld-be-responsive-on-mobile-webkit\error-context.md]]
]]>
</system-out>
</testcase>
<testcase name="Calculator Functionality › should show guest mode message" classname="calculator.spec.ts" time="2.055">
</testcase>
<testcase name="Calculator Functionality › should allow multiple calculations" classname="calculator.spec.ts" time="30.518">
<failure message="calculator.spec.ts:158:7 should allow multiple calculations" type="FAILURE">
<![CDATA[  [webkit] › calculator.spec.ts:158:7 › Calculator Functionality › should allow multiple calculations 

    Test timeout of 30000ms exceeded.

    Error: locator.fill: Test timeout of 30000ms exceeded.
    Call log:
      - waiting for getByLabel('Interest Rate (%)')


      159 |     // First calculation
      160 |     await page.getByLabel('Loan Amount').fill('200000');
    > 161 |     await page.getByLabel('Interest Rate (%)').fill('3.5');
          |                                                ^
      162 |     await page.getByLabel('Loan Term (Years)').fill('30');
      163 |     await page.getByRole('button', { name: 'Calculate' }).click();
      164 |     
        at C:\DevProjects\AmCalc\tests\e2e\calculator.spec.ts:161:48

    attachment #1: screenshot (image/png) ──────────────────────────────────────────────────────────
    ..\..\test-results\calculator-Calculator-Func-12cab-allow-multiple-calculations-webkit\test-failed-1.png
    ────────────────────────────────────────────────────────────────────────────────────────────────

    attachment #2: video (video/webm) ──────────────────────────────────────────────────────────────
    ..\..\test-results\calculator-Calculator-Func-12cab-allow-multiple-calculations-webkit\video.webm
    ────────────────────────────────────────────────────────────────────────────────────────────────

    Error Context: ..\..\test-results\calculator-Calculator-Func-12cab-allow-multiple-calculations-webkit\error-context.md
]]>
</failure>
<system-out>
<![CDATA[
[[ATTACHMENT|calculator-Calculator-Func-12cab-allow-multiple-calculations-webkit\test-failed-1.png]]

[[ATTACHMENT|calculator-Calculator-Func-12cab-allow-multiple-calculations-webkit\video.webm]]

[[ATTACHMENT|calculator-Calculator-Func-12cab-allow-multiple-calculations-webkit\error-context.md]]
]]>
</system-out>
</testcase>
</testsuite>
<testsuite name="navigation.spec.ts" timestamp="2025-07-16T23:46:31.629Z" hostname="webkit" tests="14" failures="13" skipped="0" time="105.365" errors="0">
<testcase name="Navigation and Layout › should display landing page with navigation" classname="navigation.spec.ts" time="2.07">
<failure message="navigation.spec.ts:8:7 should display landing page with navigation" type="FAILURE">
<![CDATA[  [webkit] › navigation.spec.ts:8:7 › Navigation and Layout › should display landing page with navigation 

    Error: expect.toBeVisible: Error: strict mode violation: getByRole('heading', { name: 'AmCalc' }) resolved to 2 elements:
        1) <h1 class="text-3xl font-bold text-gray-900">AmCalc</h1> aka locator('h1')
        2) <h3 class="text-2xl font-bold text-white">AmCalc</h3> aka getByRole('contentinfo').getByRole('heading', { name: 'AmCalc' })

    Call log:
      - Expect "toBeVisible" with timeout 5000ms
      - waiting for getByRole('heading', { name: 'AmCalc' })


       7 |
       8 |   test('should display landing page with navigation', async ({ page }) => {
    >  9 |     await expect(page.getByRole('heading', { name: 'AmCalc' })).toBeVisible();
         |                                                                 ^
      10 |     await expect(page.getByRole('navigation')).toBeVisible();
      11 |     
      12 |     // Should show main navigation links
        at C:\DevProjects\AmCalc\tests\e2e\navigation.spec.ts:9:65

    attachment #1: screenshot (image/png) ──────────────────────────────────────────────────────────
    ..\..\test-results\navigation-Navigation-and--a7509-anding-page-with-navigation-webkit\test-failed-1.png
    ────────────────────────────────────────────────────────────────────────────────────────────────

    attachment #2: video (video/webm) ──────────────────────────────────────────────────────────────
    ..\..\test-results\navigation-Navigation-and--a7509-anding-page-with-navigation-webkit\video.webm
    ────────────────────────────────────────────────────────────────────────────────────────────────

    Error Context: ..\..\test-results\navigation-Navigation-and--a7509-anding-page-with-navigation-webkit\error-context.md
]]>
</failure>
<system-out>
<![CDATA[
[[ATTACHMENT|navigation-Navigation-and--a7509-anding-page-with-navigation-webkit\test-failed-1.png]]

[[ATTACHMENT|navigation-Navigation-and--a7509-anding-page-with-navigation-webkit\video.webm]]

[[ATTACHMENT|navigation-Navigation-and--a7509-anding-page-with-navigation-webkit\error-context.md]]
]]>
</system-out>
</testcase>
<testcase name="Navigation and Layout › should navigate to calculator page" classname="navigation.spec.ts" time="1.758">
<failure message="navigation.spec.ts:18:7 should navigate to calculator page" type="FAILURE">
<![CDATA[  [webkit] › navigation.spec.ts:18:7 › Navigation and Layout › should navigate to calculator page ──

    Error: locator.click: Error: strict mode violation: getByRole('link', { name: 'Calculator' }) resolved to 2 elements:
        1) <a href="/calculator" class="w-full flex items-center justify-center px-8 py-3 border border-transparent text-base font-medium rounded-md text-white bg-blue-600 hover:bg-blue-700 md:py-4 md:text-lg md:px-10">Try Calculator</a> aka getByRole('link', { name: 'Try Calculator' })
        2) <a href="/calculator" class="text-gray-400 hover:text-white">Calculator</a> aka getByRole('link', { name: 'Calculator', exact: true })

    Call log:
      - waiting for getByRole('link', { name: 'Calculator' })


      17 |
      18 |   test('should navigate to calculator page', async ({ page }) => {
    > 19 |     await page.getByRole('link', { name: 'Calculator' }).click();
         |                                                          ^
      20 |     await expect(page).toHaveURL('/calculator');
      21 |     await expect(page.getByRole('heading', { name: 'Amortization Calculator' })).toBeVisible();
      22 |   });
        at C:\DevProjects\AmCalc\tests\e2e\navigation.spec.ts:19:58

    attachment #1: screenshot (image/png) ──────────────────────────────────────────────────────────
    ..\..\test-results\navigation-Navigation-and--b3c34-navigate-to-calculator-page-webkit\test-failed-1.png
    ────────────────────────────────────────────────────────────────────────────────────────────────

    attachment #2: video (video/webm) ──────────────────────────────────────────────────────────────
    ..\..\test-results\navigation-Navigation-and--b3c34-navigate-to-calculator-page-webkit\video.webm
    ────────────────────────────────────────────────────────────────────────────────────────────────

    Error Context: ..\..\test-results\navigation-Navigation-and--b3c34-navigate-to-calculator-page-webkit\error-context.md
]]>
</failure>
<system-out>
<![CDATA[
[[ATTACHMENT|navigation-Navigation-and--b3c34-navigate-to-calculator-page-webkit\test-failed-1.png]]

[[ATTACHMENT|navigation-Navigation-and--b3c34-navigate-to-calculator-page-webkit\video.webm]]

[[ATTACHMENT|navigation-Navigation-and--b3c34-navigate-to-calculator-page-webkit\error-context.md]]
]]>
</system-out>
</testcase>
<testcase name="Navigation and Layout › should navigate to auth page" classname="navigation.spec.ts" time="1.898">
<failure message="navigation.spec.ts:24:7 should navigate to auth page" type="FAILURE">
<![CDATA[  [webkit] › navigation.spec.ts:24:7 › Navigation and Layout › should navigate to auth page ────────

    Error: locator.click: Error: strict mode violation: getByRole('link', { name: 'Sign In' }) resolved to 2 elements:
        1) <a href="/auth" class="text-gray-600 hover:text-gray-900 px-3 py-2 rounded-md text-sm font-medium">Sign In</a> aka getByRole('navigation').getByRole('link', { name: 'Sign In' })
        2) <a href="/auth" class="text-gray-400 hover:text-white">Sign In</a> aka getByRole('contentinfo').getByRole('link', { name: 'Sign In' })

    Call log:
      - waiting for getByRole('link', { name: 'Sign In' })


      23 |
      24 |   test('should navigate to auth page', async ({ page }) => {
    > 25 |     await page.getByRole('link', { name: 'Sign In' }).click();
         |                                                       ^
      26 |     await expect(page).toHaveURL('/auth');
      27 |     await expect(page.getByRole('heading', { name: 'Sign In' })).toBeVisible();
      28 |   });
        at C:\DevProjects\AmCalc\tests\e2e\navigation.spec.ts:25:55

    attachment #1: screenshot (image/png) ──────────────────────────────────────────────────────────
    ..\..\test-results\navigation-Navigation-and--939bf-hould-navigate-to-auth-page-webkit\test-failed-1.png
    ────────────────────────────────────────────────────────────────────────────────────────────────

    attachment #2: video (video/webm) ──────────────────────────────────────────────────────────────
    ..\..\test-results\navigation-Navigation-and--939bf-hould-navigate-to-auth-page-webkit\video.webm
    ────────────────────────────────────────────────────────────────────────────────────────────────

    Error Context: ..\..\test-results\navigation-Navigation-and--939bf-hould-navigate-to-auth-page-webkit\error-context.md
]]>
</failure>
<system-out>
<![CDATA[
[[ATTACHMENT|navigation-Navigation-and--939bf-hould-navigate-to-auth-page-webkit\test-failed-1.png]]

[[ATTACHMENT|navigation-Navigation-and--939bf-hould-navigate-to-auth-page-webkit\video.webm]]

[[ATTACHMENT|navigation-Navigation-and--939bf-hould-navigate-to-auth-page-webkit\error-context.md]]
]]>
</system-out>
</testcase>
<testcase name="Navigation and Layout › should navigate to registration from landing page" classname="navigation.spec.ts" time="9.283">
<failure message="navigation.spec.ts:30:7 should navigate to registration from landing page" type="FAILURE">
<![CDATA[  [webkit] › navigation.spec.ts:30:7 › Navigation and Layout › should navigate to registration from landing page 

    Error: Timed out 5000ms waiting for expect(locator).toBeVisible()

    Locator: getByRole('heading', { name: 'Create Account' })
    Expected: visible
    Received: <element(s) not found>
    Call log:
      - Expect "toBeVisible" with timeout 5000ms
      - waiting for getByRole('heading', { name: 'Create Account' })


      31 |     await page.getByRole('link', { name: 'Create Account' }).click();
      32 |     await expect(page).toHaveURL('/auth');
    > 33 |     await expect(page.getByRole('heading', { name: 'Create Account' })).toBeVisible();
         |                                                                         ^
      34 |   });
      35 |
      36 |   test('should be responsive on mobile', async ({ page }) => {
        at C:\DevProjects\AmCalc\tests\e2e\navigation.spec.ts:33:73

    attachment #1: screenshot (image/png) ──────────────────────────────────────────────────────────
    ..\..\test-results\navigation-Navigation-and--c10ba-istration-from-landing-page-webkit\test-failed-1.png
    ────────────────────────────────────────────────────────────────────────────────────────────────

    attachment #2: video (video/webm) ──────────────────────────────────────────────────────────────
    ..\..\test-results\navigation-Navigation-and--c10ba-istration-from-landing-page-webkit\video.webm
    ────────────────────────────────────────────────────────────────────────────────────────────────

    Error Context: ..\..\test-results\navigation-Navigation-and--c10ba-istration-from-landing-page-webkit\error-context.md
]]>
</failure>
<system-out>
<![CDATA[
[[ATTACHMENT|navigation-Navigation-and--c10ba-istration-from-landing-page-webkit\test-failed-1.png]]

[[ATTACHMENT|navigation-Navigation-and--c10ba-istration-from-landing-page-webkit\video.webm]]

[[ATTACHMENT|navigation-Navigation-and--c10ba-istration-from-landing-page-webkit\error-context.md]]
]]>
</system-out>
</testcase>
<testcase name="Navigation and Layout › should be responsive on mobile" classname="navigation.spec.ts" time="1.844">
<failure message="navigation.spec.ts:36:7 should be responsive on mobile" type="FAILURE">
<![CDATA[  [webkit] › navigation.spec.ts:36:7 › Navigation and Layout › should be responsive on mobile ──────

    Error: expect.toBeVisible: Error: strict mode violation: getByRole('link', { name: 'Calculator' }) resolved to 2 elements:
        1) <a href="/calculator" class="w-full flex items-center justify-center px-8 py-3 border border-transparent text-base font-medium rounded-md text-white bg-blue-600 hover:bg-blue-700 md:py-4 md:text-lg md:px-10">Try Calculator</a> aka getByRole('link', { name: 'Try Calculator' })
        2) <a href="/calculator" class="text-gray-400 hover:text-white">Calculator</a> aka getByRole('link', { name: 'Calculator', exact: true })

    Call log:
      - Expect "toBeVisible" with timeout 5000ms
      - waiting for getByRole('link', { name: 'Calculator' })


      40 |     // Should still show navigation
      41 |     await expect(page.getByRole('navigation')).toBeVisible();
    > 42 |     await expect(page.getByRole('link', { name: 'Calculator' })).toBeVisible();
         |                                                                  ^
      43 |     await expect(page.getByRole('link', { name: 'Sign In' })).toBeVisible();
      44 |   });
      45 |
        at C:\DevProjects\AmCalc\tests\e2e\navigation.spec.ts:42:66

    attachment #1: screenshot (image/png) ──────────────────────────────────────────────────────────
    ..\..\test-results\navigation-Navigation-and--77119-uld-be-responsive-on-mobile-webkit\test-failed-1.png
    ────────────────────────────────────────────────────────────────────────────────────────────────

    attachment #2: video (video/webm) ──────────────────────────────────────────────────────────────
    ..\..\test-results\navigation-Navigation-and--77119-uld-be-responsive-on-mobile-webkit\video.webm
    ────────────────────────────────────────────────────────────────────────────────────────────────

    Error Context: ..\..\test-results\navigation-Navigation-and--77119-uld-be-responsive-on-mobile-webkit\error-context.md
]]>
</failure>
<system-out>
<![CDATA[
[[ATTACHMENT|navigation-Navigation-and--77119-uld-be-responsive-on-mobile-webkit\test-failed-1.png]]

[[ATTACHMENT|navigation-Navigation-and--77119-uld-be-responsive-on-mobile-webkit\video.webm]]

[[ATTACHMENT|navigation-Navigation-and--77119-uld-be-responsive-on-mobile-webkit\error-context.md]]
]]>
</system-out>
</testcase>
<testcase name="Navigation and Layout › should redirect authenticated users from auth page" classname="navigation.spec.ts" time="9.159">
<failure message="navigation.spec.ts:46:7 should redirect authenticated users from auth page" type="FAILURE">
<![CDATA[  [webkit] › navigation.spec.ts:46:7 › Navigation and Layout › should redirect authenticated users from auth page 

    Error: Timed out 5000ms waiting for expect(page).toHaveURL(expected)

    Expected string: "http://localhost:3000/dashboard"
    Received string: "http://localhost:3000/auth"
    Call log:
      - Expect "toHaveURL" with timeout 5000ms
        8 × unexpected value "http://localhost:3000/auth"


      52 |     
      53 |     // Should redirect to dashboard
    > 54 |     await expect(page).toHaveURL('/dashboard');
         |                        ^
      55 |     
      56 |     // Try to access auth page again
      57 |     await page.goto('/auth');
        at C:\DevProjects\AmCalc\tests\e2e\navigation.spec.ts:54:24

    attachment #1: screenshot (image/png) ──────────────────────────────────────────────────────────
    ..\..\test-results\navigation-Navigation-and--f9d01-icated-users-from-auth-page-webkit\test-failed-1.png
    ────────────────────────────────────────────────────────────────────────────────────────────────

    attachment #2: video (video/webm) ──────────────────────────────────────────────────────────────
    ..\..\test-results\navigation-Navigation-and--f9d01-icated-users-from-auth-page-webkit\video.webm
    ────────────────────────────────────────────────────────────────────────────────────────────────

    Error Context: ..\..\test-results\navigation-Navigation-and--f9d01-icated-users-from-auth-page-webkit\error-context.md
]]>
</failure>
<system-out>
<![CDATA[
[[ATTACHMENT|navigation-Navigation-and--f9d01-icated-users-from-auth-page-webkit\test-failed-1.png]]

[[ATTACHMENT|navigation-Navigation-and--f9d01-icated-users-from-auth-page-webkit\video.webm]]

[[ATTACHMENT|navigation-Navigation-and--f9d01-icated-users-from-auth-page-webkit\error-context.md]]
]]>
</system-out>
</testcase>
<testcase name="Navigation and Layout › should show authenticated navigation after login" classname="navigation.spec.ts" time="9.52">
<failure message="navigation.spec.ts:63:7 should show authenticated navigation after login" type="FAILURE">
<![CDATA[  [webkit] › navigation.spec.ts:63:7 › Navigation and Layout › should show authenticated navigation after login 

    Error: Timed out 5000ms waiting for expect(locator).toBeVisible()

    Locator: getByRole('link', { name: 'Dashboard' })
    Expected: visible
    Received: <element(s) not found>
    Call log:
      - Expect "toBeVisible" with timeout 5000ms
      - waiting for getByRole('link', { name: 'Dashboard' })


      69 |     
      70 |     // Should show authenticated navigation
    > 71 |     await expect(page.getByRole('link', { name: 'Dashboard' })).toBeVisible();
         |                                                                 ^
      72 |     await expect(page.getByRole('link', { name: 'Calculator' })).toBeVisible();
      73 |     await expect(page.getByRole('link', { name: 'Settings' })).toBeVisible();
      74 |     await expect(page.getByRole('button', { name: 'Sign Out' })).toBeVisible();
        at C:\DevProjects\AmCalc\tests\e2e\navigation.spec.ts:71:65

    attachment #1: screenshot (image/png) ──────────────────────────────────────────────────────────
    ..\..\test-results\navigation-Navigation-and--64d5e-ated-navigation-after-login-webkit\test-failed-1.png
    ────────────────────────────────────────────────────────────────────────────────────────────────

    attachment #2: video (video/webm) ──────────────────────────────────────────────────────────────
    ..\..\test-results\navigation-Navigation-and--64d5e-ated-navigation-after-login-webkit\video.webm
    ────────────────────────────────────────────────────────────────────────────────────────────────

    Error Context: ..\..\test-results\navigation-Navigation-and--64d5e-ated-navigation-after-login-webkit\error-context.md
]]>
</failure>
<system-out>
<![CDATA[
[[ATTACHMENT|navigation-Navigation-and--64d5e-ated-navigation-after-login-webkit\test-failed-1.png]]

[[ATTACHMENT|navigation-Navigation-and--64d5e-ated-navigation-after-login-webkit\video.webm]]

[[ATTACHMENT|navigation-Navigation-and--64d5e-ated-navigation-after-login-webkit\error-context.md]]
]]>
</system-out>
</testcase>
<testcase name="Navigation and Layout › should logout successfully" classname="navigation.spec.ts" time="9.051">
<failure message="navigation.spec.ts:77:7 should logout successfully" type="FAILURE">
<![CDATA[  [webkit] › navigation.spec.ts:77:7 › Navigation and Layout › should logout successfully ──────────

    Error: Timed out 5000ms waiting for expect(page).toHaveURL(expected)

    Expected string: "http://localhost:3000/dashboard"
    Received string: "http://localhost:3000/auth"
    Call log:
      - Expect "toHaveURL" with timeout 5000ms
        8 × unexpected value "http://localhost:3000/auth"


      83 |     
      84 |     // Should be on dashboard
    > 85 |     await expect(page).toHaveURL('/dashboard');
         |                        ^
      86 |     
      87 |     // Logout
      88 |     await page.getByRole('button', { name: 'Sign Out' }).click();
        at C:\DevProjects\AmCalc\tests\e2e\navigation.spec.ts:85:24

    attachment #1: screenshot (image/png) ──────────────────────────────────────────────────────────
    ..\..\test-results\navigation-Navigation-and-Layout-should-logout-successfully-webkit\test-failed-1.png
    ────────────────────────────────────────────────────────────────────────────────────────────────

    attachment #2: video (video/webm) ──────────────────────────────────────────────────────────────
    ..\..\test-results\navigation-Navigation-and-Layout-should-logout-successfully-webkit\video.webm
    ────────────────────────────────────────────────────────────────────────────────────────────────

    Error Context: ..\..\test-results\navigation-Navigation-and-Layout-should-logout-successfully-webkit\error-context.md
]]>
</failure>
<system-out>
<![CDATA[
[[ATTACHMENT|navigation-Navigation-and-Layout-should-logout-successfully-webkit\test-failed-1.png]]

[[ATTACHMENT|navigation-Navigation-and-Layout-should-logout-successfully-webkit\video.webm]]

[[ATTACHMENT|navigation-Navigation-and-Layout-should-logout-successfully-webkit\error-context.md]]
]]>
</system-out>
</testcase>
<testcase name="Navigation and Layout › should protect dashboard route" classname="navigation.spec.ts" time="6.713">
<failure message="navigation.spec.ts:98:7 should protect dashboard route" type="FAILURE">
<![CDATA[  [webkit] › navigation.spec.ts:98:7 › Navigation and Layout › should protect dashboard route ──────

    Error: Timed out 5000ms waiting for expect(page).toHaveURL(expected)

    Expected string: "http://localhost:3000/auth"
    Received string: "http://localhost:3000/auth/login"
    Call log:
      - Expect "toHaveURL" with timeout 5000ms
        3 × unexpected value "http://localhost:3000/dashboard"
        - waiting for navigation to finish...
        - navigated to "http://localhost:3000/auth/login"
        5 × unexpected value "http://localhost:3000/auth/login"


      101 |     
      102 |     // Should redirect to auth page
    > 103 |     await expect(page).toHaveURL('/auth');
          |                        ^
      104 |   });
      105 |
      106 |   test('should protect settings route', async ({ page }) => {
        at C:\DevProjects\AmCalc\tests\e2e\navigation.spec.ts:103:24

    attachment #1: screenshot (image/png) ──────────────────────────────────────────────────────────
    ..\..\test-results\navigation-Navigation-and--53fd4-uld-protect-dashboard-route-webkit\test-failed-1.png
    ────────────────────────────────────────────────────────────────────────────────────────────────

    attachment #2: video (video/webm) ──────────────────────────────────────────────────────────────
    ..\..\test-results\navigation-Navigation-and--53fd4-uld-protect-dashboard-route-webkit\video.webm
    ────────────────────────────────────────────────────────────────────────────────────────────────

    Error Context: ..\..\test-results\navigation-Navigation-and--53fd4-uld-protect-dashboard-route-webkit\error-context.md
]]>
</failure>
<system-out>
<![CDATA[
[[ATTACHMENT|navigation-Navigation-and--53fd4-uld-protect-dashboard-route-webkit\test-failed-1.png]]

[[ATTACHMENT|navigation-Navigation-and--53fd4-uld-protect-dashboard-route-webkit\video.webm]]

[[ATTACHMENT|navigation-Navigation-and--53fd4-uld-protect-dashboard-route-webkit\error-context.md]]
]]>
</system-out>
</testcase>
<testcase name="Navigation and Layout › should protect settings route" classname="navigation.spec.ts" time="7.041">
<failure message="navigation.spec.ts:106:7 should protect settings route" type="FAILURE">
<![CDATA[  [webkit] › navigation.spec.ts:106:7 › Navigation and Layout › should protect settings route ──────

    Error: Timed out 5000ms waiting for expect(page).toHaveURL(expected)

    Expected string: "http://localhost:3000/auth"
    Received string: "http://localhost:3000/auth/login"
    Call log:
      - Expect "toHaveURL" with timeout 5000ms
        4 × unexpected value "http://localhost:3000/settings"
        4 × unexpected value "http://localhost:3000/auth/login"


      109 |     
      110 |     // Should redirect to auth page
    > 111 |     await expect(page).toHaveURL('/auth');
          |                        ^
      112 |   });
      113 |
      114 |   test('should allow access to calculator without authentication', async ({ page }) => {
        at C:\DevProjects\AmCalc\tests\e2e\navigation.spec.ts:111:24

    attachment #1: screenshot (image/png) ──────────────────────────────────────────────────────────
    ..\..\test-results\navigation-Navigation-and--fe962-ould-protect-settings-route-webkit\test-failed-1.png
    ────────────────────────────────────────────────────────────────────────────────────────────────

    attachment #2: video (video/webm) ──────────────────────────────────────────────────────────────
    ..\..\test-results\navigation-Navigation-and--fe962-ould-protect-settings-route-webkit\video.webm
    ────────────────────────────────────────────────────────────────────────────────────────────────

    Error Context: ..\..\test-results\navigation-Navigation-and--fe962-ould-protect-settings-route-webkit\error-context.md
]]>
</failure>
<system-out>
<![CDATA[
[[ATTACHMENT|navigation-Navigation-and--fe962-ould-protect-settings-route-webkit\test-failed-1.png]]

[[ATTACHMENT|navigation-Navigation-and--fe962-ould-protect-settings-route-webkit\video.webm]]

[[ATTACHMENT|navigation-Navigation-and--fe962-ould-protect-settings-route-webkit\error-context.md]]
]]>
</system-out>
</testcase>
<testcase name="Navigation and Layout › should allow access to calculator without authentication" classname="navigation.spec.ts" time="2.547">
</testcase>
<testcase name="Navigation and Layout › should show footer on all pages" classname="navigation.spec.ts" time="6.967">
<failure message="navigation.spec.ts:121:7 should show footer on all pages" type="FAILURE">
<![CDATA[  [webkit] › navigation.spec.ts:121:7 › Navigation and Layout › should show footer on all pages ────

    Error: Timed out 5000ms waiting for expect(locator).toBeVisible()

    Locator: getByText('© 2024 AmCalc. All rights reserved.')
    Expected: visible
    Received: <element(s) not found>
    Call log:
      - Expect "toBeVisible" with timeout 5000ms
      - waiting for getByText('© 2024 AmCalc. All rights reserved.')


      121 |   test('should show footer on all pages', async ({ page }) => {
      122 |     // Check landing page
    > 123 |     await expect(page.getByText('© 2024 AmCalc. All rights reserved.')).toBeVisible();
          |                                                                         ^
      124 |     
      125 |     // Check calculator page
      126 |     await page.goto('/calculator');
        at C:\DevProjects\AmCalc\tests\e2e\navigation.spec.ts:123:73

    attachment #1: screenshot (image/png) ──────────────────────────────────────────────────────────
    ..\..\test-results\navigation-Navigation-and--eb6b7-ld-show-footer-on-all-pages-webkit\test-failed-1.png
    ────────────────────────────────────────────────────────────────────────────────────────────────

    attachment #2: video (video/webm) ──────────────────────────────────────────────────────────────
    ..\..\test-results\navigation-Navigation-and--eb6b7-ld-show-footer-on-all-pages-webkit\video.webm
    ────────────────────────────────────────────────────────────────────────────────────────────────

    Error Context: ..\..\test-results\navigation-Navigation-and--eb6b7-ld-show-footer-on-all-pages-webkit\error-context.md
]]>
</failure>
<system-out>
<![CDATA[
[[ATTACHMENT|navigation-Navigation-and--eb6b7-ld-show-footer-on-all-pages-webkit\test-failed-1.png]]

[[ATTACHMENT|navigation-Navigation-and--eb6b7-ld-show-footer-on-all-pages-webkit\video.webm]]

[[ATTACHMENT|navigation-Navigation-and--eb6b7-ld-show-footer-on-all-pages-webkit\error-context.md]]
]]>
</system-out>
</testcase>
<testcase name="Navigation and Layout › should handle 404 pages gracefully" classname="navigation.spec.ts" time="7.358">
<failure message="navigation.spec.ts:134:7 should handle 404 pages gracefully" type="FAILURE">
<![CDATA[  [webkit] › navigation.spec.ts:134:7 › Navigation and Layout › should handle 404 pages gracefully ─

    Error: Timed out 5000ms waiting for expect(locator).toBeVisible()

    Locator: getByRole('heading', { name: 'Page Not Found' })
    Expected: visible
    Received: <element(s) not found>
    Call log:
      - Expect "toBeVisible" with timeout 5000ms
      - waiting for getByRole('heading', { name: 'Page Not Found' })


      136 |     
      137 |     // Should show 404 page
    > 138 |     await expect(page.getByRole('heading', { name: 'Page Not Found' })).toBeVisible();
          |                                                                         ^
      139 |     await expect(page.getByRole('link', { name: 'Go Home' })).toBeVisible();
      140 |   });
      141 |
        at C:\DevProjects\AmCalc\tests\e2e\navigation.spec.ts:138:73

    attachment #1: screenshot (image/png) ──────────────────────────────────────────────────────────
    ..\..\test-results\navigation-Navigation-and--b3417-handle-404-pages-gracefully-webkit\test-failed-1.png
    ────────────────────────────────────────────────────────────────────────────────────────────────

    attachment #2: video (video/webm) ──────────────────────────────────────────────────────────────
    ..\..\test-results\navigation-Navigation-and--b3417-handle-404-pages-gracefully-webkit\video.webm
    ────────────────────────────────────────────────────────────────────────────────────────────────

    Error Context: ..\..\test-results\navigation-Navigation-and--b3417-handle-404-pages-gracefully-webkit\error-context.md
]]>
</failure>
<system-out>
<![CDATA[
[[ATTACHMENT|navigation-Navigation-and--b3417-handle-404-pages-gracefully-webkit\test-failed-1.png]]

[[ATTACHMENT|navigation-Navigation-and--b3417-handle-404-pages-gracefully-webkit\video.webm]]

[[ATTACHMENT|navigation-Navigation-and--b3417-handle-404-pages-gracefully-webkit\error-context.md]]
]]>
</system-out>
</testcase>
<testcase name="Navigation and Layout › should navigate back to home from 404" classname="navigation.spec.ts" time="30.156">
<failure message="navigation.spec.ts:142:7 should navigate back to home from 404" type="FAILURE">
<![CDATA[  [webkit] › navigation.spec.ts:142:7 › Navigation and Layout › should navigate back to home from 404 

    Test timeout of 30000ms exceeded.

    Error: locator.click: Test timeout of 30000ms exceeded.
    Call log:
      - waiting for getByRole('link', { name: 'Go Home' })


      142 |   test('should navigate back to home from 404', async ({ page }) => {
      143 |     await page.goto('/nonexistent-page');
    > 144 |     await page.getByRole('link', { name: 'Go Home' }).click();
          |                                                       ^
      145 |     await expect(page).toHaveURL('/');
      146 |   });
      147 | }); 
        at C:\DevProjects\AmCalc\tests\e2e\navigation.spec.ts:144:55

    attachment #1: screenshot (image/png) ──────────────────────────────────────────────────────────
    ..\..\test-results\navigation-Navigation-and--5e236-igate-back-to-home-from-404-webkit\test-failed-1.png
    ────────────────────────────────────────────────────────────────────────────────────────────────

    attachment #2: video (video/webm) ──────────────────────────────────────────────────────────────
    ..\..\test-results\navigation-Navigation-and--5e236-igate-back-to-home-from-404-webkit\video.webm
    ────────────────────────────────────────────────────────────────────────────────────────────────

    Error Context: ..\..\test-results\navigation-Navigation-and--5e236-igate-back-to-home-from-404-webkit\error-context.md
]]>
</failure>
<system-out>
<![CDATA[
[[ATTACHMENT|navigation-Navigation-and--5e236-igate-back-to-home-from-404-webkit\test-failed-1.png]]

[[ATTACHMENT|navigation-Navigation-and--5e236-igate-back-to-home-from-404-webkit\video.webm]]

[[ATTACHMENT|navigation-Navigation-and--5e236-igate-back-to-home-from-404-webkit\error-context.md]]
]]>
</system-out>
</testcase>
</testsuite>
<testsuite name="auth.spec.ts" timestamp="2025-07-16T23:46:31.629Z" hostname="Mobile Chrome" tests="11" failures="10" skipped="0" time="254.463" errors="0">
<testcase name="Authentication Flow › should display login form by default" classname="auth.spec.ts" time="5.815">
<failure message="auth.spec.ts:8:7 should display login form by default" type="FAILURE">
<![CDATA[  [Mobile Chrome] › auth.spec.ts:8:7 › Authentication Flow › should display login form by default ──

    Error: Timed out 5000ms waiting for expect(locator).toBeVisible()

    Locator: getByRole('heading', { name: 'Sign In' })
    Expected: visible
    Received: <element(s) not found>
    Call log:
      - Expect "toBeVisible" with timeout 5000ms
      - waiting for getByRole('heading', { name: 'Sign In' })


       7 |
       8 |   test('should display login form by default', async ({ page }) => {
    >  9 |     await expect(page.getByRole('heading', { name: 'Sign In' })).toBeVisible();
         |                                                                  ^
      10 |     await expect(page.getByLabel('Email Address')).toBeVisible();
      11 |     await expect(page.getByLabel('Password')).toBeVisible();
      12 |     await expect(page.getByRole('button', { name: 'Sign In' })).toBeVisible();
        at C:\DevProjects\AmCalc\tests\e2e\auth.spec.ts:9:66

    attachment #1: screenshot (image/png) ──────────────────────────────────────────────────────────
    ..\..\test-results\auth-Authentication-Flow-s-c528a-splay-login-form-by-default-Mobile-Chrome\test-failed-1.png
    ────────────────────────────────────────────────────────────────────────────────────────────────

    attachment #2: video (video/webm) ──────────────────────────────────────────────────────────────
    ..\..\test-results\auth-Authentication-Flow-s-c528a-splay-login-form-by-default-Mobile-Chrome\video.webm
    ────────────────────────────────────────────────────────────────────────────────────────────────

    Error Context: ..\..\test-results\auth-Authentication-Flow-s-c528a-splay-login-form-by-default-Mobile-Chrome\error-context.md
]]>
</failure>
<system-out>
<![CDATA[
[[ATTACHMENT|auth-Authentication-Flow-s-c528a-splay-login-form-by-default-Mobile-Chrome\test-failed-1.png]]

[[ATTACHMENT|auth-Authentication-Flow-s-c528a-splay-login-form-by-default-Mobile-Chrome\video.webm]]

[[ATTACHMENT|auth-Authentication-Flow-s-c528a-splay-login-form-by-default-Mobile-Chrome\error-context.md]]
]]>
</system-out>
</testcase>
<testcase name="Authentication Flow › should switch to registration form" classname="auth.spec.ts" time="30.231">
<failure message="auth.spec.ts:15:7 should switch to registration form" type="FAILURE">
<![CDATA[  [Mobile Chrome] › auth.spec.ts:15:7 › Authentication Flow › should switch to registration form ───

    Test timeout of 30000ms exceeded.

    Error: locator.click: Test timeout of 30000ms exceeded.
    Call log:
      - waiting for getByRole('link', { name: 'Create account' })


      14 |
      15 |   test('should switch to registration form', async ({ page }) => {
    > 16 |     await page.getByRole('link', { name: 'Create account' }).click();
         |                                                              ^
      17 |     await expect(page.getByRole('heading', { name: 'Create Account' })).toBeVisible();
      18 |     await expect(page.getByLabel('Email Address')).toBeVisible();
      19 |     await expect(page.getByLabel('Password')).toBeVisible();
        at C:\DevProjects\AmCalc\tests\e2e\auth.spec.ts:16:62

    attachment #1: screenshot (image/png) ──────────────────────────────────────────────────────────
    ..\..\test-results\auth-Authentication-Flow-should-switch-to-registration-form-Mobile-Chrome\test-failed-1.png
    ────────────────────────────────────────────────────────────────────────────────────────────────

    attachment #2: video (video/webm) ──────────────────────────────────────────────────────────────
    ..\..\test-results\auth-Authentication-Flow-should-switch-to-registration-form-Mobile-Chrome\video.webm
    ────────────────────────────────────────────────────────────────────────────────────────────────

    Error Context: ..\..\test-results\auth-Authentication-Flow-should-switch-to-registration-form-Mobile-Chrome\error-context.md
]]>
</failure>
<system-out>
<![CDATA[
[[ATTACHMENT|auth-Authentication-Flow-should-switch-to-registration-form-Mobile-Chrome\test-failed-1.png]]

[[ATTACHMENT|auth-Authentication-Flow-should-switch-to-registration-form-Mobile-Chrome\video.webm]]

[[ATTACHMENT|auth-Authentication-Flow-should-switch-to-registration-form-Mobile-Chrome\error-context.md]]
]]>
</system-out>
</testcase>
<testcase name="Authentication Flow › should switch to password reset form" classname="auth.spec.ts" time="30.205">
<failure message="auth.spec.ts:24:7 should switch to password reset form" type="FAILURE">
<![CDATA[  [Mobile Chrome] › auth.spec.ts:24:7 › Authentication Flow › should switch to password reset form ─

    Test timeout of 30000ms exceeded.

    Error: locator.click: Test timeout of 30000ms exceeded.
    Call log:
      - waiting for getByRole('link', { name: 'Forgot your password?' })


      23 |
      24 |   test('should switch to password reset form', async ({ page }) => {
    > 25 |     await page.getByRole('link', { name: 'Forgot your password?' }).click();
         |                                                                     ^
      26 |     await expect(page.getByRole('heading', { name: 'Reset Password' })).toBeVisible();
      27 |     await expect(page.getByLabel('Email Address')).toBeVisible();
      28 |     await expect(page.getByRole('button', { name: 'Send Reset Link' })).toBeVisible();
        at C:\DevProjects\AmCalc\tests\e2e\auth.spec.ts:25:69

    attachment #1: screenshot (image/png) ──────────────────────────────────────────────────────────
    ..\..\test-results\auth-Authentication-Flow-s-2bf01-itch-to-password-reset-form-Mobile-Chrome\test-failed-1.png
    ────────────────────────────────────────────────────────────────────────────────────────────────

    attachment #2: video (video/webm) ──────────────────────────────────────────────────────────────
    ..\..\test-results\auth-Authentication-Flow-s-2bf01-itch-to-password-reset-form-Mobile-Chrome\video.webm
    ────────────────────────────────────────────────────────────────────────────────────────────────

    Error Context: ..\..\test-results\auth-Authentication-Flow-s-2bf01-itch-to-password-reset-form-Mobile-Chrome\error-context.md
]]>
</failure>
<system-out>
<![CDATA[
[[ATTACHMENT|auth-Authentication-Flow-s-2bf01-itch-to-password-reset-form-Mobile-Chrome\test-failed-1.png]]

[[ATTACHMENT|auth-Authentication-Flow-s-2bf01-itch-to-password-reset-form-Mobile-Chrome\video.webm]]

[[ATTACHMENT|auth-Authentication-Flow-s-2bf01-itch-to-password-reset-form-Mobile-Chrome\error-context.md]]
]]>
</system-out>
</testcase>
<testcase name="Authentication Flow › should validate registration form" classname="auth.spec.ts" time="30.178">
<failure message="auth.spec.ts:31:7 should validate registration form" type="FAILURE">
<![CDATA[  [Mobile Chrome] › auth.spec.ts:31:7 › Authentication Flow › should validate registration form ────

    Test timeout of 30000ms exceeded.

    Error: locator.click: Test timeout of 30000ms exceeded.
    Call log:
      - waiting for getByRole('link', { name: 'Create account' })


      30 |
      31 |   test('should validate registration form', async ({ page }) => {
    > 32 |     await page.getByRole('link', { name: 'Create account' }).click();
         |                                                              ^
      33 |     
      34 |     // Try to submit empty form
      35 |     await page.getByRole('button', { name: 'Create Account' }).click();
        at C:\DevProjects\AmCalc\tests\e2e\auth.spec.ts:32:62

    attachment #1: screenshot (image/png) ──────────────────────────────────────────────────────────
    ..\..\test-results\auth-Authentication-Flow-should-validate-registration-form-Mobile-Chrome\test-failed-1.png
    ────────────────────────────────────────────────────────────────────────────────────────────────

    attachment #2: video (video/webm) ──────────────────────────────────────────────────────────────
    ..\..\test-results\auth-Authentication-Flow-should-validate-registration-form-Mobile-Chrome\video.webm
    ────────────────────────────────────────────────────────────────────────────────────────────────

    Error Context: ..\..\test-results\auth-Authentication-Flow-should-validate-registration-form-Mobile-Chrome\error-context.md
]]>
</failure>
<system-out>
<![CDATA[
[[ATTACHMENT|auth-Authentication-Flow-should-validate-registration-form-Mobile-Chrome\test-failed-1.png]]

[[ATTACHMENT|auth-Authentication-Flow-should-validate-registration-form-Mobile-Chrome\video.webm]]

[[ATTACHMENT|auth-Authentication-Flow-should-validate-registration-form-Mobile-Chrome\error-context.md]]
]]>
</system-out>
</testcase>
<testcase name="Authentication Flow › should show password requirements" classname="auth.spec.ts" time="30.235">
<failure message="auth.spec.ts:43:7 should show password requirements" type="FAILURE">
<![CDATA[  [Mobile Chrome] › auth.spec.ts:43:7 › Authentication Flow › should show password requirements ────

    Test timeout of 30000ms exceeded.

    Error: locator.click: Test timeout of 30000ms exceeded.
    Call log:
      - waiting for getByRole('link', { name: 'Create account' })


      42 |
      43 |   test('should show password requirements', async ({ page }) => {
    > 44 |     await page.getByRole('link', { name: 'Create account' }).click();
         |                                                              ^
      45 |     
      46 |     // Enter a weak password
      47 |     await page.getByLabel('Password').fill('weak');
        at C:\DevProjects\AmCalc\tests\e2e\auth.spec.ts:44:62

    attachment #1: screenshot (image/png) ──────────────────────────────────────────────────────────
    ..\..\test-results\auth-Authentication-Flow-should-show-password-requirements-Mobile-Chrome\test-failed-1.png
    ────────────────────────────────────────────────────────────────────────────────────────────────

    attachment #2: video (video/webm) ──────────────────────────────────────────────────────────────
    ..\..\test-results\auth-Authentication-Flow-should-show-password-requirements-Mobile-Chrome\video.webm
    ────────────────────────────────────────────────────────────────────────────────────────────────

    Error Context: ..\..\test-results\auth-Authentication-Flow-should-show-password-requirements-Mobile-Chrome\error-context.md
]]>
</failure>
<system-out>
<![CDATA[
[[ATTACHMENT|auth-Authentication-Flow-should-show-password-requirements-Mobile-Chrome\test-failed-1.png]]

[[ATTACHMENT|auth-Authentication-Flow-should-show-password-requirements-Mobile-Chrome\video.webm]]

[[ATTACHMENT|auth-Authentication-Flow-should-show-password-requirements-Mobile-Chrome\error-context.md]]
]]>
</system-out>
</testcase>
<testcase name="Authentication Flow › should validate password confirmation" classname="auth.spec.ts" time="30.201">
<failure message="auth.spec.ts:57:7 should validate password confirmation" type="FAILURE">
<![CDATA[  [Mobile Chrome] › auth.spec.ts:57:7 › Authentication Flow › should validate password confirmation 

    Test timeout of 30000ms exceeded.

    Error: locator.click: Test timeout of 30000ms exceeded.
    Call log:
      - waiting for getByRole('link', { name: 'Create account' })


      56 |
      57 |   test('should validate password confirmation', async ({ page }) => {
    > 58 |     await page.getByRole('link', { name: 'Create account' }).click();
         |                                                              ^
      59 |     
      60 |     // Enter different passwords
      61 |     await page.getByLabel('Password').fill('StrongPass123!');
        at C:\DevProjects\AmCalc\tests\e2e\auth.spec.ts:58:62

    attachment #1: screenshot (image/png) ──────────────────────────────────────────────────────────
    ..\..\test-results\auth-Authentication-Flow-s-f9dde-idate-password-confirmation-Mobile-Chrome\test-failed-1.png
    ────────────────────────────────────────────────────────────────────────────────────────────────

    attachment #2: video (video/webm) ──────────────────────────────────────────────────────────────
    ..\..\test-results\auth-Authentication-Flow-s-f9dde-idate-password-confirmation-Mobile-Chrome\video.webm
    ────────────────────────────────────────────────────────────────────────────────────────────────

    Error Context: ..\..\test-results\auth-Authentication-Flow-s-f9dde-idate-password-confirmation-Mobile-Chrome\error-context.md
]]>
</failure>
<system-out>
<![CDATA[
[[ATTACHMENT|auth-Authentication-Flow-s-f9dde-idate-password-confirmation-Mobile-Chrome\test-failed-1.png]]

[[ATTACHMENT|auth-Authentication-Flow-s-f9dde-idate-password-confirmation-Mobile-Chrome\video.webm]]

[[ATTACHMENT|auth-Authentication-Flow-s-f9dde-idate-password-confirmation-Mobile-Chrome\error-context.md]]
]]>
</system-out>
</testcase>
<testcase name="Authentication Flow › should successfully register a new user" classname="auth.spec.ts" time="30.235">
<failure message="auth.spec.ts:71:7 should successfully register a new user" type="FAILURE">
<![CDATA[  [Mobile Chrome] › auth.spec.ts:71:7 › Authentication Flow › should successfully register a new user 

    Test timeout of 30000ms exceeded.

    Error: locator.click: Test timeout of 30000ms exceeded.
    Call log:
      - waiting for getByRole('link', { name: 'Create account' })


      70 |
      71 |   test('should successfully register a new user', async ({ page }) => {
    > 72 |     await page.getByRole('link', { name: 'Create account' }).click();
         |                                                              ^
      73 |     
      74 |     const testEmail = `test${Date.now()}@example.com`;
      75 |     
        at C:\DevProjects\AmCalc\tests\e2e\auth.spec.ts:72:62

    attachment #1: screenshot (image/png) ──────────────────────────────────────────────────────────
    ..\..\test-results\auth-Authentication-Flow-s-5cca8-ssfully-register-a-new-user-Mobile-Chrome\test-failed-1.png
    ────────────────────────────────────────────────────────────────────────────────────────────────

    attachment #2: video (video/webm) ──────────────────────────────────────────────────────────────
    ..\..\test-results\auth-Authentication-Flow-s-5cca8-ssfully-register-a-new-user-Mobile-Chrome\video.webm
    ────────────────────────────────────────────────────────────────────────────────────────────────

    Error Context: ..\..\test-results\auth-Authentication-Flow-s-5cca8-ssfully-register-a-new-user-Mobile-Chrome\error-context.md
]]>
</failure>
<system-out>
<![CDATA[
[[ATTACHMENT|auth-Authentication-Flow-s-5cca8-ssfully-register-a-new-user-Mobile-Chrome\test-failed-1.png]]

[[ATTACHMENT|auth-Authentication-Flow-s-5cca8-ssfully-register-a-new-user-Mobile-Chrome\video.webm]]

[[ATTACHMENT|auth-Authentication-Flow-s-5cca8-ssfully-register-a-new-user-Mobile-Chrome\error-context.md]]
]]>
</system-out>
</testcase>
<testcase name="Authentication Flow › should handle registration with existing email" classname="auth.spec.ts" time="30.194">
<failure message="auth.spec.ts:91:7 should handle registration with existing email" type="FAILURE">
<![CDATA[  [Mobile Chrome] › auth.spec.ts:91:7 › Authentication Flow › should handle registration with existing email 

    Test timeout of 30000ms exceeded.

    Error: locator.click: Test timeout of 30000ms exceeded.
    Call log:
      - waiting for getByRole('link', { name: 'Create account' })


      90 |
      91 |   test('should handle registration with existing email', async ({ page }) => {
    > 92 |     await page.getByRole('link', { name: 'Create account' }).click();
         |                                                              ^
      93 |     
      94 |     // Try to register with existing email
      95 |     await page.getByLabel('Email Address').fill('test@example.com');
        at C:\DevProjects\AmCalc\tests\e2e\auth.spec.ts:92:62

    attachment #1: screenshot (image/png) ──────────────────────────────────────────────────────────
    ..\..\test-results\auth-Authentication-Flow-s-c46c3-tration-with-existing-email-Mobile-Chrome\test-failed-1.png
    ────────────────────────────────────────────────────────────────────────────────────────────────

    attachment #2: video (video/webm) ──────────────────────────────────────────────────────────────
    ..\..\test-results\auth-Authentication-Flow-s-c46c3-tration-with-existing-email-Mobile-Chrome\video.webm
    ────────────────────────────────────────────────────────────────────────────────────────────────

    Error Context: ..\..\test-results\auth-Authentication-Flow-s-c46c3-tration-with-existing-email-Mobile-Chrome\error-context.md
]]>
</failure>
<system-out>
<![CDATA[
[[ATTACHMENT|auth-Authentication-Flow-s-c46c3-tration-with-existing-email-Mobile-Chrome\test-failed-1.png]]

[[ATTACHMENT|auth-Authentication-Flow-s-c46c3-tration-with-existing-email-Mobile-Chrome\video.webm]]

[[ATTACHMENT|auth-Authentication-Flow-s-c46c3-tration-with-existing-email-Mobile-Chrome\error-context.md]]
]]>
</system-out>
</testcase>
<testcase name="Authentication Flow › should successfully login existing user" classname="auth.spec.ts" time="5.848">
<failure message="auth.spec.ts:105:7 should successfully login existing user" type="FAILURE">
<![CDATA[  [Mobile Chrome] › auth.spec.ts:105:7 › Authentication Flow › should successfully login existing user 

    Error: Timed out 5000ms waiting for expect(page).toHaveURL(expected)

    Expected string: "http://localhost:3000/dashboard"
    Received string: "http://localhost:3000/auth"
    Call log:
      - Expect "toHaveURL" with timeout 5000ms
        9 × unexpected value "http://localhost:3000/auth"


      112 |     
      113 |     // Should redirect to dashboard
    > 114 |     await expect(page).toHaveURL('/dashboard');
          |                        ^
      115 |     await expect(page.getByText('Welcome to your Dashboard')).toBeVisible();
      116 |   });
      117 |
        at C:\DevProjects\AmCalc\tests\e2e\auth.spec.ts:114:24

    attachment #1: screenshot (image/png) ──────────────────────────────────────────────────────────
    ..\..\test-results\auth-Authentication-Flow-s-666a9-ssfully-login-existing-user-Mobile-Chrome\test-failed-1.png
    ────────────────────────────────────────────────────────────────────────────────────────────────

    attachment #2: video (video/webm) ──────────────────────────────────────────────────────────────
    ..\..\test-results\auth-Authentication-Flow-s-666a9-ssfully-login-existing-user-Mobile-Chrome\video.webm
    ────────────────────────────────────────────────────────────────────────────────────────────────

    Error Context: ..\..\test-results\auth-Authentication-Flow-s-666a9-ssfully-login-existing-user-Mobile-Chrome\error-context.md
]]>
</failure>
<system-out>
<![CDATA[
[[ATTACHMENT|auth-Authentication-Flow-s-666a9-ssfully-login-existing-user-Mobile-Chrome\test-failed-1.png]]

[[ATTACHMENT|auth-Authentication-Flow-s-666a9-ssfully-login-existing-user-Mobile-Chrome\video.webm]]

[[ATTACHMENT|auth-Authentication-Flow-s-666a9-ssfully-login-existing-user-Mobile-Chrome\error-context.md]]
]]>
</system-out>
</testcase>
<testcase name="Authentication Flow › should handle invalid login credentials" classname="auth.spec.ts" time="1.089">
</testcase>
<testcase name="Authentication Flow › should clear errors when switching between forms" classname="auth.spec.ts" time="30.232">
<failure message="auth.spec.ts:130:7 should clear errors when switching between forms" type="FAILURE">
<![CDATA[  [Mobile Chrome] › auth.spec.ts:130:7 › Authentication Flow › should clear errors when switching between forms 

    Test timeout of 30000ms exceeded.

    Error: locator.click: Test timeout of 30000ms exceeded.
    Call log:
      - waiting for getByRole('link', { name: 'Create account' })


      138 |     
      139 |     // Switch to registration
    > 140 |     await page.getByRole('link', { name: 'Create account' }).click();
          |                                                              ^
      141 |     
      142 |     // Error should be cleared
      143 |     await expect(page.getByText('Invalid email or password')).not.toBeVisible();
        at C:\DevProjects\AmCalc\tests\e2e\auth.spec.ts:140:62

    attachment #1: screenshot (image/png) ──────────────────────────────────────────────────────────
    ..\..\test-results\auth-Authentication-Flow-s-794e3-hen-switching-between-forms-Mobile-Chrome\test-failed-1.png
    ────────────────────────────────────────────────────────────────────────────────────────────────

    attachment #2: video (video/webm) ──────────────────────────────────────────────────────────────
    ..\..\test-results\auth-Authentication-Flow-s-794e3-hen-switching-between-forms-Mobile-Chrome\video.webm
    ────────────────────────────────────────────────────────────────────────────────────────────────

    Error Context: ..\..\test-results\auth-Authentication-Flow-s-794e3-hen-switching-between-forms-Mobile-Chrome\error-context.md
]]>
</failure>
<system-out>
<![CDATA[
[[ATTACHMENT|auth-Authentication-Flow-s-794e3-hen-switching-between-forms-Mobile-Chrome\test-failed-1.png]]

[[ATTACHMENT|auth-Authentication-Flow-s-794e3-hen-switching-between-forms-Mobile-Chrome\video.webm]]

[[ATTACHMENT|auth-Authentication-Flow-s-794e3-hen-switching-between-forms-Mobile-Chrome\error-context.md]]
]]>
</system-out>
</testcase>
</testsuite>
<testsuite name="calculator.spec.ts" timestamp="2025-07-16T23:46:31.629Z" hostname="Mobile Chrome" tests="13" failures="12" skipped="0" time="265.611" errors="0">
<testcase name="Calculator Functionality › should display calculator form" classname="calculator.spec.ts" time="5.64">
<failure message="calculator.spec.ts:8:7 should display calculator form" type="FAILURE">
<![CDATA[  [Mobile Chrome] › calculator.spec.ts:8:7 › Calculator Functionality › should display calculator form 

    Error: Timed out 5000ms waiting for expect(locator).toBeVisible()

    Locator: getByLabel('Interest Rate (%)')
    Expected: visible
    Received: <element(s) not found>
    Call log:
      - Expect "toBeVisible" with timeout 5000ms
      - waiting for getByLabel('Interest Rate (%)')


       9 |     await expect(page.getByRole('heading', { name: 'Amortization Calculator' })).toBeVisible();
      10 |     await expect(page.getByLabel('Loan Amount')).toBeVisible();
    > 11 |     await expect(page.getByLabel('Interest Rate (%)')).toBeVisible();
         |                                                        ^
      12 |     await expect(page.getByLabel('Loan Term (Years)')).toBeVisible();
      13 |     await expect(page.getByRole('button', { name: 'Calculate' })).toBeVisible();
      14 |   });
        at C:\DevProjects\AmCalc\tests\e2e\calculator.spec.ts:11:56

    attachment #1: screenshot (image/png) ──────────────────────────────────────────────────────────
    ..\..\test-results\calculator-Calculator-Func-eb4b2-uld-display-calculator-form-Mobile-Chrome\test-failed-1.png
    ────────────────────────────────────────────────────────────────────────────────────────────────

    attachment #2: video (video/webm) ──────────────────────────────────────────────────────────────
    ..\..\test-results\calculator-Calculator-Func-eb4b2-uld-display-calculator-form-Mobile-Chrome\video.webm
    ────────────────────────────────────────────────────────────────────────────────────────────────

    Error Context: ..\..\test-results\calculator-Calculator-Func-eb4b2-uld-display-calculator-form-Mobile-Chrome\error-context.md
]]>
</failure>
<system-out>
<![CDATA[
[[ATTACHMENT|calculator-Calculator-Func-eb4b2-uld-display-calculator-form-Mobile-Chrome\test-failed-1.png]]

[[ATTACHMENT|calculator-Calculator-Func-eb4b2-uld-display-calculator-form-Mobile-Chrome\video.webm]]

[[ATTACHMENT|calculator-Calculator-Func-eb4b2-uld-display-calculator-form-Mobile-Chrome\error-context.md]]
]]>
</system-out>
</testcase>
<testcase name="Calculator Functionality › should format loan amount with commas" classname="calculator.spec.ts" time="5.777">
<failure message="calculator.spec.ts:16:7 should format loan amount with commas" type="FAILURE">
<![CDATA[  [Mobile Chrome] › calculator.spec.ts:16:7 › Calculator Functionality › should format loan amount with commas 

    Error: Timed out 5000ms waiting for expect(locator).toHaveValue(expected)

    Locator: getByLabel('Loan Amount')
    Expected string: "250,000"
    Received string: "200,000,250,000"
    Call log:
      - Expect "toHaveValue" with timeout 5000ms
      - waiting for getByLabel('Loan Amount')
        9 × locator resolved to <input min="1000" type="text" id="principal" max="10000000" autocomplete="off" inputmode="numeric" placeholder="200000" value="200,000,250,000" class="w-full px-4 py-3 border rounded-lg focus:ring-2 focus:ring-blue-500 focus:border-blue-500 transition-colors border-red-500"/>
          - unexpected value "200,000,250,000"


      22 |     // Should format with commas on blur
      23 |     await loanAmountInput.blur();
    > 24 |     await expect(loanAmountInput).toHaveValue('250,000');
         |                                   ^
      25 |   });
      26 |
      27 |   test('should validate form inputs', async ({ page }) => {
        at C:\DevProjects\AmCalc\tests\e2e\calculator.spec.ts:24:35

    attachment #1: screenshot (image/png) ──────────────────────────────────────────────────────────
    ..\..\test-results\calculator-Calculator-Func-6bb5b-mat-loan-amount-with-commas-Mobile-Chrome\test-failed-1.png
    ────────────────────────────────────────────────────────────────────────────────────────────────

    attachment #2: video (video/webm) ──────────────────────────────────────────────────────────────
    ..\..\test-results\calculator-Calculator-Func-6bb5b-mat-loan-amount-with-commas-Mobile-Chrome\video.webm
    ────────────────────────────────────────────────────────────────────────────────────────────────

    Error Context: ..\..\test-results\calculator-Calculator-Func-6bb5b-mat-loan-amount-with-commas-Mobile-Chrome\error-context.md
]]>
</failure>
<system-out>
<![CDATA[
[[ATTACHMENT|calculator-Calculator-Func-6bb5b-mat-loan-amount-with-commas-Mobile-Chrome\test-failed-1.png]]

[[ATTACHMENT|calculator-Calculator-Func-6bb5b-mat-loan-amount-with-commas-Mobile-Chrome\video.webm]]

[[ATTACHMENT|calculator-Calculator-Func-6bb5b-mat-loan-amount-with-commas-Mobile-Chrome\error-context.md]]
]]>
</system-out>
</testcase>
<testcase name="Calculator Functionality › should validate form inputs" classname="calculator.spec.ts" time="5.873">
<failure message="calculator.spec.ts:27:7 should validate form inputs" type="FAILURE">
<![CDATA[  [Mobile Chrome] › calculator.spec.ts:27:7 › Calculator Functionality › should validate form inputs 

    Error: Timed out 5000ms waiting for expect(locator).toBeVisible()

    Locator: getByText('Loan amount is required')
    Expected: visible
    Received: <element(s) not found>
    Call log:
      - Expect "toBeVisible" with timeout 5000ms
      - waiting for getByText('Loan amount is required')


      30 |     
      31 |     // Should show validation errors
    > 32 |     await expect(page.getByText('Loan amount is required')).toBeVisible();
         |                                                             ^
      33 |     await expect(page.getByText('Interest rate is required')).toBeVisible();
      34 |     await expect(page.getByText('Loan term is required')).toBeVisible();
      35 |   });
        at C:\DevProjects\AmCalc\tests\e2e\calculator.spec.ts:32:61

    attachment #1: screenshot (image/png) ──────────────────────────────────────────────────────────
    ..\..\test-results\calculator-Calculator-Func-9ff1d-should-validate-form-inputs-Mobile-Chrome\test-failed-1.png
    ────────────────────────────────────────────────────────────────────────────────────────────────

    attachment #2: video (video/webm) ──────────────────────────────────────────────────────────────
    ..\..\test-results\calculator-Calculator-Func-9ff1d-should-validate-form-inputs-Mobile-Chrome\video.webm
    ────────────────────────────────────────────────────────────────────────────────────────────────

    Error Context: ..\..\test-results\calculator-Calculator-Func-9ff1d-should-validate-form-inputs-Mobile-Chrome\error-context.md
]]>
</failure>
<system-out>
<![CDATA[
[[ATTACHMENT|calculator-Calculator-Func-9ff1d-should-validate-form-inputs-Mobile-Chrome\test-failed-1.png]]

[[ATTACHMENT|calculator-Calculator-Func-9ff1d-should-validate-form-inputs-Mobile-Chrome\video.webm]]

[[ATTACHMENT|calculator-Calculator-Func-9ff1d-should-validate-form-inputs-Mobile-Chrome\error-context.md]]
]]>
</system-out>
</testcase>
<testcase name="Calculator Functionality › should validate loan amount minimum" classname="calculator.spec.ts" time="30.277">
<failure message="calculator.spec.ts:37:7 should validate loan amount minimum" type="FAILURE">
<![CDATA[  [Mobile Chrome] › calculator.spec.ts:37:7 › Calculator Functionality › should validate loan amount minimum 

    Test timeout of 30000ms exceeded.

    Error: locator.fill: Test timeout of 30000ms exceeded.
    Call log:
      - waiting for getByLabel('Interest Rate (%)')


      37 |   test('should validate loan amount minimum', async ({ page }) => {
      38 |     await page.getByLabel('Loan Amount').fill('500');
    > 39 |     await page.getByLabel('Interest Rate (%)').fill('3.5');
         |                                                ^
      40 |     await page.getByLabel('Loan Term (Years)').fill('30');
      41 |     
      42 |     await page.getByRole('button', { name: 'Calculate' }).click();
        at C:\DevProjects\AmCalc\tests\e2e\calculator.spec.ts:39:48

    attachment #1: screenshot (image/png) ──────────────────────────────────────────────────────────
    ..\..\test-results\calculator-Calculator-Func-d2fed-alidate-loan-amount-minimum-Mobile-Chrome\test-failed-1.png
    ────────────────────────────────────────────────────────────────────────────────────────────────

    attachment #2: video (video/webm) ──────────────────────────────────────────────────────────────
    ..\..\test-results\calculator-Calculator-Func-d2fed-alidate-loan-amount-minimum-Mobile-Chrome\video.webm
    ────────────────────────────────────────────────────────────────────────────────────────────────

    Error Context: ..\..\test-results\calculator-Calculator-Func-d2fed-alidate-loan-amount-minimum-Mobile-Chrome\error-context.md
]]>
</failure>
<system-out>
<![CDATA[
[[ATTACHMENT|calculator-Calculator-Func-d2fed-alidate-loan-amount-minimum-Mobile-Chrome\test-failed-1.png]]

[[ATTACHMENT|calculator-Calculator-Func-d2fed-alidate-loan-amount-minimum-Mobile-Chrome\video.webm]]

[[ATTACHMENT|calculator-Calculator-Func-d2fed-alidate-loan-amount-minimum-Mobile-Chrome\error-context.md]]
]]>
</system-out>
</testcase>
<testcase name="Calculator Functionality › should validate interest rate range" classname="calculator.spec.ts" time="30.241">
<failure message="calculator.spec.ts:47:7 should validate interest rate range" type="FAILURE">
<![CDATA[  [Mobile Chrome] › calculator.spec.ts:47:7 › Calculator Functionality › should validate interest rate range 

    Test timeout of 30000ms exceeded.

    Error: locator.fill: Test timeout of 30000ms exceeded.
    Call log:
      - waiting for getByLabel('Interest Rate (%)')


      47 |   test('should validate interest rate range', async ({ page }) => {
      48 |     await page.getByLabel('Loan Amount').fill('200000');
    > 49 |     await page.getByLabel('Interest Rate (%)').fill('30');
         |                                                ^
      50 |     await page.getByLabel('Loan Term (Years)').fill('30');
      51 |     
      52 |     await page.getByRole('button', { name: 'Calculate' }).click();
        at C:\DevProjects\AmCalc\tests\e2e\calculator.spec.ts:49:48

    attachment #1: screenshot (image/png) ──────────────────────────────────────────────────────────
    ..\..\test-results\calculator-Calculator-Func-6af33-alidate-interest-rate-range-Mobile-Chrome\test-failed-1.png
    ────────────────────────────────────────────────────────────────────────────────────────────────

    attachment #2: video (video/webm) ──────────────────────────────────────────────────────────────
    ..\..\test-results\calculator-Calculator-Func-6af33-alidate-interest-rate-range-Mobile-Chrome\video.webm
    ────────────────────────────────────────────────────────────────────────────────────────────────

    Error Context: ..\..\test-results\calculator-Calculator-Func-6af33-alidate-interest-rate-range-Mobile-Chrome\error-context.md
]]>
</failure>
<system-out>
<![CDATA[
[[ATTACHMENT|calculator-Calculator-Func-6af33-alidate-interest-rate-range-Mobile-Chrome\test-failed-1.png]]

[[ATTACHMENT|calculator-Calculator-Func-6af33-alidate-interest-rate-range-Mobile-Chrome\video.webm]]

[[ATTACHMENT|calculator-Calculator-Func-6af33-alidate-interest-rate-range-Mobile-Chrome\error-context.md]]
]]>
</system-out>
</testcase>
<testcase name="Calculator Functionality › should validate loan term range" classname="calculator.spec.ts" time="30.22">
<failure message="calculator.spec.ts:57:7 should validate loan term range" type="FAILURE">
<![CDATA[  [Mobile Chrome] › calculator.spec.ts:57:7 › Calculator Functionality › should validate loan term range 

    Test timeout of 30000ms exceeded.

    Error: locator.fill: Test timeout of 30000ms exceeded.
    Call log:
      - waiting for getByLabel('Interest Rate (%)')


      57 |   test('should validate loan term range', async ({ page }) => {
      58 |     await page.getByLabel('Loan Amount').fill('200000');
    > 59 |     await page.getByLabel('Interest Rate (%)').fill('3.5');
         |                                                ^
      60 |     await page.getByLabel('Loan Term (Years)').fill('60');
      61 |     
      62 |     await page.getByRole('button', { name: 'Calculate' }).click();
        at C:\DevProjects\AmCalc\tests\e2e\calculator.spec.ts:59:48

    attachment #1: screenshot (image/png) ──────────────────────────────────────────────────────────
    ..\..\test-results\calculator-Calculator-Func-3d007-ld-validate-loan-term-range-Mobile-Chrome\test-failed-1.png
    ────────────────────────────────────────────────────────────────────────────────────────────────

    attachment #2: video (video/webm) ──────────────────────────────────────────────────────────────
    ..\..\test-results\calculator-Calculator-Func-3d007-ld-validate-loan-term-range-Mobile-Chrome\video.webm
    ────────────────────────────────────────────────────────────────────────────────────────────────

    Error Context: ..\..\test-results\calculator-Calculator-Func-3d007-ld-validate-loan-term-range-Mobile-Chrome\error-context.md
]]>
</failure>
<system-out>
<![CDATA[
[[ATTACHMENT|calculator-Calculator-Func-3d007-ld-validate-loan-term-range-Mobile-Chrome\test-failed-1.png]]

[[ATTACHMENT|calculator-Calculator-Func-3d007-ld-validate-loan-term-range-Mobile-Chrome\video.webm]]

[[ATTACHMENT|calculator-Calculator-Func-3d007-ld-validate-loan-term-range-Mobile-Chrome\error-context.md]]
]]>
</system-out>
</testcase>
<testcase name="Calculator Functionality › should perform successful calculation" classname="calculator.spec.ts" time="30.213">
<failure message="calculator.spec.ts:67:7 should perform successful calculation" type="FAILURE">
<![CDATA[  [Mobile Chrome] › calculator.spec.ts:67:7 › Calculator Functionality › should perform successful calculation 

    Test timeout of 30000ms exceeded.

    Error: locator.fill: Test timeout of 30000ms exceeded.
    Call log:
      - waiting for getByLabel('Interest Rate (%)')


      68 |     // Fill out form with valid data
      69 |     await page.getByLabel('Loan Amount').fill('200000');
    > 70 |     await page.getByLabel('Interest Rate (%)').fill('3.5');
         |                                                ^
      71 |     await page.getByLabel('Loan Term (Years)').fill('30');
      72 |     
      73 |     // Submit form
        at C:\DevProjects\AmCalc\tests\e2e\calculator.spec.ts:70:48

    attachment #1: screenshot (image/png) ──────────────────────────────────────────────────────────
    ..\..\test-results\calculator-Calculator-Func-0046f-form-successful-calculation-Mobile-Chrome\test-failed-1.png
    ────────────────────────────────────────────────────────────────────────────────────────────────

    attachment #2: video (video/webm) ──────────────────────────────────────────────────────────────
    ..\..\test-results\calculator-Calculator-Func-0046f-form-successful-calculation-Mobile-Chrome\video.webm
    ────────────────────────────────────────────────────────────────────────────────────────────────

    Error Context: ..\..\test-results\calculator-Calculator-Func-0046f-form-successful-calculation-Mobile-Chrome\error-context.md
]]>
</failure>
<system-out>
<![CDATA[
[[ATTACHMENT|calculator-Calculator-Func-0046f-form-successful-calculation-Mobile-Chrome\test-failed-1.png]]

[[ATTACHMENT|calculator-Calculator-Func-0046f-form-successful-calculation-Mobile-Chrome\video.webm]]

[[ATTACHMENT|calculator-Calculator-Func-0046f-form-successful-calculation-Mobile-Chrome\error-context.md]]
]]>
</system-out>
</testcase>
<testcase name="Calculator Functionality › should display amortization table with pagination" classname="calculator.spec.ts" time="30.229">
<failure message="calculator.spec.ts:93:7 should display amortization table with pagination" type="FAILURE">
<![CDATA[  [Mobile Chrome] › calculator.spec.ts:93:7 › Calculator Functionality › should display amortization table with pagination 

    Test timeout of 30000ms exceeded.

    Error: locator.fill: Test timeout of 30000ms exceeded.
    Call log:
      - waiting for getByLabel('Interest Rate (%)')


      94 |     // Perform calculation
      95 |     await page.getByLabel('Loan Amount').fill('200000');
    > 96 |     await page.getByLabel('Interest Rate (%)').fill('3.5');
         |                                                ^
      97 |     await page.getByLabel('Loan Term (Years)').fill('30');
      98 |     await page.getByRole('button', { name: 'Calculate' }).click();
      99 |     
        at C:\DevProjects\AmCalc\tests\e2e\calculator.spec.ts:96:48

    attachment #1: screenshot (image/png) ──────────────────────────────────────────────────────────
    ..\..\test-results\calculator-Calculator-Func-43388-ation-table-with-pagination-Mobile-Chrome\test-failed-1.png
    ────────────────────────────────────────────────────────────────────────────────────────────────

    attachment #2: video (video/webm) ──────────────────────────────────────────────────────────────
    ..\..\test-results\calculator-Calculator-Func-43388-ation-table-with-pagination-Mobile-Chrome\video.webm
    ────────────────────────────────────────────────────────────────────────────────────────────────

    Error Context: ..\..\test-results\calculator-Calculator-Func-43388-ation-table-with-pagination-Mobile-Chrome\error-context.md
]]>
</failure>
<system-out>
<![CDATA[
[[ATTACHMENT|calculator-Calculator-Func-43388-ation-table-with-pagination-Mobile-Chrome\test-failed-1.png]]

[[ATTACHMENT|calculator-Calculator-Func-43388-ation-table-with-pagination-Mobile-Chrome\video.webm]]

[[ATTACHMENT|calculator-Calculator-Func-43388-ation-table-with-pagination-Mobile-Chrome\error-context.md]]
]]>
</system-out>
</testcase>
<testcase name="Calculator Functionality › should export amortization table" classname="calculator.spec.ts" time="30.25">
<failure message="calculator.spec.ts:108:7 should export amortization table" type="FAILURE">
<![CDATA[  [Mobile Chrome] › calculator.spec.ts:108:7 › Calculator Functionality › should export amortization table 

    Test timeout of 30000ms exceeded.

    Error: locator.fill: Test timeout of 30000ms exceeded.
    Call log:
      - waiting for getByLabel('Interest Rate (%)')


      109 |     // Perform calculation
      110 |     await page.getByLabel('Loan Amount').fill('200000');
    > 111 |     await page.getByLabel('Interest Rate (%)').fill('3.5');
          |                                                ^
      112 |     await page.getByLabel('Loan Term (Years)').fill('30');
      113 |     await page.getByRole('button', { name: 'Calculate' }).click();
      114 |     
        at C:\DevProjects\AmCalc\tests\e2e\calculator.spec.ts:111:48

    attachment #1: screenshot (image/png) ──────────────────────────────────────────────────────────
    ..\..\test-results\calculator-Calculator-Func-9108c-d-export-amortization-table-Mobile-Chrome\test-failed-1.png
    ────────────────────────────────────────────────────────────────────────────────────────────────

    attachment #2: video (video/webm) ──────────────────────────────────────────────────────────────
    ..\..\test-results\calculator-Calculator-Func-9108c-d-export-amortization-table-Mobile-Chrome\video.webm
    ────────────────────────────────────────────────────────────────────────────────────────────────

    Error Context: ..\..\test-results\calculator-Calculator-Func-9108c-d-export-amortization-table-Mobile-Chrome\error-context.md
]]>
</failure>
<system-out>
<![CDATA[
[[ATTACHMENT|calculator-Calculator-Func-9108c-d-export-amortization-table-Mobile-Chrome\test-failed-1.png]]

[[ATTACHMENT|calculator-Calculator-Func-9108c-d-export-amortization-table-Mobile-Chrome\video.webm]]

[[ATTACHMENT|calculator-Calculator-Func-9108c-d-export-amortization-table-Mobile-Chrome\error-context.md]]
]]>
</system-out>
</testcase>
<testcase name="Calculator Functionality › should handle interest rate input correctly" classname="calculator.spec.ts" time="30.237">
<failure message="calculator.spec.ts:123:7 should handle interest rate input correctly" type="FAILURE">
<![CDATA[  [Mobile Chrome] › calculator.spec.ts:123:7 › Calculator Functionality › should handle interest rate input correctly 

    Test timeout of 30000ms exceeded.

    Error: locator.fill: Test timeout of 30000ms exceeded.
    Call log:
      - waiting for getByLabel('Interest Rate (%)')


      125 |     
      126 |     // Type a decimal number
    > 127 |     await interestRateInput.fill('3.5');
          |                             ^
      128 |     
      129 |     // Should maintain the value
      130 |     await expect(interestRateInput).toHaveValue('3.5');
        at C:\DevProjects\AmCalc\tests\e2e\calculator.spec.ts:127:29

    attachment #1: screenshot (image/png) ──────────────────────────────────────────────────────────
    ..\..\test-results\calculator-Calculator-Func-4c152-terest-rate-input-correctly-Mobile-Chrome\test-failed-1.png
    ────────────────────────────────────────────────────────────────────────────────────────────────

    attachment #2: video (video/webm) ──────────────────────────────────────────────────────────────
    ..\..\test-results\calculator-Calculator-Func-4c152-terest-rate-input-correctly-Mobile-Chrome\video.webm
    ────────────────────────────────────────────────────────────────────────────────────────────────

    Error Context: ..\..\test-results\calculator-Calculator-Func-4c152-terest-rate-input-correctly-Mobile-Chrome\error-context.md
]]>
</failure>
<system-out>
<![CDATA[
[[ATTACHMENT|calculator-Calculator-Func-4c152-terest-rate-input-correctly-Mobile-Chrome\test-failed-1.png]]

[[ATTACHMENT|calculator-Calculator-Func-4c152-terest-rate-input-correctly-Mobile-Chrome\video.webm]]

[[ATTACHMENT|calculator-Calculator-Func-4c152-terest-rate-input-correctly-Mobile-Chrome\error-context.md]]
]]>
</system-out>
</testcase>
<testcase name="Calculator Functionality › should be responsive on mobile" classname="calculator.spec.ts" time="5.697">
<failure message="calculator.spec.ts:133:7 should be responsive on mobile" type="FAILURE">
<![CDATA[  [Mobile Chrome] › calculator.spec.ts:133:7 › Calculator Functionality › should be responsive on mobile 

    Error: Timed out 5000ms waiting for expect(locator).toBeVisible()

    Locator: getByLabel('Interest Rate (%)')
    Expected: visible
    Received: <element(s) not found>
    Call log:
      - Expect "toBeVisible" with timeout 5000ms
      - waiting for getByLabel('Interest Rate (%)')


      137 |     // Should still show all form elements
      138 |     await expect(page.getByLabel('Loan Amount')).toBeVisible();
    > 139 |     await expect(page.getByLabel('Interest Rate (%)')).toBeVisible();
          |                                                        ^
      140 |     await expect(page.getByLabel('Loan Term (Years)')).toBeVisible();
      141 |     await expect(page.getByRole('button', { name: 'Calculate' })).toBeVisible();
      142 |     
        at C:\DevProjects\AmCalc\tests\e2e\calculator.spec.ts:139:56

    attachment #1: screenshot (image/png) ──────────────────────────────────────────────────────────
    ..\..\test-results\calculator-Calculator-Func-27a27-uld-be-responsive-on-mobile-Mobile-Chrome\test-failed-1.png
    ────────────────────────────────────────────────────────────────────────────────────────────────

    attachment #2: video (video/webm) ──────────────────────────────────────────────────────────────
    ..\..\test-results\calculator-Calculator-Func-27a27-uld-be-responsive-on-mobile-Mobile-Chrome\video.webm
    ────────────────────────────────────────────────────────────────────────────────────────────────

    Error Context: ..\..\test-results\calculator-Calculator-Func-27a27-uld-be-responsive-on-mobile-Mobile-Chrome\error-context.md
]]>
</failure>
<system-out>
<![CDATA[
[[ATTACHMENT|calculator-Calculator-Func-27a27-uld-be-responsive-on-mobile-Mobile-Chrome\test-failed-1.png]]

[[ATTACHMENT|calculator-Calculator-Func-27a27-uld-be-responsive-on-mobile-Mobile-Chrome\video.webm]]

[[ATTACHMENT|calculator-Calculator-Func-27a27-uld-be-responsive-on-mobile-Mobile-Chrome\error-context.md]]
]]>
</system-out>
</testcase>
<testcase name="Calculator Functionality › should show guest mode message" classname="calculator.spec.ts" time="0.702">
</testcase>
<testcase name="Calculator Functionality › should allow multiple calculations" classname="calculator.spec.ts" time="30.255">
<failure message="calculator.spec.ts:158:7 should allow multiple calculations" type="FAILURE">
<![CDATA[  [Mobile Chrome] › calculator.spec.ts:158:7 › Calculator Functionality › should allow multiple calculations 

    Test timeout of 30000ms exceeded.

    Error: locator.fill: Test timeout of 30000ms exceeded.
    Call log:
      - waiting for getByLabel('Interest Rate (%)')


      159 |     // First calculation
      160 |     await page.getByLabel('Loan Amount').fill('200000');
    > 161 |     await page.getByLabel('Interest Rate (%)').fill('3.5');
          |                                                ^
      162 |     await page.getByLabel('Loan Term (Years)').fill('30');
      163 |     await page.getByRole('button', { name: 'Calculate' }).click();
      164 |     
        at C:\DevProjects\AmCalc\tests\e2e\calculator.spec.ts:161:48

    attachment #1: screenshot (image/png) ──────────────────────────────────────────────────────────
    ..\..\test-results\calculator-Calculator-Func-12cab-allow-multiple-calculations-Mobile-Chrome\test-failed-1.png
    ────────────────────────────────────────────────────────────────────────────────────────────────

    attachment #2: video (video/webm) ──────────────────────────────────────────────────────────────
    ..\..\test-results\calculator-Calculator-Func-12cab-allow-multiple-calculations-Mobile-Chrome\video.webm
    ────────────────────────────────────────────────────────────────────────────────────────────────

    Error Context: ..\..\test-results\calculator-Calculator-Func-12cab-allow-multiple-calculations-Mobile-Chrome\error-context.md
]]>
</failure>
<system-out>
<![CDATA[
[[ATTACHMENT|calculator-Calculator-Func-12cab-allow-multiple-calculations-Mobile-Chrome\test-failed-1.png]]

[[ATTACHMENT|calculator-Calculator-Func-12cab-allow-multiple-calculations-Mobile-Chrome\video.webm]]

[[ATTACHMENT|calculator-Calculator-Func-12cab-allow-multiple-calculations-Mobile-Chrome\error-context.md]]
]]>
</system-out>
</testcase>
</testsuite>
<testsuite name="navigation.spec.ts" timestamp="2025-07-16T23:46:31.629Z" hostname="Mobile Chrome" tests="14" failures="13" skipped="0" time="82.941" errors="0">
<testcase name="Navigation and Layout › should display landing page with navigation" classname="navigation.spec.ts" time="0.839">
<failure message="navigation.spec.ts:8:7 should display landing page with navigation" type="FAILURE">
<![CDATA[  [Mobile Chrome] › navigation.spec.ts:8:7 › Navigation and Layout › should display landing page with navigation 

    Error: expect.toBeVisible: Error: strict mode violation: getByRole('heading', { name: 'AmCalc' }) resolved to 2 elements:
        1) <h1 class="text-3xl font-bold text-gray-900">AmCalc</h1> aka locator('h1')
        2) <h3 class="text-2xl font-bold text-white">AmCalc</h3> aka getByRole('contentinfo').getByRole('heading', { name: 'AmCalc' })

    Call log:
      - Expect "toBeVisible" with timeout 5000ms
      - waiting for getByRole('heading', { name: 'AmCalc' })


       7 |
       8 |   test('should display landing page with navigation', async ({ page }) => {
    >  9 |     await expect(page.getByRole('heading', { name: 'AmCalc' })).toBeVisible();
         |                                                                 ^
      10 |     await expect(page.getByRole('navigation')).toBeVisible();
      11 |     
      12 |     // Should show main navigation links
        at C:\DevProjects\AmCalc\tests\e2e\navigation.spec.ts:9:65

    attachment #1: screenshot (image/png) ──────────────────────────────────────────────────────────
    ..\..\test-results\navigation-Navigation-and--a7509-anding-page-with-navigation-Mobile-Chrome\test-failed-1.png
    ────────────────────────────────────────────────────────────────────────────────────────────────

    attachment #2: video (video/webm) ──────────────────────────────────────────────────────────────
    ..\..\test-results\navigation-Navigation-and--a7509-anding-page-with-navigation-Mobile-Chrome\video.webm
    ────────────────────────────────────────────────────────────────────────────────────────────────

    Error Context: ..\..\test-results\navigation-Navigation-and--a7509-anding-page-with-navigation-Mobile-Chrome\error-context.md
]]>
</failure>
<system-out>
<![CDATA[
[[ATTACHMENT|navigation-Navigation-and--a7509-anding-page-with-navigation-Mobile-Chrome\test-failed-1.png]]

[[ATTACHMENT|navigation-Navigation-and--a7509-anding-page-with-navigation-Mobile-Chrome\video.webm]]

[[ATTACHMENT|navigation-Navigation-and--a7509-anding-page-with-navigation-Mobile-Chrome\error-context.md]]
]]>
</system-out>
</testcase>
<testcase name="Navigation and Layout › should navigate to calculator page" classname="navigation.spec.ts" time="0.699">
<failure message="navigation.spec.ts:18:7 should navigate to calculator page" type="FAILURE">
<![CDATA[  [Mobile Chrome] › navigation.spec.ts:18:7 › Navigation and Layout › should navigate to calculator page 

    Error: locator.click: Error: strict mode violation: getByRole('link', { name: 'Calculator' }) resolved to 2 elements:
        1) <a href="/calculator" class="w-full flex items-center justify-center px-8 py-3 border border-transparent text-base font-medium rounded-md text-white bg-blue-600 hover:bg-blue-700 md:py-4 md:text-lg md:px-10">Try Calculator</a> aka getByRole('link', { name: 'Try Calculator' })
        2) <a href="/calculator" class="text-gray-400 hover:text-white">Calculator</a> aka getByRole('link', { name: 'Calculator', exact: true })

    Call log:
      - waiting for getByRole('link', { name: 'Calculator' })


      17 |
      18 |   test('should navigate to calculator page', async ({ page }) => {
    > 19 |     await page.getByRole('link', { name: 'Calculator' }).click();
         |                                                          ^
      20 |     await expect(page).toHaveURL('/calculator');
      21 |     await expect(page.getByRole('heading', { name: 'Amortization Calculator' })).toBeVisible();
      22 |   });
        at C:\DevProjects\AmCalc\tests\e2e\navigation.spec.ts:19:58

    attachment #1: screenshot (image/png) ──────────────────────────────────────────────────────────
    ..\..\test-results\navigation-Navigation-and--b3c34-navigate-to-calculator-page-Mobile-Chrome\test-failed-1.png
    ────────────────────────────────────────────────────────────────────────────────────────────────

    attachment #2: video (video/webm) ──────────────────────────────────────────────────────────────
    ..\..\test-results\navigation-Navigation-and--b3c34-navigate-to-calculator-page-Mobile-Chrome\video.webm
    ────────────────────────────────────────────────────────────────────────────────────────────────

    Error Context: ..\..\test-results\navigation-Navigation-and--b3c34-navigate-to-calculator-page-Mobile-Chrome\error-context.md
]]>
</failure>
<system-out>
<![CDATA[
[[ATTACHMENT|navigation-Navigation-and--b3c34-navigate-to-calculator-page-Mobile-Chrome\test-failed-1.png]]

[[ATTACHMENT|navigation-Navigation-and--b3c34-navigate-to-calculator-page-Mobile-Chrome\video.webm]]

[[ATTACHMENT|navigation-Navigation-and--b3c34-navigate-to-calculator-page-Mobile-Chrome\error-context.md]]
]]>
</system-out>
</testcase>
<testcase name="Navigation and Layout › should navigate to auth page" classname="navigation.spec.ts" time="0.868">
<failure message="navigation.spec.ts:24:7 should navigate to auth page" type="FAILURE">
<![CDATA[  [Mobile Chrome] › navigation.spec.ts:24:7 › Navigation and Layout › should navigate to auth page ─

    Error: locator.click: Error: strict mode violation: getByRole('link', { name: 'Sign In' }) resolved to 2 elements:
        1) <a href="/auth" class="text-gray-600 hover:text-gray-900 px-3 py-2 rounded-md text-sm font-medium">Sign In</a> aka getByRole('navigation').getByRole('link', { name: 'Sign In' })
        2) <a href="/auth" class="text-gray-400 hover:text-white">Sign In</a> aka getByRole('contentinfo').getByRole('link', { name: 'Sign In' })

    Call log:
      - waiting for getByRole('link', { name: 'Sign In' })


      23 |
      24 |   test('should navigate to auth page', async ({ page }) => {
    > 25 |     await page.getByRole('link', { name: 'Sign In' }).click();
         |                                                       ^
      26 |     await expect(page).toHaveURL('/auth');
      27 |     await expect(page.getByRole('heading', { name: 'Sign In' })).toBeVisible();
      28 |   });
        at C:\DevProjects\AmCalc\tests\e2e\navigation.spec.ts:25:55

    attachment #1: screenshot (image/png) ──────────────────────────────────────────────────────────
    ..\..\test-results\navigation-Navigation-and--939bf-hould-navigate-to-auth-page-Mobile-Chrome\test-failed-1.png
    ────────────────────────────────────────────────────────────────────────────────────────────────

    attachment #2: video (video/webm) ──────────────────────────────────────────────────────────────
    ..\..\test-results\navigation-Navigation-and--939bf-hould-navigate-to-auth-page-Mobile-Chrome\video.webm
    ────────────────────────────────────────────────────────────────────────────────────────────────

    Error Context: ..\..\test-results\navigation-Navigation-and--939bf-hould-navigate-to-auth-page-Mobile-Chrome\error-context.md
]]>
</failure>
<system-out>
<![CDATA[
[[ATTACHMENT|navigation-Navigation-and--939bf-hould-navigate-to-auth-page-Mobile-Chrome\test-failed-1.png]]

[[ATTACHMENT|navigation-Navigation-and--939bf-hould-navigate-to-auth-page-Mobile-Chrome\video.webm]]

[[ATTACHMENT|navigation-Navigation-and--939bf-hould-navigate-to-auth-page-Mobile-Chrome\error-context.md]]
]]>
</system-out>
</testcase>
<testcase name="Navigation and Layout › should navigate to registration from landing page" classname="navigation.spec.ts" time="6.261">
<failure message="navigation.spec.ts:30:7 should navigate to registration from landing page" type="FAILURE">
<![CDATA[  [Mobile Chrome] › navigation.spec.ts:30:7 › Navigation and Layout › should navigate to registration from landing page 

    Error: Timed out 5000ms waiting for expect(locator).toBeVisible()

    Locator: getByRole('heading', { name: 'Create Account' })
    Expected: visible
    Received: <element(s) not found>
    Call log:
      - Expect "toBeVisible" with timeout 5000ms
      - waiting for getByRole('heading', { name: 'Create Account' })


      31 |     await page.getByRole('link', { name: 'Create Account' }).click();
      32 |     await expect(page).toHaveURL('/auth');
    > 33 |     await expect(page.getByRole('heading', { name: 'Create Account' })).toBeVisible();
         |                                                                         ^
      34 |   });
      35 |
      36 |   test('should be responsive on mobile', async ({ page }) => {
        at C:\DevProjects\AmCalc\tests\e2e\navigation.spec.ts:33:73

    attachment #1: screenshot (image/png) ──────────────────────────────────────────────────────────
    ..\..\test-results\navigation-Navigation-and--c10ba-istration-from-landing-page-Mobile-Chrome\test-failed-1.png
    ────────────────────────────────────────────────────────────────────────────────────────────────

    attachment #2: video (video/webm) ──────────────────────────────────────────────────────────────
    ..\..\test-results\navigation-Navigation-and--c10ba-istration-from-landing-page-Mobile-Chrome\video.webm
    ────────────────────────────────────────────────────────────────────────────────────────────────

    Error Context: ..\..\test-results\navigation-Navigation-and--c10ba-istration-from-landing-page-Mobile-Chrome\error-context.md
]]>
</failure>
<system-out>
<![CDATA[
[[ATTACHMENT|navigation-Navigation-and--c10ba-istration-from-landing-page-Mobile-Chrome\test-failed-1.png]]

[[ATTACHMENT|navigation-Navigation-and--c10ba-istration-from-landing-page-Mobile-Chrome\video.webm]]

[[ATTACHMENT|navigation-Navigation-and--c10ba-istration-from-landing-page-Mobile-Chrome\error-context.md]]
]]>
</system-out>
</testcase>
<testcase name="Navigation and Layout › should be responsive on mobile" classname="navigation.spec.ts" time="0.8">
<failure message="navigation.spec.ts:36:7 should be responsive on mobile" type="FAILURE">
<![CDATA[  [Mobile Chrome] › navigation.spec.ts:36:7 › Navigation and Layout › should be responsive on mobile 

    Error: expect.toBeVisible: Error: strict mode violation: getByRole('link', { name: 'Calculator' }) resolved to 2 elements:
        1) <a href="/calculator" class="w-full flex items-center justify-center px-8 py-3 border border-transparent text-base font-medium rounded-md text-white bg-blue-600 hover:bg-blue-700 md:py-4 md:text-lg md:px-10">Try Calculator</a> aka getByRole('link', { name: 'Try Calculator' })
        2) <a href="/calculator" class="text-gray-400 hover:text-white">Calculator</a> aka getByRole('link', { name: 'Calculator', exact: true })

    Call log:
      - Expect "toBeVisible" with timeout 5000ms
      - waiting for getByRole('link', { name: 'Calculator' })


      40 |     // Should still show navigation
      41 |     await expect(page.getByRole('navigation')).toBeVisible();
    > 42 |     await expect(page.getByRole('link', { name: 'Calculator' })).toBeVisible();
         |                                                                  ^
      43 |     await expect(page.getByRole('link', { name: 'Sign In' })).toBeVisible();
      44 |   });
      45 |
        at C:\DevProjects\AmCalc\tests\e2e\navigation.spec.ts:42:66

    attachment #1: screenshot (image/png) ──────────────────────────────────────────────────────────
    ..\..\test-results\navigation-Navigation-and--77119-uld-be-responsive-on-mobile-Mobile-Chrome\test-failed-1.png
    ────────────────────────────────────────────────────────────────────────────────────────────────

    attachment #2: video (video/webm) ──────────────────────────────────────────────────────────────
    ..\..\test-results\navigation-Navigation-and--77119-uld-be-responsive-on-mobile-Mobile-Chrome\video.webm
    ────────────────────────────────────────────────────────────────────────────────────────────────

    Error Context: ..\..\test-results\navigation-Navigation-and--77119-uld-be-responsive-on-mobile-Mobile-Chrome\error-context.md
]]>
</failure>
<system-out>
<![CDATA[
[[ATTACHMENT|navigation-Navigation-and--77119-uld-be-responsive-on-mobile-Mobile-Chrome\test-failed-1.png]]

[[ATTACHMENT|navigation-Navigation-and--77119-uld-be-responsive-on-mobile-Mobile-Chrome\video.webm]]

[[ATTACHMENT|navigation-Navigation-and--77119-uld-be-responsive-on-mobile-Mobile-Chrome\error-context.md]]
]]>
</system-out>
</testcase>
<testcase name="Navigation and Layout › should redirect authenticated users from auth page" classname="navigation.spec.ts" time="6.207">
<failure message="navigation.spec.ts:46:7 should redirect authenticated users from auth page" type="FAILURE">
<![CDATA[  [Mobile Chrome] › navigation.spec.ts:46:7 › Navigation and Layout › should redirect authenticated users from auth page 

    Error: Timed out 5000ms waiting for expect(page).toHaveURL(expected)

    Expected string: "http://localhost:3000/dashboard"
    Received string: "http://localhost:3000/auth"
    Call log:
      - Expect "toHaveURL" with timeout 5000ms
        9 × unexpected value "http://localhost:3000/auth"


      52 |     
      53 |     // Should redirect to dashboard
    > 54 |     await expect(page).toHaveURL('/dashboard');
         |                        ^
      55 |     
      56 |     // Try to access auth page again
      57 |     await page.goto('/auth');
        at C:\DevProjects\AmCalc\tests\e2e\navigation.spec.ts:54:24

    attachment #1: screenshot (image/png) ──────────────────────────────────────────────────────────
    ..\..\test-results\navigation-Navigation-and--f9d01-icated-users-from-auth-page-Mobile-Chrome\test-failed-1.png
    ────────────────────────────────────────────────────────────────────────────────────────────────

    attachment #2: video (video/webm) ──────────────────────────────────────────────────────────────
    ..\..\test-results\navigation-Navigation-and--f9d01-icated-users-from-auth-page-Mobile-Chrome\video.webm
    ────────────────────────────────────────────────────────────────────────────────────────────────

    Error Context: ..\..\test-results\navigation-Navigation-and--f9d01-icated-users-from-auth-page-Mobile-Chrome\error-context.md
]]>
</failure>
<system-out>
<![CDATA[
[[ATTACHMENT|navigation-Navigation-and--f9d01-icated-users-from-auth-page-Mobile-Chrome\test-failed-1.png]]

[[ATTACHMENT|navigation-Navigation-and--f9d01-icated-users-from-auth-page-Mobile-Chrome\video.webm]]

[[ATTACHMENT|navigation-Navigation-and--f9d01-icated-users-from-auth-page-Mobile-Chrome\error-context.md]]
]]>
</system-out>
</testcase>
<testcase name="Navigation and Layout › should show authenticated navigation after login" classname="navigation.spec.ts" time="6.235">
<failure message="navigation.spec.ts:63:7 should show authenticated navigation after login" type="FAILURE">
<![CDATA[  [Mobile Chrome] › navigation.spec.ts:63:7 › Navigation and Layout › should show authenticated navigation after login 

    Error: Timed out 5000ms waiting for expect(locator).toBeVisible()

    Locator: getByRole('link', { name: 'Dashboard' })
    Expected: visible
    Received: <element(s) not found>
    Call log:
      - Expect "toBeVisible" with timeout 5000ms
      - waiting for getByRole('link', { name: 'Dashboard' })


      69 |     
      70 |     // Should show authenticated navigation
    > 71 |     await expect(page.getByRole('link', { name: 'Dashboard' })).toBeVisible();
         |                                                                 ^
      72 |     await expect(page.getByRole('link', { name: 'Calculator' })).toBeVisible();
      73 |     await expect(page.getByRole('link', { name: 'Settings' })).toBeVisible();
      74 |     await expect(page.getByRole('button', { name: 'Sign Out' })).toBeVisible();
        at C:\DevProjects\AmCalc\tests\e2e\navigation.spec.ts:71:65

    attachment #1: screenshot (image/png) ──────────────────────────────────────────────────────────
    ..\..\test-results\navigation-Navigation-and--64d5e-ated-navigation-after-login-Mobile-Chrome\test-failed-1.png
    ────────────────────────────────────────────────────────────────────────────────────────────────

    attachment #2: video (video/webm) ──────────────────────────────────────────────────────────────
    ..\..\test-results\navigation-Navigation-and--64d5e-ated-navigation-after-login-Mobile-Chrome\video.webm
    ────────────────────────────────────────────────────────────────────────────────────────────────

    Error Context: ..\..\test-results\navigation-Navigation-and--64d5e-ated-navigation-after-login-Mobile-Chrome\error-context.md
]]>
</failure>
<system-out>
<![CDATA[
[[ATTACHMENT|navigation-Navigation-and--64d5e-ated-navigation-after-login-Mobile-Chrome\test-failed-1.png]]

[[ATTACHMENT|navigation-Navigation-and--64d5e-ated-navigation-after-login-Mobile-Chrome\video.webm]]

[[ATTACHMENT|navigation-Navigation-and--64d5e-ated-navigation-after-login-Mobile-Chrome\error-context.md]]
]]>
</system-out>
</testcase>
<testcase name="Navigation and Layout › should logout successfully" classname="navigation.spec.ts" time="6.129">
<failure message="navigation.spec.ts:77:7 should logout successfully" type="FAILURE">
<![CDATA[  [Mobile Chrome] › navigation.spec.ts:77:7 › Navigation and Layout › should logout successfully ───

    Error: Timed out 5000ms waiting for expect(page).toHaveURL(expected)

    Expected string: "http://localhost:3000/dashboard"
    Received string: "http://localhost:3000/auth"
    Call log:
      - Expect "toHaveURL" with timeout 5000ms
        9 × unexpected value "http://localhost:3000/auth"


      83 |     
      84 |     // Should be on dashboard
    > 85 |     await expect(page).toHaveURL('/dashboard');
         |                        ^
      86 |     
      87 |     // Logout
      88 |     await page.getByRole('button', { name: 'Sign Out' }).click();
        at C:\DevProjects\AmCalc\tests\e2e\navigation.spec.ts:85:24

    attachment #1: screenshot (image/png) ──────────────────────────────────────────────────────────
    ..\..\test-results\navigation-Navigation-and-Layout-should-logout-successfully-Mobile-Chrome\test-failed-1.png
    ────────────────────────────────────────────────────────────────────────────────────────────────

    attachment #2: video (video/webm) ──────────────────────────────────────────────────────────────
    ..\..\test-results\navigation-Navigation-and-Layout-should-logout-successfully-Mobile-Chrome\video.webm
    ────────────────────────────────────────────────────────────────────────────────────────────────

    Error Context: ..\..\test-results\navigation-Navigation-and-Layout-should-logout-successfully-Mobile-Chrome\error-context.md
]]>
</failure>
<system-out>
<![CDATA[
[[ATTACHMENT|navigation-Navigation-and-Layout-should-logout-successfully-Mobile-Chrome\test-failed-1.png]]

[[ATTACHMENT|navigation-Navigation-and-Layout-should-logout-successfully-Mobile-Chrome\video.webm]]

[[ATTACHMENT|navigation-Navigation-and-Layout-should-logout-successfully-Mobile-Chrome\error-context.md]]
]]>
</system-out>
</testcase>
<testcase name="Navigation and Layout › should protect dashboard route" classname="navigation.spec.ts" time="5.949">
<failure message="navigation.spec.ts:98:7 should protect dashboard route" type="FAILURE">
<![CDATA[  [Mobile Chrome] › navigation.spec.ts:98:7 › Navigation and Layout › should protect dashboard route 

    Error: Timed out 5000ms waiting for expect(page).toHaveURL(expected)

    Expected string: "http://localhost:3000/auth"
    Received string: "http://localhost:3000/auth/login"
    Call log:
      - Expect "toHaveURL" with timeout 5000ms
        3 × unexpected value "http://localhost:3000/dashboard"
        - waiting for" http://localhost:3000/auth/login" navigation to finish...
        - navigated to "http://localhost:3000/auth/login"
        6 × unexpected value "http://localhost:3000/auth/login"


      101 |     
      102 |     // Should redirect to auth page
    > 103 |     await expect(page).toHaveURL('/auth');
          |                        ^
      104 |   });
      105 |
      106 |   test('should protect settings route', async ({ page }) => {
        at C:\DevProjects\AmCalc\tests\e2e\navigation.spec.ts:103:24

    attachment #1: screenshot (image/png) ──────────────────────────────────────────────────────────
    ..\..\test-results\navigation-Navigation-and--53fd4-uld-protect-dashboard-route-Mobile-Chrome\test-failed-1.png
    ────────────────────────────────────────────────────────────────────────────────────────────────

    attachment #2: video (video/webm) ──────────────────────────────────────────────────────────────
    ..\..\test-results\navigation-Navigation-and--53fd4-uld-protect-dashboard-route-Mobile-Chrome\video.webm
    ────────────────────────────────────────────────────────────────────────────────────────────────

    Error Context: ..\..\test-results\navigation-Navigation-and--53fd4-uld-protect-dashboard-route-Mobile-Chrome\error-context.md
]]>
</failure>
<system-out>
<![CDATA[
[[ATTACHMENT|navigation-Navigation-and--53fd4-uld-protect-dashboard-route-Mobile-Chrome\test-failed-1.png]]

[[ATTACHMENT|navigation-Navigation-and--53fd4-uld-protect-dashboard-route-Mobile-Chrome\video.webm]]

[[ATTACHMENT|navigation-Navigation-and--53fd4-uld-protect-dashboard-route-Mobile-Chrome\error-context.md]]
]]>
</system-out>
</testcase>
<testcase name="Navigation and Layout › should protect settings route" classname="navigation.spec.ts" time="6.023">
<failure message="navigation.spec.ts:106:7 should protect settings route" type="FAILURE">
<![CDATA[  [Mobile Chrome] › navigation.spec.ts:106:7 › Navigation and Layout › should protect settings route 

    Error: Timed out 5000ms waiting for expect(page).toHaveURL(expected)

    Expected string: "http://localhost:3000/auth"
    Received string: "http://localhost:3000/auth/login"
    Call log:
      - Expect "toHaveURL" with timeout 5000ms
        3 × unexpected value "http://localhost:3000/settings"
        6 × unexpected value "http://localhost:3000/auth/login"


      109 |     
      110 |     // Should redirect to auth page
    > 111 |     await expect(page).toHaveURL('/auth');
          |                        ^
      112 |   });
      113 |
      114 |   test('should allow access to calculator without authentication', async ({ page }) => {
        at C:\DevProjects\AmCalc\tests\e2e\navigation.spec.ts:111:24

    attachment #1: screenshot (image/png) ──────────────────────────────────────────────────────────
    ..\..\test-results\navigation-Navigation-and--fe962-ould-protect-settings-route-Mobile-Chrome\test-failed-1.png
    ────────────────────────────────────────────────────────────────────────────────────────────────

    attachment #2: video (video/webm) ──────────────────────────────────────────────────────────────
    ..\..\test-results\navigation-Navigation-and--fe962-ould-protect-settings-route-Mobile-Chrome\video.webm
    ────────────────────────────────────────────────────────────────────────────────────────────────

    Error Context: ..\..\test-results\navigation-Navigation-and--fe962-ould-protect-settings-route-Mobile-Chrome\error-context.md
]]>
</failure>
<system-out>
<![CDATA[
[[ATTACHMENT|navigation-Navigation-and--fe962-ould-protect-settings-route-Mobile-Chrome\test-failed-1.png]]

[[ATTACHMENT|navigation-Navigation-and--fe962-ould-protect-settings-route-Mobile-Chrome\video.webm]]

[[ATTACHMENT|navigation-Navigation-and--fe962-ould-protect-settings-route-Mobile-Chrome\error-context.md]]
]]>
</system-out>
</testcase>
<testcase name="Navigation and Layout › should allow access to calculator without authentication" classname="navigation.spec.ts" time="0.896">
</testcase>
<testcase name="Navigation and Layout › should show footer on all pages" classname="navigation.spec.ts" time="5.912">
<failure message="navigation.spec.ts:121:7 should show footer on all pages" type="FAILURE">
<![CDATA[  [Mobile Chrome] › navigation.spec.ts:121:7 › Navigation and Layout › should show footer on all pages 

    Error: Timed out 5000ms waiting for expect(locator).toBeVisible()

    Locator: getByText('© 2024 AmCalc. All rights reserved.')
    Expected: visible
    Received: <element(s) not found>
    Call log:
      - Expect "toBeVisible" with timeout 5000ms
      - waiting for getByText('© 2024 AmCalc. All rights reserved.')


      121 |   test('should show footer on all pages', async ({ page }) => {
      122 |     // Check landing page
    > 123 |     await expect(page.getByText('© 2024 AmCalc. All rights reserved.')).toBeVisible();
          |                                                                         ^
      124 |     
      125 |     // Check calculator page
      126 |     await page.goto('/calculator');
        at C:\DevProjects\AmCalc\tests\e2e\navigation.spec.ts:123:73

    attachment #1: screenshot (image/png) ──────────────────────────────────────────────────────────
    ..\..\test-results\navigation-Navigation-and--eb6b7-ld-show-footer-on-all-pages-Mobile-Chrome\test-failed-1.png
    ────────────────────────────────────────────────────────────────────────────────────────────────

    attachment #2: video (video/webm) ──────────────────────────────────────────────────────────────
    ..\..\test-results\navigation-Navigation-and--eb6b7-ld-show-footer-on-all-pages-Mobile-Chrome\video.webm
    ────────────────────────────────────────────────────────────────────────────────────────────────

    Error Context: ..\..\test-results\navigation-Navigation-and--eb6b7-ld-show-footer-on-all-pages-Mobile-Chrome\error-context.md
]]>
</failure>
<system-out>
<![CDATA[
[[ATTACHMENT|navigation-Navigation-and--eb6b7-ld-show-footer-on-all-pages-Mobile-Chrome\test-failed-1.png]]

[[ATTACHMENT|navigation-Navigation-and--eb6b7-ld-show-footer-on-all-pages-Mobile-Chrome\video.webm]]

[[ATTACHMENT|navigation-Navigation-and--eb6b7-ld-show-footer-on-all-pages-Mobile-Chrome\error-context.md]]
]]>
</system-out>
</testcase>
<testcase name="Navigation and Layout › should handle 404 pages gracefully" classname="navigation.spec.ts" time="5.917">
<failure message="navigation.spec.ts:134:7 should handle 404 pages gracefully" type="FAILURE">
<![CDATA[  [Mobile Chrome] › navigation.spec.ts:134:7 › Navigation and Layout › should handle 404 pages gracefully 

    Error: Timed out 5000ms waiting for expect(locator).toBeVisible()

    Locator: getByRole('heading', { name: 'Page Not Found' })
    Expected: visible
    Received: <element(s) not found>
    Call log:
      - Expect "toBeVisible" with timeout 5000ms
      - waiting for getByRole('heading', { name: 'Page Not Found' })


      136 |     
      137 |     // Should show 404 page
    > 138 |     await expect(page.getByRole('heading', { name: 'Page Not Found' })).toBeVisible();
          |                                                                         ^
      139 |     await expect(page.getByRole('link', { name: 'Go Home' })).toBeVisible();
      140 |   });
      141 |
        at C:\DevProjects\AmCalc\tests\e2e\navigation.spec.ts:138:73

    attachment #1: screenshot (image/png) ──────────────────────────────────────────────────────────
    ..\..\test-results\navigation-Navigation-and--b3417-handle-404-pages-gracefully-Mobile-Chrome\test-failed-1.png
    ────────────────────────────────────────────────────────────────────────────────────────────────

    attachment #2: video (video/webm) ──────────────────────────────────────────────────────────────
    ..\..\test-results\navigation-Navigation-and--b3417-handle-404-pages-gracefully-Mobile-Chrome\video.webm
    ────────────────────────────────────────────────────────────────────────────────────────────────

    Error Context: ..\..\test-results\navigation-Navigation-and--b3417-handle-404-pages-gracefully-Mobile-Chrome\error-context.md
]]>
</failure>
<system-out>
<![CDATA[
[[ATTACHMENT|navigation-Navigation-and--b3417-handle-404-pages-gracefully-Mobile-Chrome\test-failed-1.png]]

[[ATTACHMENT|navigation-Navigation-and--b3417-handle-404-pages-gracefully-Mobile-Chrome\video.webm]]

[[ATTACHMENT|navigation-Navigation-and--b3417-handle-404-pages-gracefully-Mobile-Chrome\error-context.md]]
]]>
</system-out>
</testcase>
<testcase name="Navigation and Layout › should navigate back to home from 404" classname="navigation.spec.ts" time="30.206">
<failure message="navigation.spec.ts:142:7 should navigate back to home from 404" type="FAILURE">
<![CDATA[  [Mobile Chrome] › navigation.spec.ts:142:7 › Navigation and Layout › should navigate back to home from 404 

    Test timeout of 30000ms exceeded.

    Error: locator.click: Test timeout of 30000ms exceeded.
    Call log:
      - waiting for getByRole('link', { name: 'Go Home' })


      142 |   test('should navigate back to home from 404', async ({ page }) => {
      143 |     await page.goto('/nonexistent-page');
    > 144 |     await page.getByRole('link', { name: 'Go Home' }).click();
          |                                                       ^
      145 |     await expect(page).toHaveURL('/');
      146 |   });
      147 | }); 
        at C:\DevProjects\AmCalc\tests\e2e\navigation.spec.ts:144:55

    attachment #1: screenshot (image/png) ──────────────────────────────────────────────────────────
    ..\..\test-results\navigation-Navigation-and--5e236-igate-back-to-home-from-404-Mobile-Chrome\test-failed-1.png
    ────────────────────────────────────────────────────────────────────────────────────────────────

    attachment #2: video (video/webm) ──────────────────────────────────────────────────────────────
    ..\..\test-results\navigation-Navigation-and--5e236-igate-back-to-home-from-404-Mobile-Chrome\video.webm
    ────────────────────────────────────────────────────────────────────────────────────────────────

    Error Context: ..\..\test-results\navigation-Navigation-and--5e236-igate-back-to-home-from-404-Mobile-Chrome\error-context.md
]]>
</failure>
<system-out>
<![CDATA[
[[ATTACHMENT|navigation-Navigation-and--5e236-igate-back-to-home-from-404-Mobile-Chrome\test-failed-1.png]]

[[ATTACHMENT|navigation-Navigation-and--5e236-igate-back-to-home-from-404-Mobile-Chrome\video.webm]]

[[ATTACHMENT|navigation-Navigation-and--5e236-igate-back-to-home-from-404-Mobile-Chrome\error-context.md]]
]]>
</system-out>
</testcase>
</testsuite>
<testsuite name="auth.spec.ts" timestamp="2025-07-16T23:46:31.629Z" hostname="Mobile Safari" tests="11" failures="10" skipped="0" time="260.984" errors="0">
<testcase name="Authentication Flow › should display login form by default" classname="auth.spec.ts" time="6.14">
<failure message="auth.spec.ts:8:7 should display login form by default" type="FAILURE">
<![CDATA[  [Mobile Safari] › auth.spec.ts:8:7 › Authentication Flow › should display login form by default ──

    Error: Timed out 5000ms waiting for expect(locator).toBeVisible()

    Locator: getByRole('heading', { name: 'Sign In' })
    Expected: visible
    Received: <element(s) not found>
    Call log:
      - Expect "toBeVisible" with timeout 5000ms
      - waiting for getByRole('heading', { name: 'Sign In' })


       7 |
       8 |   test('should display login form by default', async ({ page }) => {
    >  9 |     await expect(page.getByRole('heading', { name: 'Sign In' })).toBeVisible();
         |                                                                  ^
      10 |     await expect(page.getByLabel('Email Address')).toBeVisible();
      11 |     await expect(page.getByLabel('Password')).toBeVisible();
      12 |     await expect(page.getByRole('button', { name: 'Sign In' })).toBeVisible();
        at C:\DevProjects\AmCalc\tests\e2e\auth.spec.ts:9:66

    attachment #1: screenshot (image/png) ──────────────────────────────────────────────────────────
    ..\..\test-results\auth-Authentication-Flow-s-c528a-splay-login-form-by-default-Mobile-Safari\test-failed-1.png
    ────────────────────────────────────────────────────────────────────────────────────────────────

    attachment #2: video (video/webm) ──────────────────────────────────────────────────────────────
    ..\..\test-results\auth-Authentication-Flow-s-c528a-splay-login-form-by-default-Mobile-Safari\video.webm
    ────────────────────────────────────────────────────────────────────────────────────────────────

    Error Context: ..\..\test-results\auth-Authentication-Flow-s-c528a-splay-login-form-by-default-Mobile-Safari\error-context.md
]]>
</failure>
<system-out>
<![CDATA[
[[ATTACHMENT|auth-Authentication-Flow-s-c528a-splay-login-form-by-default-Mobile-Safari\test-failed-1.png]]

[[ATTACHMENT|auth-Authentication-Flow-s-c528a-splay-login-form-by-default-Mobile-Safari\video.webm]]

[[ATTACHMENT|auth-Authentication-Flow-s-c528a-splay-login-form-by-default-Mobile-Safari\error-context.md]]
]]>
</system-out>
</testcase>
<testcase name="Authentication Flow › should switch to registration form" classname="auth.spec.ts" time="30.698">
<failure message="auth.spec.ts:15:7 should switch to registration form" type="FAILURE">
<![CDATA[  [Mobile Safari] › auth.spec.ts:15:7 › Authentication Flow › should switch to registration form ───

    Test timeout of 30000ms exceeded.

    Error: locator.click: Test timeout of 30000ms exceeded.
    Call log:
      - waiting for getByRole('link', { name: 'Create account' })


      14 |
      15 |   test('should switch to registration form', async ({ page }) => {
    > 16 |     await page.getByRole('link', { name: 'Create account' }).click();
         |                                                              ^
      17 |     await expect(page.getByRole('heading', { name: 'Create Account' })).toBeVisible();
      18 |     await expect(page.getByLabel('Email Address')).toBeVisible();
      19 |     await expect(page.getByLabel('Password')).toBeVisible();
        at C:\DevProjects\AmCalc\tests\e2e\auth.spec.ts:16:62

    attachment #1: screenshot (image/png) ──────────────────────────────────────────────────────────
    ..\..\test-results\auth-Authentication-Flow-should-switch-to-registration-form-Mobile-Safari\test-failed-1.png
    ────────────────────────────────────────────────────────────────────────────────────────────────

    attachment #2: video (video/webm) ──────────────────────────────────────────────────────────────
    ..\..\test-results\auth-Authentication-Flow-should-switch-to-registration-form-Mobile-Safari\video.webm
    ────────────────────────────────────────────────────────────────────────────────────────────────

    Error Context: ..\..\test-results\auth-Authentication-Flow-should-switch-to-registration-form-Mobile-Safari\error-context.md
]]>
</failure>
<system-out>
<![CDATA[
[[ATTACHMENT|auth-Authentication-Flow-should-switch-to-registration-form-Mobile-Safari\test-failed-1.png]]

[[ATTACHMENT|auth-Authentication-Flow-should-switch-to-registration-form-Mobile-Safari\video.webm]]

[[ATTACHMENT|auth-Authentication-Flow-should-switch-to-registration-form-Mobile-Safari\error-context.md]]
]]>
</system-out>
</testcase>
<testcase name="Authentication Flow › should switch to password reset form" classname="auth.spec.ts" time="30.354">
<failure message="auth.spec.ts:24:7 should switch to password reset form" type="FAILURE">
<![CDATA[  [Mobile Safari] › auth.spec.ts:24:7 › Authentication Flow › should switch to password reset form ─

    Test timeout of 30000ms exceeded.

    Error: locator.click: Test timeout of 30000ms exceeded.
    Call log:
      - waiting for getByRole('link', { name: 'Forgot your password?' })


      23 |
      24 |   test('should switch to password reset form', async ({ page }) => {
    > 25 |     await page.getByRole('link', { name: 'Forgot your password?' }).click();
         |                                                                     ^
      26 |     await expect(page.getByRole('heading', { name: 'Reset Password' })).toBeVisible();
      27 |     await expect(page.getByLabel('Email Address')).toBeVisible();
      28 |     await expect(page.getByRole('button', { name: 'Send Reset Link' })).toBeVisible();
        at C:\DevProjects\AmCalc\tests\e2e\auth.spec.ts:25:69

    attachment #1: screenshot (image/png) ──────────────────────────────────────────────────────────
    ..\..\test-results\auth-Authentication-Flow-s-2bf01-itch-to-password-reset-form-Mobile-Safari\test-failed-1.png
    ────────────────────────────────────────────────────────────────────────────────────────────────

    attachment #2: video (video/webm) ──────────────────────────────────────────────────────────────
    ..\..\test-results\auth-Authentication-Flow-s-2bf01-itch-to-password-reset-form-Mobile-Safari\video.webm
    ────────────────────────────────────────────────────────────────────────────────────────────────

    Error Context: ..\..\test-results\auth-Authentication-Flow-s-2bf01-itch-to-password-reset-form-Mobile-Safari\error-context.md
]]>
</failure>
<system-out>
<![CDATA[
[[ATTACHMENT|auth-Authentication-Flow-s-2bf01-itch-to-password-reset-form-Mobile-Safari\test-failed-1.png]]

[[ATTACHMENT|auth-Authentication-Flow-s-2bf01-itch-to-password-reset-form-Mobile-Safari\video.webm]]

[[ATTACHMENT|auth-Authentication-Flow-s-2bf01-itch-to-password-reset-form-Mobile-Safari\error-context.md]]
]]>
</system-out>
</testcase>
<testcase name="Authentication Flow › should validate registration form" classname="auth.spec.ts" time="30.247">
<failure message="auth.spec.ts:31:7 should validate registration form" type="FAILURE">
<![CDATA[  [Mobile Safari] › auth.spec.ts:31:7 › Authentication Flow › should validate registration form ────

    Test timeout of 30000ms exceeded.

    Error: locator.click: Test timeout of 30000ms exceeded.
    Call log:
      - waiting for getByRole('link', { name: 'Create account' })


      30 |
      31 |   test('should validate registration form', async ({ page }) => {
    > 32 |     await page.getByRole('link', { name: 'Create account' }).click();
         |                                                              ^
      33 |     
      34 |     // Try to submit empty form
      35 |     await page.getByRole('button', { name: 'Create Account' }).click();
        at C:\DevProjects\AmCalc\tests\e2e\auth.spec.ts:32:62

    attachment #1: screenshot (image/png) ──────────────────────────────────────────────────────────
    ..\..\test-results\auth-Authentication-Flow-should-validate-registration-form-Mobile-Safari\test-failed-1.png
    ────────────────────────────────────────────────────────────────────────────────────────────────

    attachment #2: video (video/webm) ──────────────────────────────────────────────────────────────
    ..\..\test-results\auth-Authentication-Flow-should-validate-registration-form-Mobile-Safari\video.webm
    ────────────────────────────────────────────────────────────────────────────────────────────────

    Error Context: ..\..\test-results\auth-Authentication-Flow-should-validate-registration-form-Mobile-Safari\error-context.md
]]>
</failure>
<system-out>
<![CDATA[
[[ATTACHMENT|auth-Authentication-Flow-should-validate-registration-form-Mobile-Safari\test-failed-1.png]]

[[ATTACHMENT|auth-Authentication-Flow-should-validate-registration-form-Mobile-Safari\video.webm]]

[[ATTACHMENT|auth-Authentication-Flow-should-validate-registration-form-Mobile-Safari\error-context.md]]
]]>
</system-out>
</testcase>
<testcase name="Authentication Flow › should show password requirements" classname="auth.spec.ts" time="30.427">
<failure message="auth.spec.ts:43:7 should show password requirements" type="FAILURE">
<![CDATA[  [Mobile Safari] › auth.spec.ts:43:7 › Authentication Flow › should show password requirements ────

    Test timeout of 30000ms exceeded.

    Error: locator.click: Test timeout of 30000ms exceeded.
    Call log:
      - waiting for getByRole('link', { name: 'Create account' })


      42 |
      43 |   test('should show password requirements', async ({ page }) => {
    > 44 |     await page.getByRole('link', { name: 'Create account' }).click();
         |                                                              ^
      45 |     
      46 |     // Enter a weak password
      47 |     await page.getByLabel('Password').fill('weak');
        at C:\DevProjects\AmCalc\tests\e2e\auth.spec.ts:44:62

    attachment #1: screenshot (image/png) ──────────────────────────────────────────────────────────
    ..\..\test-results\auth-Authentication-Flow-should-show-password-requirements-Mobile-Safari\test-failed-1.png
    ────────────────────────────────────────────────────────────────────────────────────────────────

    attachment #2: video (video/webm) ──────────────────────────────────────────────────────────────
    ..\..\test-results\auth-Authentication-Flow-should-show-password-requirements-Mobile-Safari\video.webm
    ────────────────────────────────────────────────────────────────────────────────────────────────

    Error Context: ..\..\test-results\auth-Authentication-Flow-should-show-password-requirements-Mobile-Safari\error-context.md
]]>
</failure>
<system-out>
<![CDATA[
[[ATTACHMENT|auth-Authentication-Flow-should-show-password-requirements-Mobile-Safari\test-failed-1.png]]

[[ATTACHMENT|auth-Authentication-Flow-should-show-password-requirements-Mobile-Safari\video.webm]]

[[ATTACHMENT|auth-Authentication-Flow-should-show-password-requirements-Mobile-Safari\error-context.md]]
]]>
</system-out>
</testcase>
<testcase name="Authentication Flow › should validate password confirmation" classname="auth.spec.ts" time="30.397">
<failure message="auth.spec.ts:57:7 should validate password confirmation" type="FAILURE">
<![CDATA[  [Mobile Safari] › auth.spec.ts:57:7 › Authentication Flow › should validate password confirmation 

    Test timeout of 30000ms exceeded.

    Error: locator.click: Test timeout of 30000ms exceeded.
    Call log:
      - waiting for getByRole('link', { name: 'Create account' })


      56 |
      57 |   test('should validate password confirmation', async ({ page }) => {
    > 58 |     await page.getByRole('link', { name: 'Create account' }).click();
         |                                                              ^
      59 |     
      60 |     // Enter different passwords
      61 |     await page.getByLabel('Password').fill('StrongPass123!');
        at C:\DevProjects\AmCalc\tests\e2e\auth.spec.ts:58:62

    attachment #1: screenshot (image/png) ──────────────────────────────────────────────────────────
    ..\..\test-results\auth-Authentication-Flow-s-f9dde-idate-password-confirmation-Mobile-Safari\test-failed-1.png
    ────────────────────────────────────────────────────────────────────────────────────────────────

    attachment #2: video (video/webm) ──────────────────────────────────────────────────────────────
    ..\..\test-results\auth-Authentication-Flow-s-f9dde-idate-password-confirmation-Mobile-Safari\video.webm
    ────────────────────────────────────────────────────────────────────────────────────────────────

    Error Context: ..\..\test-results\auth-Authentication-Flow-s-f9dde-idate-password-confirmation-Mobile-Safari\error-context.md
]]>
</failure>
<system-out>
<![CDATA[
[[ATTACHMENT|auth-Authentication-Flow-s-f9dde-idate-password-confirmation-Mobile-Safari\test-failed-1.png]]

[[ATTACHMENT|auth-Authentication-Flow-s-f9dde-idate-password-confirmation-Mobile-Safari\video.webm]]

[[ATTACHMENT|auth-Authentication-Flow-s-f9dde-idate-password-confirmation-Mobile-Safari\error-context.md]]
]]>
</system-out>
</testcase>
<testcase name="Authentication Flow › should successfully register a new user" classname="auth.spec.ts" time="30.257">
<failure message="auth.spec.ts:71:7 should successfully register a new user" type="FAILURE">
<![CDATA[  [Mobile Safari] › auth.spec.ts:71:7 › Authentication Flow › should successfully register a new user 

    Test timeout of 30000ms exceeded.

    Error: locator.click: Test timeout of 30000ms exceeded.
    Call log:
      - waiting for getByRole('link', { name: 'Create account' })


      70 |
      71 |   test('should successfully register a new user', async ({ page }) => {
    > 72 |     await page.getByRole('link', { name: 'Create account' }).click();
         |                                                              ^
      73 |     
      74 |     const testEmail = `test${Date.now()}@example.com`;
      75 |     
        at C:\DevProjects\AmCalc\tests\e2e\auth.spec.ts:72:62

    attachment #1: screenshot (image/png) ──────────────────────────────────────────────────────────
    ..\..\test-results\auth-Authentication-Flow-s-5cca8-ssfully-register-a-new-user-Mobile-Safari\test-failed-1.png
    ────────────────────────────────────────────────────────────────────────────────────────────────

    attachment #2: video (video/webm) ──────────────────────────────────────────────────────────────
    ..\..\test-results\auth-Authentication-Flow-s-5cca8-ssfully-register-a-new-user-Mobile-Safari\video.webm
    ────────────────────────────────────────────────────────────────────────────────────────────────

    Error Context: ..\..\test-results\auth-Authentication-Flow-s-5cca8-ssfully-register-a-new-user-Mobile-Safari\error-context.md
]]>
</failure>
<system-out>
<![CDATA[
[[ATTACHMENT|auth-Authentication-Flow-s-5cca8-ssfully-register-a-new-user-Mobile-Safari\test-failed-1.png]]

[[ATTACHMENT|auth-Authentication-Flow-s-5cca8-ssfully-register-a-new-user-Mobile-Safari\video.webm]]

[[ATTACHMENT|auth-Authentication-Flow-s-5cca8-ssfully-register-a-new-user-Mobile-Safari\error-context.md]]
]]>
</system-out>
</testcase>
<testcase name="Authentication Flow › should handle registration with existing email" classname="auth.spec.ts" time="30.577">
<failure message="auth.spec.ts:91:7 should handle registration with existing email" type="FAILURE">
<![CDATA[  [Mobile Safari] › auth.spec.ts:91:7 › Authentication Flow › should handle registration with existing email 

    Test timeout of 30000ms exceeded.

    Error: locator.click: Test timeout of 30000ms exceeded.
    Call log:
      - waiting for getByRole('link', { name: 'Create account' })


      90 |
      91 |   test('should handle registration with existing email', async ({ page }) => {
    > 92 |     await page.getByRole('link', { name: 'Create account' }).click();
         |                                                              ^
      93 |     
      94 |     // Try to register with existing email
      95 |     await page.getByLabel('Email Address').fill('test@example.com');
        at C:\DevProjects\AmCalc\tests\e2e\auth.spec.ts:92:62

    attachment #1: screenshot (image/png) ──────────────────────────────────────────────────────────
    ..\..\test-results\auth-Authentication-Flow-s-c46c3-tration-with-existing-email-Mobile-Safari\test-failed-1.png
    ────────────────────────────────────────────────────────────────────────────────────────────────

    attachment #2: video (video/webm) ──────────────────────────────────────────────────────────────
    ..\..\test-results\auth-Authentication-Flow-s-c46c3-tration-with-existing-email-Mobile-Safari\video.webm
    ────────────────────────────────────────────────────────────────────────────────────────────────

    Error Context: ..\..\test-results\auth-Authentication-Flow-s-c46c3-tration-with-existing-email-Mobile-Safari\error-context.md
]]>
</failure>
<system-out>
<![CDATA[
[[ATTACHMENT|auth-Authentication-Flow-s-c46c3-tration-with-existing-email-Mobile-Safari\test-failed-1.png]]

[[ATTACHMENT|auth-Authentication-Flow-s-c46c3-tration-with-existing-email-Mobile-Safari\video.webm]]

[[ATTACHMENT|auth-Authentication-Flow-s-c46c3-tration-with-existing-email-Mobile-Safari\error-context.md]]
]]>
</system-out>
</testcase>
<testcase name="Authentication Flow › should successfully login existing user" classname="auth.spec.ts" time="8.228">
<failure message="auth.spec.ts:105:7 should successfully login existing user" type="FAILURE">
<![CDATA[  [Mobile Safari] › auth.spec.ts:105:7 › Authentication Flow › should successfully login existing user 

    Error: Timed out 5000ms waiting for expect(page).toHaveURL(expected)

    Expected string: "http://localhost:3000/dashboard"
    Received string: "http://localhost:3000/auth"
    Call log:
      - Expect "toHaveURL" with timeout 5000ms
        8 × unexpected value "http://localhost:3000/auth"


      112 |     
      113 |     // Should redirect to dashboard
    > 114 |     await expect(page).toHaveURL('/dashboard');
          |                        ^
      115 |     await expect(page.getByText('Welcome to your Dashboard')).toBeVisible();
      116 |   });
      117 |
        at C:\DevProjects\AmCalc\tests\e2e\auth.spec.ts:114:24

    attachment #1: screenshot (image/png) ──────────────────────────────────────────────────────────
    ..\..\test-results\auth-Authentication-Flow-s-666a9-ssfully-login-existing-user-Mobile-Safari\test-failed-1.png
    ────────────────────────────────────────────────────────────────────────────────────────────────

    attachment #2: video (video/webm) ──────────────────────────────────────────────────────────────
    ..\..\test-results\auth-Authentication-Flow-s-666a9-ssfully-login-existing-user-Mobile-Safari\video.webm
    ────────────────────────────────────────────────────────────────────────────────────────────────

    Error Context: ..\..\test-results\auth-Authentication-Flow-s-666a9-ssfully-login-existing-user-Mobile-Safari\error-context.md
]]>
</failure>
<system-out>
<![CDATA[
[[ATTACHMENT|auth-Authentication-Flow-s-666a9-ssfully-login-existing-user-Mobile-Safari\test-failed-1.png]]

[[ATTACHMENT|auth-Authentication-Flow-s-666a9-ssfully-login-existing-user-Mobile-Safari\video.webm]]

[[ATTACHMENT|auth-Authentication-Flow-s-666a9-ssfully-login-existing-user-Mobile-Safari\error-context.md]]
]]>
</system-out>
</testcase>
<testcase name="Authentication Flow › should handle invalid login credentials" classname="auth.spec.ts" time="3.071">
</testcase>
<testcase name="Authentication Flow › should clear errors when switching between forms" classname="auth.spec.ts" time="30.588">
<failure message="auth.spec.ts:130:7 should clear errors when switching between forms" type="FAILURE">
<![CDATA[  [Mobile Safari] › auth.spec.ts:130:7 › Authentication Flow › should clear errors when switching between forms 

    Test timeout of 30000ms exceeded.

    Error: locator.click: Test timeout of 30000ms exceeded.
    Call log:
      - waiting for getByRole('link', { name: 'Create account' })


      138 |     
      139 |     // Switch to registration
    > 140 |     await page.getByRole('link', { name: 'Create account' }).click();
          |                                                              ^
      141 |     
      142 |     // Error should be cleared
      143 |     await expect(page.getByText('Invalid email or password')).not.toBeVisible();
        at C:\DevProjects\AmCalc\tests\e2e\auth.spec.ts:140:62

    attachment #1: screenshot (image/png) ──────────────────────────────────────────────────────────
    ..\..\test-results\auth-Authentication-Flow-s-794e3-hen-switching-between-forms-Mobile-Safari\test-failed-1.png
    ────────────────────────────────────────────────────────────────────────────────────────────────

    attachment #2: video (video/webm) ──────────────────────────────────────────────────────────────
    ..\..\test-results\auth-Authentication-Flow-s-794e3-hen-switching-between-forms-Mobile-Safari\video.webm
    ────────────────────────────────────────────────────────────────────────────────────────────────

    Error Context: ..\..\test-results\auth-Authentication-Flow-s-794e3-hen-switching-between-forms-Mobile-Safari\error-context.md
]]>
</failure>
<system-out>
<![CDATA[
[[ATTACHMENT|auth-Authentication-Flow-s-794e3-hen-switching-between-forms-Mobile-Safari\test-failed-1.png]]

[[ATTACHMENT|auth-Authentication-Flow-s-794e3-hen-switching-between-forms-Mobile-Safari\video.webm]]

[[ATTACHMENT|auth-Authentication-Flow-s-794e3-hen-switching-between-forms-Mobile-Safari\error-context.md]]
]]>
</system-out>
</testcase>
</testsuite>
<testsuite name="calculator.spec.ts" timestamp="2025-07-16T23:46:31.629Z" hostname="Mobile Safari" tests="13" failures="12" skipped="0" time="271.808" errors="0">
<testcase name="Calculator Functionality › should display calculator form" classname="calculator.spec.ts" time="6.644">
<failure message="calculator.spec.ts:8:7 should display calculator form" type="FAILURE">
<![CDATA[  [Mobile Safari] › calculator.spec.ts:8:7 › Calculator Functionality › should display calculator form 

    Error: Timed out 5000ms waiting for expect(locator).toBeVisible()

    Locator: getByLabel('Interest Rate (%)')
    Expected: visible
    Received: <element(s) not found>
    Call log:
      - Expect "toBeVisible" with timeout 5000ms
      - waiting for getByLabel('Interest Rate (%)')


       9 |     await expect(page.getByRole('heading', { name: 'Amortization Calculator' })).toBeVisible();
      10 |     await expect(page.getByLabel('Loan Amount')).toBeVisible();
    > 11 |     await expect(page.getByLabel('Interest Rate (%)')).toBeVisible();
         |                                                        ^
      12 |     await expect(page.getByLabel('Loan Term (Years)')).toBeVisible();
      13 |     await expect(page.getByRole('button', { name: 'Calculate' })).toBeVisible();
      14 |   });
        at C:\DevProjects\AmCalc\tests\e2e\calculator.spec.ts:11:56

    attachment #1: screenshot (image/png) ──────────────────────────────────────────────────────────
    ..\..\test-results\calculator-Calculator-Func-eb4b2-uld-display-calculator-form-Mobile-Safari\test-failed-1.png
    ────────────────────────────────────────────────────────────────────────────────────────────────

    attachment #2: video (video/webm) ──────────────────────────────────────────────────────────────
    ..\..\test-results\calculator-Calculator-Func-eb4b2-uld-display-calculator-form-Mobile-Safari\video.webm
    ────────────────────────────────────────────────────────────────────────────────────────────────

    Error Context: ..\..\test-results\calculator-Calculator-Func-eb4b2-uld-display-calculator-form-Mobile-Safari\error-context.md
]]>
</failure>
<system-out>
<![CDATA[
[[ATTACHMENT|calculator-Calculator-Func-eb4b2-uld-display-calculator-form-Mobile-Safari\test-failed-1.png]]

[[ATTACHMENT|calculator-Calculator-Func-eb4b2-uld-display-calculator-form-Mobile-Safari\video.webm]]

[[ATTACHMENT|calculator-Calculator-Func-eb4b2-uld-display-calculator-form-Mobile-Safari\error-context.md]]
]]>
</system-out>
</testcase>
<testcase name="Calculator Functionality › should format loan amount with commas" classname="calculator.spec.ts" time="6.59">
<failure message="calculator.spec.ts:16:7 should format loan amount with commas" type="FAILURE">
<![CDATA[  [Mobile Safari] › calculator.spec.ts:16:7 › Calculator Functionality › should format loan amount with commas 

    Error: Timed out 5000ms waiting for expect(locator).toHaveValue(expected)

    Locator: getByLabel('Loan Amount')
    Expected string: "250,000"
    Received string: "200,000"
    Call log:
      - Expect "toHaveValue" with timeout 5000ms
      - waiting for getByLabel('Loan Amount')
        8 × locator resolved to <input min="1000" type="text" id="principal" max="10000000" value="200,000" autocomplete="off" inputmode="numeric" placeholder="200000" class="w-full px-4 py-3 border rounded-lg focus:ring-2 focus:ring-blue-500 focus:border-blue-500 transition-colors border-gray-300"/>
          - unexpected value "200,000"


      22 |     // Should format with commas on blur
      23 |     await loanAmountInput.blur();
    > 24 |     await expect(loanAmountInput).toHaveValue('250,000');
         |                                   ^
      25 |   });
      26 |
      27 |   test('should validate form inputs', async ({ page }) => {
        at C:\DevProjects\AmCalc\tests\e2e\calculator.spec.ts:24:35

    attachment #1: screenshot (image/png) ──────────────────────────────────────────────────────────
    ..\..\test-results\calculator-Calculator-Func-6bb5b-mat-loan-amount-with-commas-Mobile-Safari\test-failed-1.png
    ────────────────────────────────────────────────────────────────────────────────────────────────

    attachment #2: video (video/webm) ──────────────────────────────────────────────────────────────
    ..\..\test-results\calculator-Calculator-Func-6bb5b-mat-loan-amount-with-commas-Mobile-Safari\video.webm
    ────────────────────────────────────────────────────────────────────────────────────────────────

    Error Context: ..\..\test-results\calculator-Calculator-Func-6bb5b-mat-loan-amount-with-commas-Mobile-Safari\error-context.md
]]>
</failure>
<system-out>
<![CDATA[
[[ATTACHMENT|calculator-Calculator-Func-6bb5b-mat-loan-amount-with-commas-Mobile-Safari\test-failed-1.png]]

[[ATTACHMENT|calculator-Calculator-Func-6bb5b-mat-loan-amount-with-commas-Mobile-Safari\video.webm]]

[[ATTACHMENT|calculator-Calculator-Func-6bb5b-mat-loan-amount-with-commas-Mobile-Safari\error-context.md]]
]]>
</system-out>
</testcase>
<testcase name="Calculator Functionality › should validate form inputs" classname="calculator.spec.ts" time="7.532">
<failure message="calculator.spec.ts:27:7 should validate form inputs" type="FAILURE">
<![CDATA[  [Mobile Safari] › calculator.spec.ts:27:7 › Calculator Functionality › should validate form inputs 

    Error: Timed out 5000ms waiting for expect(locator).toBeVisible()

    Locator: getByText('Loan amount is required')
    Expected: visible
    Received: <element(s) not found>
    Call log:
      - Expect "toBeVisible" with timeout 5000ms
      - waiting for getByText('Loan amount is required')


      30 |     
      31 |     // Should show validation errors
    > 32 |     await expect(page.getByText('Loan amount is required')).toBeVisible();
         |                                                             ^
      33 |     await expect(page.getByText('Interest rate is required')).toBeVisible();
      34 |     await expect(page.getByText('Loan term is required')).toBeVisible();
      35 |   });
        at C:\DevProjects\AmCalc\tests\e2e\calculator.spec.ts:32:61

    attachment #1: screenshot (image/png) ──────────────────────────────────────────────────────────
    ..\..\test-results\calculator-Calculator-Func-9ff1d-should-validate-form-inputs-Mobile-Safari\test-failed-1.png
    ────────────────────────────────────────────────────────────────────────────────────────────────

    attachment #2: video (video/webm) ──────────────────────────────────────────────────────────────
    ..\..\test-results\calculator-Calculator-Func-9ff1d-should-validate-form-inputs-Mobile-Safari\video.webm
    ────────────────────────────────────────────────────────────────────────────────────────────────

    Error Context: ..\..\test-results\calculator-Calculator-Func-9ff1d-should-validate-form-inputs-Mobile-Safari\error-context.md
]]>
</failure>
<system-out>
<![CDATA[
[[ATTACHMENT|calculator-Calculator-Func-9ff1d-should-validate-form-inputs-Mobile-Safari\test-failed-1.png]]

[[ATTACHMENT|calculator-Calculator-Func-9ff1d-should-validate-form-inputs-Mobile-Safari\video.webm]]

[[ATTACHMENT|calculator-Calculator-Func-9ff1d-should-validate-form-inputs-Mobile-Safari\error-context.md]]
]]>
</system-out>
</testcase>
<testcase name="Calculator Functionality › should validate loan amount minimum" classname="calculator.spec.ts" time="30.268">
<failure message="calculator.spec.ts:37:7 should validate loan amount minimum" type="FAILURE">
<![CDATA[  [Mobile Safari] › calculator.spec.ts:37:7 › Calculator Functionality › should validate loan amount minimum 

    Test timeout of 30000ms exceeded.

    Error: locator.fill: Test timeout of 30000ms exceeded.
    Call log:
      - waiting for getByLabel('Interest Rate (%)')


      37 |   test('should validate loan amount minimum', async ({ page }) => {
      38 |     await page.getByLabel('Loan Amount').fill('500');
    > 39 |     await page.getByLabel('Interest Rate (%)').fill('3.5');
         |                                                ^
      40 |     await page.getByLabel('Loan Term (Years)').fill('30');
      41 |     
      42 |     await page.getByRole('button', { name: 'Calculate' }).click();
        at C:\DevProjects\AmCalc\tests\e2e\calculator.spec.ts:39:48

    attachment #1: screenshot (image/png) ──────────────────────────────────────────────────────────
    ..\..\test-results\calculator-Calculator-Func-d2fed-alidate-loan-amount-minimum-Mobile-Safari\test-failed-1.png
    ────────────────────────────────────────────────────────────────────────────────────────────────

    attachment #2: video (video/webm) ──────────────────────────────────────────────────────────────
    ..\..\test-results\calculator-Calculator-Func-d2fed-alidate-loan-amount-minimum-Mobile-Safari\video.webm
    ────────────────────────────────────────────────────────────────────────────────────────────────

    Error Context: ..\..\test-results\calculator-Calculator-Func-d2fed-alidate-loan-amount-minimum-Mobile-Safari\error-context.md
]]>
</failure>
<system-out>
<![CDATA[
[[ATTACHMENT|calculator-Calculator-Func-d2fed-alidate-loan-amount-minimum-Mobile-Safari\test-failed-1.png]]

[[ATTACHMENT|calculator-Calculator-Func-d2fed-alidate-loan-amount-minimum-Mobile-Safari\video.webm]]

[[ATTACHMENT|calculator-Calculator-Func-d2fed-alidate-loan-amount-minimum-Mobile-Safari\error-context.md]]
]]>
</system-out>
</testcase>
<testcase name="Calculator Functionality › should validate interest rate range" classname="calculator.spec.ts" time="30.585">
<failure message="calculator.spec.ts:47:7 should validate interest rate range" type="FAILURE">
<![CDATA[  [Mobile Safari] › calculator.spec.ts:47:7 › Calculator Functionality › should validate interest rate range 

    Test timeout of 30000ms exceeded.

    Error: locator.fill: Test timeout of 30000ms exceeded.
    Call log:
      - waiting for getByLabel('Interest Rate (%)')


      47 |   test('should validate interest rate range', async ({ page }) => {
      48 |     await page.getByLabel('Loan Amount').fill('200000');
    > 49 |     await page.getByLabel('Interest Rate (%)').fill('30');
         |                                                ^
      50 |     await page.getByLabel('Loan Term (Years)').fill('30');
      51 |     
      52 |     await page.getByRole('button', { name: 'Calculate' }).click();
        at C:\DevProjects\AmCalc\tests\e2e\calculator.spec.ts:49:48

    attachment #1: screenshot (image/png) ──────────────────────────────────────────────────────────
    ..\..\test-results\calculator-Calculator-Func-6af33-alidate-interest-rate-range-Mobile-Safari\test-failed-1.png
    ────────────────────────────────────────────────────────────────────────────────────────────────

    attachment #2: video (video/webm) ──────────────────────────────────────────────────────────────
    ..\..\test-results\calculator-Calculator-Func-6af33-alidate-interest-rate-range-Mobile-Safari\video.webm
    ────────────────────────────────────────────────────────────────────────────────────────────────

    Error Context: ..\..\test-results\calculator-Calculator-Func-6af33-alidate-interest-rate-range-Mobile-Safari\error-context.md
]]>
</failure>
<system-out>
<![CDATA[
[[ATTACHMENT|calculator-Calculator-Func-6af33-alidate-interest-rate-range-Mobile-Safari\test-failed-1.png]]

[[ATTACHMENT|calculator-Calculator-Func-6af33-alidate-interest-rate-range-Mobile-Safari\video.webm]]

[[ATTACHMENT|calculator-Calculator-Func-6af33-alidate-interest-rate-range-Mobile-Safari\error-context.md]]
]]>
</system-out>
</testcase>
<testcase name="Calculator Functionality › should validate loan term range" classname="calculator.spec.ts" time="30.644">
<failure message="calculator.spec.ts:57:7 should validate loan term range" type="FAILURE">
<![CDATA[  [Mobile Safari] › calculator.spec.ts:57:7 › Calculator Functionality › should validate loan term range 

    Test timeout of 30000ms exceeded.

    Error: locator.fill: Test timeout of 30000ms exceeded.
    Call log:
      - waiting for getByLabel('Interest Rate (%)')


      57 |   test('should validate loan term range', async ({ page }) => {
      58 |     await page.getByLabel('Loan Amount').fill('200000');
    > 59 |     await page.getByLabel('Interest Rate (%)').fill('3.5');
         |                                                ^
      60 |     await page.getByLabel('Loan Term (Years)').fill('60');
      61 |     
      62 |     await page.getByRole('button', { name: 'Calculate' }).click();
        at C:\DevProjects\AmCalc\tests\e2e\calculator.spec.ts:59:48

    attachment #1: screenshot (image/png) ──────────────────────────────────────────────────────────
    ..\..\test-results\calculator-Calculator-Func-3d007-ld-validate-loan-term-range-Mobile-Safari\test-failed-1.png
    ────────────────────────────────────────────────────────────────────────────────────────────────

    attachment #2: video (video/webm) ──────────────────────────────────────────────────────────────
    ..\..\test-results\calculator-Calculator-Func-3d007-ld-validate-loan-term-range-Mobile-Safari\video.webm
    ────────────────────────────────────────────────────────────────────────────────────────────────

    Error Context: ..\..\test-results\calculator-Calculator-Func-3d007-ld-validate-loan-term-range-Mobile-Safari\error-context.md
]]>
</failure>
<system-out>
<![CDATA[
[[ATTACHMENT|calculator-Calculator-Func-3d007-ld-validate-loan-term-range-Mobile-Safari\test-failed-1.png]]

[[ATTACHMENT|calculator-Calculator-Func-3d007-ld-validate-loan-term-range-Mobile-Safari\video.webm]]

[[ATTACHMENT|calculator-Calculator-Func-3d007-ld-validate-loan-term-range-Mobile-Safari\error-context.md]]
]]>
</system-out>
</testcase>
<testcase name="Calculator Functionality › should perform successful calculation" classname="calculator.spec.ts" time="30.364">
<failure message="calculator.spec.ts:67:7 should perform successful calculation" type="FAILURE">
<![CDATA[  [Mobile Safari] › calculator.spec.ts:67:7 › Calculator Functionality › should perform successful calculation 

    Test timeout of 30000ms exceeded.

    Error: locator.fill: Test timeout of 30000ms exceeded.
    Call log:
      - waiting for getByLabel('Interest Rate (%)')


      68 |     // Fill out form with valid data
      69 |     await page.getByLabel('Loan Amount').fill('200000');
    > 70 |     await page.getByLabel('Interest Rate (%)').fill('3.5');
         |                                                ^
      71 |     await page.getByLabel('Loan Term (Years)').fill('30');
      72 |     
      73 |     // Submit form
        at C:\DevProjects\AmCalc\tests\e2e\calculator.spec.ts:70:48

    attachment #1: screenshot (image/png) ──────────────────────────────────────────────────────────
    ..\..\test-results\calculator-Calculator-Func-0046f-form-successful-calculation-Mobile-Safari\test-failed-1.png
    ────────────────────────────────────────────────────────────────────────────────────────────────

    attachment #2: video (video/webm) ──────────────────────────────────────────────────────────────
    ..\..\test-results\calculator-Calculator-Func-0046f-form-successful-calculation-Mobile-Safari\video.webm
    ────────────────────────────────────────────────────────────────────────────────────────────────

    Error Context: ..\..\test-results\calculator-Calculator-Func-0046f-form-successful-calculation-Mobile-Safari\error-context.md
]]>
</failure>
<system-out>
<![CDATA[
[[ATTACHMENT|calculator-Calculator-Func-0046f-form-successful-calculation-Mobile-Safari\test-failed-1.png]]

[[ATTACHMENT|calculator-Calculator-Func-0046f-form-successful-calculation-Mobile-Safari\video.webm]]

[[ATTACHMENT|calculator-Calculator-Func-0046f-form-successful-calculation-Mobile-Safari\error-context.md]]
]]>
</system-out>
</testcase>
<testcase name="Calculator Functionality › should display amortization table with pagination" classname="calculator.spec.ts" time="30.3">
<failure message="calculator.spec.ts:93:7 should display amortization table with pagination" type="FAILURE">
<![CDATA[  [Mobile Safari] › calculator.spec.ts:93:7 › Calculator Functionality › should display amortization table with pagination 

    Test timeout of 30000ms exceeded.

    Error: locator.fill: Test timeout of 30000ms exceeded.
    Call log:
      - waiting for getByLabel('Interest Rate (%)')


      94 |     // Perform calculation
      95 |     await page.getByLabel('Loan Amount').fill('200000');
    > 96 |     await page.getByLabel('Interest Rate (%)').fill('3.5');
         |                                                ^
      97 |     await page.getByLabel('Loan Term (Years)').fill('30');
      98 |     await page.getByRole('button', { name: 'Calculate' }).click();
      99 |     
        at C:\DevProjects\AmCalc\tests\e2e\calculator.spec.ts:96:48

    attachment #1: screenshot (image/png) ──────────────────────────────────────────────────────────
    ..\..\test-results\calculator-Calculator-Func-43388-ation-table-with-pagination-Mobile-Safari\test-failed-1.png
    ────────────────────────────────────────────────────────────────────────────────────────────────

    attachment #2: video (video/webm) ──────────────────────────────────────────────────────────────
    ..\..\test-results\calculator-Calculator-Func-43388-ation-table-with-pagination-Mobile-Safari\video.webm
    ────────────────────────────────────────────────────────────────────────────────────────────────

    Error Context: ..\..\test-results\calculator-Calculator-Func-43388-ation-table-with-pagination-Mobile-Safari\error-context.md
]]>
</failure>
<system-out>
<![CDATA[
[[ATTACHMENT|calculator-Calculator-Func-43388-ation-table-with-pagination-Mobile-Safari\test-failed-1.png]]

[[ATTACHMENT|calculator-Calculator-Func-43388-ation-table-with-pagination-Mobile-Safari\video.webm]]

[[ATTACHMENT|calculator-Calculator-Func-43388-ation-table-with-pagination-Mobile-Safari\error-context.md]]
]]>
</system-out>
</testcase>
<testcase name="Calculator Functionality › should export amortization table" classname="calculator.spec.ts" time="30.356">
<failure message="calculator.spec.ts:108:7 should export amortization table" type="FAILURE">
<![CDATA[  [Mobile Safari] › calculator.spec.ts:108:7 › Calculator Functionality › should export amortization table 

    Test timeout of 30000ms exceeded.

    Error: locator.fill: Test timeout of 30000ms exceeded.
    Call log:
      - waiting for getByLabel('Interest Rate (%)')


      109 |     // Perform calculation
      110 |     await page.getByLabel('Loan Amount').fill('200000');
    > 111 |     await page.getByLabel('Interest Rate (%)').fill('3.5');
          |                                                ^
      112 |     await page.getByLabel('Loan Term (Years)').fill('30');
      113 |     await page.getByRole('button', { name: 'Calculate' }).click();
      114 |     
        at C:\DevProjects\AmCalc\tests\e2e\calculator.spec.ts:111:48

    attachment #1: screenshot (image/png) ──────────────────────────────────────────────────────────
    ..\..\test-results\calculator-Calculator-Func-9108c-d-export-amortization-table-Mobile-Safari\test-failed-1.png
    ────────────────────────────────────────────────────────────────────────────────────────────────

    attachment #2: video (video/webm) ──────────────────────────────────────────────────────────────
    ..\..\test-results\calculator-Calculator-Func-9108c-d-export-amortization-table-Mobile-Safari\video.webm
    ────────────────────────────────────────────────────────────────────────────────────────────────

    Error Context: ..\..\test-results\calculator-Calculator-Func-9108c-d-export-amortization-table-Mobile-Safari\error-context.md
]]>
</failure>
<system-out>
<![CDATA[
[[ATTACHMENT|calculator-Calculator-Func-9108c-d-export-amortization-table-Mobile-Safari\test-failed-1.png]]

[[ATTACHMENT|calculator-Calculator-Func-9108c-d-export-amortization-table-Mobile-Safari\video.webm]]

[[ATTACHMENT|calculator-Calculator-Func-9108c-d-export-amortization-table-Mobile-Safari\error-context.md]]
]]>
</system-out>
</testcase>
<testcase name="Calculator Functionality › should handle interest rate input correctly" classname="calculator.spec.ts" time="30.378">
<failure message="calculator.spec.ts:123:7 should handle interest rate input correctly" type="FAILURE">
<![CDATA[  [Mobile Safari] › calculator.spec.ts:123:7 › Calculator Functionality › should handle interest rate input correctly 

    Test timeout of 30000ms exceeded.

    Error: locator.fill: Test timeout of 30000ms exceeded.
    Call log:
      - waiting for getByLabel('Interest Rate (%)')


      125 |     
      126 |     // Type a decimal number
    > 127 |     await interestRateInput.fill('3.5');
          |                             ^
      128 |     
      129 |     // Should maintain the value
      130 |     await expect(interestRateInput).toHaveValue('3.5');
        at C:\DevProjects\AmCalc\tests\e2e\calculator.spec.ts:127:29

    attachment #1: screenshot (image/png) ──────────────────────────────────────────────────────────
    ..\..\test-results\calculator-Calculator-Func-4c152-terest-rate-input-correctly-Mobile-Safari\test-failed-1.png
    ────────────────────────────────────────────────────────────────────────────────────────────────

    attachment #2: video (video/webm) ──────────────────────────────────────────────────────────────
    ..\..\test-results\calculator-Calculator-Func-4c152-terest-rate-input-correctly-Mobile-Safari\video.webm
    ────────────────────────────────────────────────────────────────────────────────────────────────

    Error Context: ..\..\test-results\calculator-Calculator-Func-4c152-terest-rate-input-correctly-Mobile-Safari\error-context.md
]]>
</failure>
<system-out>
<![CDATA[
[[ATTACHMENT|calculator-Calculator-Func-4c152-terest-rate-input-correctly-Mobile-Safari\test-failed-1.png]]

[[ATTACHMENT|calculator-Calculator-Func-4c152-terest-rate-input-correctly-Mobile-Safari\video.webm]]

[[ATTACHMENT|calculator-Calculator-Func-4c152-terest-rate-input-correctly-Mobile-Safari\error-context.md]]
]]>
</system-out>
</testcase>
<testcase name="Calculator Functionality › should be responsive on mobile" classname="calculator.spec.ts" time="6.695">
<failure message="calculator.spec.ts:133:7 should be responsive on mobile" type="FAILURE">
<![CDATA[  [Mobile Safari] › calculator.spec.ts:133:7 › Calculator Functionality › should be responsive on mobile 

    Error: Timed out 5000ms waiting for expect(locator).toBeVisible()

    Locator: getByLabel('Interest Rate (%)')
    Expected: visible
    Received: <element(s) not found>
    Call log:
      - Expect "toBeVisible" with timeout 5000ms
      - waiting for getByLabel('Interest Rate (%)')


      137 |     // Should still show all form elements
      138 |     await expect(page.getByLabel('Loan Amount')).toBeVisible();
    > 139 |     await expect(page.getByLabel('Interest Rate (%)')).toBeVisible();
          |                                                        ^
      140 |     await expect(page.getByLabel('Loan Term (Years)')).toBeVisible();
      141 |     await expect(page.getByRole('button', { name: 'Calculate' })).toBeVisible();
      142 |     
        at C:\DevProjects\AmCalc\tests\e2e\calculator.spec.ts:139:56

    attachment #1: screenshot (image/png) ──────────────────────────────────────────────────────────
    ..\..\test-results\calculator-Calculator-Func-27a27-uld-be-responsive-on-mobile-Mobile-Safari\test-failed-1.png
    ────────────────────────────────────────────────────────────────────────────────────────────────

    attachment #2: video (video/webm) ──────────────────────────────────────────────────────────────
    ..\..\test-results\calculator-Calculator-Func-27a27-uld-be-responsive-on-mobile-Mobile-Safari\video.webm
    ────────────────────────────────────────────────────────────────────────────────────────────────

    Error Context: ..\..\test-results\calculator-Calculator-Func-27a27-uld-be-responsive-on-mobile-Mobile-Safari\error-context.md
]]>
</failure>
<system-out>
<![CDATA[
[[ATTACHMENT|calculator-Calculator-Func-27a27-uld-be-responsive-on-mobile-Mobile-Safari\test-failed-1.png]]

[[ATTACHMENT|calculator-Calculator-Func-27a27-uld-be-responsive-on-mobile-Mobile-Safari\video.webm]]

[[ATTACHMENT|calculator-Calculator-Func-27a27-uld-be-responsive-on-mobile-Mobile-Safari\error-context.md]]
]]>
</system-out>
</testcase>
<testcase name="Calculator Functionality › should show guest mode message" classname="calculator.spec.ts" time="1.294">
</testcase>
<testcase name="Calculator Functionality › should allow multiple calculations" classname="calculator.spec.ts" time="30.158">
<failure message="calculator.spec.ts:158:7 should allow multiple calculations" type="FAILURE">
<![CDATA[  [Mobile Safari] › calculator.spec.ts:158:7 › Calculator Functionality › should allow multiple calculations 

    Test timeout of 30000ms exceeded.

    Error: locator.fill: Test timeout of 30000ms exceeded.
    Call log:
      - waiting for getByLabel('Interest Rate (%)')


      159 |     // First calculation
      160 |     await page.getByLabel('Loan Amount').fill('200000');
    > 161 |     await page.getByLabel('Interest Rate (%)').fill('3.5');
          |                                                ^
      162 |     await page.getByLabel('Loan Term (Years)').fill('30');
      163 |     await page.getByRole('button', { name: 'Calculate' }).click();
      164 |     
        at C:\DevProjects\AmCalc\tests\e2e\calculator.spec.ts:161:48

    attachment #1: screenshot (image/png) ──────────────────────────────────────────────────────────
    ..\..\test-results\calculator-Calculator-Func-12cab-allow-multiple-calculations-Mobile-Safari\test-failed-1.png
    ────────────────────────────────────────────────────────────────────────────────────────────────

    attachment #2: video (video/webm) ──────────────────────────────────────────────────────────────
    ..\..\test-results\calculator-Calculator-Func-12cab-allow-multiple-calculations-Mobile-Safari\video.webm
    ────────────────────────────────────────────────────────────────────────────────────────────────

    Error Context: ..\..\test-results\calculator-Calculator-Func-12cab-allow-multiple-calculations-Mobile-Safari\error-context.md
]]>
</failure>
<system-out>
<![CDATA[
[[ATTACHMENT|calculator-Calculator-Func-12cab-allow-multiple-calculations-Mobile-Safari\test-failed-1.png]]

[[ATTACHMENT|calculator-Calculator-Func-12cab-allow-multiple-calculations-Mobile-Safari\video.webm]]

[[ATTACHMENT|calculator-Calculator-Func-12cab-allow-multiple-calculations-Mobile-Safari\error-context.md]]
]]>
</system-out>
</testcase>
</testsuite>
<testsuite name="navigation.spec.ts" timestamp="2025-07-16T23:46:31.629Z" hostname="Mobile Safari" tests="14" failures="13" skipped="0" time="98.786" errors="0">
<testcase name="Navigation and Layout › should display landing page with navigation" classname="navigation.spec.ts" time="1.589">
<failure message="navigation.spec.ts:8:7 should display landing page with navigation" type="FAILURE">
<![CDATA[  [Mobile Safari] › navigation.spec.ts:8:7 › Navigation and Layout › should display landing page with navigation 

    Error: expect.toBeVisible: Error: strict mode violation: getByRole('heading', { name: 'AmCalc' }) resolved to 2 elements:
        1) <h1 class="text-3xl font-bold text-gray-900">AmCalc</h1> aka locator('h1')
        2) <h3 class="text-2xl font-bold text-white">AmCalc</h3> aka getByRole('contentinfo').getByRole('heading', { name: 'AmCalc' })

    Call log:
      - Expect "toBeVisible" with timeout 5000ms
      - waiting for getByRole('heading', { name: 'AmCalc' })


       7 |
       8 |   test('should display landing page with navigation', async ({ page }) => {
    >  9 |     await expect(page.getByRole('heading', { name: 'AmCalc' })).toBeVisible();
         |                                                                 ^
      10 |     await expect(page.getByRole('navigation')).toBeVisible();
      11 |     
      12 |     // Should show main navigation links
        at C:\DevProjects\AmCalc\tests\e2e\navigation.spec.ts:9:65

    attachment #1: screenshot (image/png) ──────────────────────────────────────────────────────────
    ..\..\test-results\navigation-Navigation-and--a7509-anding-page-with-navigation-Mobile-Safari\test-failed-1.png
    ────────────────────────────────────────────────────────────────────────────────────────────────

    attachment #2: video (video/webm) ──────────────────────────────────────────────────────────────
    ..\..\test-results\navigation-Navigation-and--a7509-anding-page-with-navigation-Mobile-Safari\video.webm
    ────────────────────────────────────────────────────────────────────────────────────────────────

    Error Context: ..\..\test-results\navigation-Navigation-and--a7509-anding-page-with-navigation-Mobile-Safari\error-context.md
]]>
</failure>
<system-out>
<![CDATA[
[[ATTACHMENT|navigation-Navigation-and--a7509-anding-page-with-navigation-Mobile-Safari\test-failed-1.png]]

[[ATTACHMENT|navigation-Navigation-and--a7509-anding-page-with-navigation-Mobile-Safari\video.webm]]

[[ATTACHMENT|navigation-Navigation-and--a7509-anding-page-with-navigation-Mobile-Safari\error-context.md]]
]]>
</system-out>
</testcase>
<testcase name="Navigation and Layout › should navigate to calculator page" classname="navigation.spec.ts" time="1.354">
<failure message="navigation.spec.ts:18:7 should navigate to calculator page" type="FAILURE">
<![CDATA[  [Mobile Safari] › navigation.spec.ts:18:7 › Navigation and Layout › should navigate to calculator page 

    Error: locator.click: Error: strict mode violation: getByRole('link', { name: 'Calculator' }) resolved to 2 elements:
        1) <a href="/calculator" class="w-full flex items-center justify-center px-8 py-3 border border-transparent text-base font-medium rounded-md text-white bg-blue-600 hover:bg-blue-700 md:py-4 md:text-lg md:px-10">Try Calculator</a> aka getByRole('link', { name: 'Try Calculator' })
        2) <a href="/calculator" class="text-gray-400 hover:text-white">Calculator</a> aka getByRole('link', { name: 'Calculator', exact: true })

    Call log:
      - waiting for getByRole('link', { name: 'Calculator' })


      17 |
      18 |   test('should navigate to calculator page', async ({ page }) => {
    > 19 |     await page.getByRole('link', { name: 'Calculator' }).click();
         |                                                          ^
      20 |     await expect(page).toHaveURL('/calculator');
      21 |     await expect(page.getByRole('heading', { name: 'Amortization Calculator' })).toBeVisible();
      22 |   });
        at C:\DevProjects\AmCalc\tests\e2e\navigation.spec.ts:19:58

    attachment #1: screenshot (image/png) ──────────────────────────────────────────────────────────
    ..\..\test-results\navigation-Navigation-and--b3c34-navigate-to-calculator-page-Mobile-Safari\test-failed-1.png
    ────────────────────────────────────────────────────────────────────────────────────────────────

    attachment #2: video (video/webm) ──────────────────────────────────────────────────────────────
    ..\..\test-results\navigation-Navigation-and--b3c34-navigate-to-calculator-page-Mobile-Safari\video.webm
    ────────────────────────────────────────────────────────────────────────────────────────────────

    Error Context: ..\..\test-results\navigation-Navigation-and--b3c34-navigate-to-calculator-page-Mobile-Safari\error-context.md
]]>
</failure>
<system-out>
<![CDATA[
[[ATTACHMENT|navigation-Navigation-and--b3c34-navigate-to-calculator-page-Mobile-Safari\test-failed-1.png]]

[[ATTACHMENT|navigation-Navigation-and--b3c34-navigate-to-calculator-page-Mobile-Safari\video.webm]]

[[ATTACHMENT|navigation-Navigation-and--b3c34-navigate-to-calculator-page-Mobile-Safari\error-context.md]]
]]>
</system-out>
</testcase>
<testcase name="Navigation and Layout › should navigate to auth page" classname="navigation.spec.ts" time="1.53">
<failure message="navigation.spec.ts:24:7 should navigate to auth page" type="FAILURE">
<![CDATA[  [Mobile Safari] › navigation.spec.ts:24:7 › Navigation and Layout › should navigate to auth page ─

    Error: locator.click: Error: strict mode violation: getByRole('link', { name: 'Sign In' }) resolved to 2 elements:
        1) <a href="/auth" class="text-gray-600 hover:text-gray-900 px-3 py-2 rounded-md text-sm font-medium">Sign In</a> aka getByRole('navigation').getByRole('link', { name: 'Sign In' })
        2) <a href="/auth" class="text-gray-400 hover:text-white">Sign In</a> aka getByRole('contentinfo').getByRole('link', { name: 'Sign In' })

    Call log:
      - waiting for getByRole('link', { name: 'Sign In' })


      23 |
      24 |   test('should navigate to auth page', async ({ page }) => {
    > 25 |     await page.getByRole('link', { name: 'Sign In' }).click();
         |                                                       ^
      26 |     await expect(page).toHaveURL('/auth');
      27 |     await expect(page.getByRole('heading', { name: 'Sign In' })).toBeVisible();
      28 |   });
        at C:\DevProjects\AmCalc\tests\e2e\navigation.spec.ts:25:55

    attachment #1: screenshot (image/png) ──────────────────────────────────────────────────────────
    ..\..\test-results\navigation-Navigation-and--939bf-hould-navigate-to-auth-page-Mobile-Safari\test-failed-1.png
    ────────────────────────────────────────────────────────────────────────────────────────────────

    attachment #2: video (video/webm) ──────────────────────────────────────────────────────────────
    ..\..\test-results\navigation-Navigation-and--939bf-hould-navigate-to-auth-page-Mobile-Safari\video.webm
    ────────────────────────────────────────────────────────────────────────────────────────────────

    Error Context: ..\..\test-results\navigation-Navigation-and--939bf-hould-navigate-to-auth-page-Mobile-Safari\error-context.md
]]>
</failure>
<system-out>
<![CDATA[
[[ATTACHMENT|navigation-Navigation-and--939bf-hould-navigate-to-auth-page-Mobile-Safari\test-failed-1.png]]

[[ATTACHMENT|navigation-Navigation-and--939bf-hould-navigate-to-auth-page-Mobile-Safari\video.webm]]

[[ATTACHMENT|navigation-Navigation-and--939bf-hould-navigate-to-auth-page-Mobile-Safari\error-context.md]]
]]>
</system-out>
</testcase>
<testcase name="Navigation and Layout › should navigate to registration from landing page" classname="navigation.spec.ts" time="7.866">
<failure message="navigation.spec.ts:30:7 should navigate to registration from landing page" type="FAILURE">
<![CDATA[  [Mobile Safari] › navigation.spec.ts:30:7 › Navigation and Layout › should navigate to registration from landing page 

    Error: Timed out 5000ms waiting for expect(locator).toBeVisible()

    Locator: getByRole('heading', { name: 'Create Account' })
    Expected: visible
    Received: <element(s) not found>
    Call log:
      - Expect "toBeVisible" with timeout 5000ms
      - waiting for getByRole('heading', { name: 'Create Account' })


      31 |     await page.getByRole('link', { name: 'Create Account' }).click();
      32 |     await expect(page).toHaveURL('/auth');
    > 33 |     await expect(page.getByRole('heading', { name: 'Create Account' })).toBeVisible();
         |                                                                         ^
      34 |   });
      35 |
      36 |   test('should be responsive on mobile', async ({ page }) => {
        at C:\DevProjects\AmCalc\tests\e2e\navigation.spec.ts:33:73

    attachment #1: screenshot (image/png) ──────────────────────────────────────────────────────────
    ..\..\test-results\navigation-Navigation-and--c10ba-istration-from-landing-page-Mobile-Safari\test-failed-1.png
    ────────────────────────────────────────────────────────────────────────────────────────────────

    attachment #2: video (video/webm) ──────────────────────────────────────────────────────────────
    ..\..\test-results\navigation-Navigation-and--c10ba-istration-from-landing-page-Mobile-Safari\video.webm
    ────────────────────────────────────────────────────────────────────────────────────────────────

    Error Context: ..\..\test-results\navigation-Navigation-and--c10ba-istration-from-landing-page-Mobile-Safari\error-context.md
]]>
</failure>
<system-out>
<![CDATA[
[[ATTACHMENT|navigation-Navigation-and--c10ba-istration-from-landing-page-Mobile-Safari\test-failed-1.png]]

[[ATTACHMENT|navigation-Navigation-and--c10ba-istration-from-landing-page-Mobile-Safari\video.webm]]

[[ATTACHMENT|navigation-Navigation-and--c10ba-istration-from-landing-page-Mobile-Safari\error-context.md]]
]]>
</system-out>
</testcase>
<testcase name="Navigation and Layout › should be responsive on mobile" classname="navigation.spec.ts" time="1.642">
<failure message="navigation.spec.ts:36:7 should be responsive on mobile" type="FAILURE">
<![CDATA[  [Mobile Safari] › navigation.spec.ts:36:7 › Navigation and Layout › should be responsive on mobile 

    Error: expect.toBeVisible: Error: strict mode violation: getByRole('link', { name: 'Calculator' }) resolved to 2 elements:
        1) <a href="/calculator" class="w-full flex items-center justify-center px-8 py-3 border border-transparent text-base font-medium rounded-md text-white bg-blue-600 hover:bg-blue-700 md:py-4 md:text-lg md:px-10">Try Calculator</a> aka getByRole('link', { name: 'Try Calculator' })
        2) <a href="/calculator" class="text-gray-400 hover:text-white">Calculator</a> aka getByRole('link', { name: 'Calculator', exact: true })

    Call log:
      - Expect "toBeVisible" with timeout 5000ms
      - waiting for getByRole('link', { name: 'Calculator' })


      40 |     // Should still show navigation
      41 |     await expect(page.getByRole('navigation')).toBeVisible();
    > 42 |     await expect(page.getByRole('link', { name: 'Calculator' })).toBeVisible();
         |                                                                  ^
      43 |     await expect(page.getByRole('link', { name: 'Sign In' })).toBeVisible();
      44 |   });
      45 |
        at C:\DevProjects\AmCalc\tests\e2e\navigation.spec.ts:42:66

    attachment #1: screenshot (image/png) ──────────────────────────────────────────────────────────
    ..\..\test-results\navigation-Navigation-and--77119-uld-be-responsive-on-mobile-Mobile-Safari\test-failed-1.png
    ────────────────────────────────────────────────────────────────────────────────────────────────

    attachment #2: video (video/webm) ──────────────────────────────────────────────────────────────
    ..\..\test-results\navigation-Navigation-and--77119-uld-be-responsive-on-mobile-Mobile-Safari\video.webm
    ────────────────────────────────────────────────────────────────────────────────────────────────

    Error Context: ..\..\test-results\navigation-Navigation-and--77119-uld-be-responsive-on-mobile-Mobile-Safari\error-context.md
]]>
</failure>
<system-out>
<![CDATA[
[[ATTACHMENT|navigation-Navigation-and--77119-uld-be-responsive-on-mobile-Mobile-Safari\test-failed-1.png]]

[[ATTACHMENT|navigation-Navigation-and--77119-uld-be-responsive-on-mobile-Mobile-Safari\video.webm]]

[[ATTACHMENT|navigation-Navigation-and--77119-uld-be-responsive-on-mobile-Mobile-Safari\error-context.md]]
]]>
</system-out>
</testcase>
<testcase name="Navigation and Layout › should redirect authenticated users from auth page" classname="navigation.spec.ts" time="8.742">
<failure message="navigation.spec.ts:46:7 should redirect authenticated users from auth page" type="FAILURE">
<![CDATA[  [Mobile Safari] › navigation.spec.ts:46:7 › Navigation and Layout › should redirect authenticated users from auth page 

    Error: Timed out 5000ms waiting for expect(page).toHaveURL(expected)

    Expected string: "http://localhost:3000/dashboard"
    Received string: "http://localhost:3000/auth"
    Call log:
      - Expect "toHaveURL" with timeout 5000ms
        8 × unexpected value "http://localhost:3000/auth"


      52 |     
      53 |     // Should redirect to dashboard
    > 54 |     await expect(page).toHaveURL('/dashboard');
         |                        ^
      55 |     
      56 |     // Try to access auth page again
      57 |     await page.goto('/auth');
        at C:\DevProjects\AmCalc\tests\e2e\navigation.spec.ts:54:24

    attachment #1: screenshot (image/png) ──────────────────────────────────────────────────────────
    ..\..\test-results\navigation-Navigation-and--f9d01-icated-users-from-auth-page-Mobile-Safari\test-failed-1.png
    ────────────────────────────────────────────────────────────────────────────────────────────────

    attachment #2: video (video/webm) ──────────────────────────────────────────────────────────────
    ..\..\test-results\navigation-Navigation-and--f9d01-icated-users-from-auth-page-Mobile-Safari\video.webm
    ────────────────────────────────────────────────────────────────────────────────────────────────

    Error Context: ..\..\test-results\navigation-Navigation-and--f9d01-icated-users-from-auth-page-Mobile-Safari\error-context.md
]]>
</failure>
<system-out>
<![CDATA[
[[ATTACHMENT|navigation-Navigation-and--f9d01-icated-users-from-auth-page-Mobile-Safari\test-failed-1.png]]

[[ATTACHMENT|navigation-Navigation-and--f9d01-icated-users-from-auth-page-Mobile-Safari\video.webm]]

[[ATTACHMENT|navigation-Navigation-and--f9d01-icated-users-from-auth-page-Mobile-Safari\error-context.md]]
]]>
</system-out>
</testcase>
<testcase name="Navigation and Layout › should show authenticated navigation after login" classname="navigation.spec.ts" time="8.427">
<failure message="navigation.spec.ts:63:7 should show authenticated navigation after login" type="FAILURE">
<![CDATA[  [Mobile Safari] › navigation.spec.ts:63:7 › Navigation and Layout › should show authenticated navigation after login 

    Error: Timed out 5000ms waiting for expect(locator).toBeVisible()

    Locator: getByRole('link', { name: 'Dashboard' })
    Expected: visible
    Received: <element(s) not found>
    Call log:
      - Expect "toBeVisible" with timeout 5000ms
      - waiting for getByRole('link', { name: 'Dashboard' })


      69 |     
      70 |     // Should show authenticated navigation
    > 71 |     await expect(page.getByRole('link', { name: 'Dashboard' })).toBeVisible();
         |                                                                 ^
      72 |     await expect(page.getByRole('link', { name: 'Calculator' })).toBeVisible();
      73 |     await expect(page.getByRole('link', { name: 'Settings' })).toBeVisible();
      74 |     await expect(page.getByRole('button', { name: 'Sign Out' })).toBeVisible();
        at C:\DevProjects\AmCalc\tests\e2e\navigation.spec.ts:71:65

    attachment #1: screenshot (image/png) ──────────────────────────────────────────────────────────
    ..\..\test-results\navigation-Navigation-and--64d5e-ated-navigation-after-login-Mobile-Safari\test-failed-1.png
    ────────────────────────────────────────────────────────────────────────────────────────────────

    attachment #2: video (video/webm) ──────────────────────────────────────────────────────────────
    ..\..\test-results\navigation-Navigation-and--64d5e-ated-navigation-after-login-Mobile-Safari\video.webm
    ────────────────────────────────────────────────────────────────────────────────────────────────

    Error Context: ..\..\test-results\navigation-Navigation-and--64d5e-ated-navigation-after-login-Mobile-Safari\error-context.md
]]>
</failure>
<system-out>
<![CDATA[
[[ATTACHMENT|navigation-Navigation-and--64d5e-ated-navigation-after-login-Mobile-Safari\test-failed-1.png]]

[[ATTACHMENT|navigation-Navigation-and--64d5e-ated-navigation-after-login-Mobile-Safari\video.webm]]

[[ATTACHMENT|navigation-Navigation-and--64d5e-ated-navigation-after-login-Mobile-Safari\error-context.md]]
]]>
</system-out>
</testcase>
<testcase name="Navigation and Layout › should logout successfully" classname="navigation.spec.ts" time="9.092">
<failure message="navigation.spec.ts:77:7 should logout successfully" type="FAILURE">
<![CDATA[  [Mobile Safari] › navigation.spec.ts:77:7 › Navigation and Layout › should logout successfully ───

    Error: Timed out 5000ms waiting for expect(page).toHaveURL(expected)

    Expected string: "http://localhost:3000/dashboard"
    Received string: "http://localhost:3000/auth"
    Call log:
      - Expect "toHaveURL" with timeout 5000ms
        8 × unexpected value "http://localhost:3000/auth"


      83 |     
      84 |     // Should be on dashboard
    > 85 |     await expect(page).toHaveURL('/dashboard');
         |                        ^
      86 |     
      87 |     // Logout
      88 |     await page.getByRole('button', { name: 'Sign Out' }).click();
        at C:\DevProjects\AmCalc\tests\e2e\navigation.spec.ts:85:24

    attachment #1: screenshot (image/png) ──────────────────────────────────────────────────────────
    ..\..\test-results\navigation-Navigation-and-Layout-should-logout-successfully-Mobile-Safari\test-failed-1.png
    ────────────────────────────────────────────────────────────────────────────────────────────────

    attachment #2: video (video/webm) ──────────────────────────────────────────────────────────────
    ..\..\test-results\navigation-Navigation-and-Layout-should-logout-successfully-Mobile-Safari\video.webm
    ────────────────────────────────────────────────────────────────────────────────────────────────

    Error Context: ..\..\test-results\navigation-Navigation-and-Layout-should-logout-successfully-Mobile-Safari\error-context.md
]]>
</failure>
<system-out>
<![CDATA[
[[ATTACHMENT|navigation-Navigation-and-Layout-should-logout-successfully-Mobile-Safari\test-failed-1.png]]

[[ATTACHMENT|navigation-Navigation-and-Layout-should-logout-successfully-Mobile-Safari\video.webm]]

[[ATTACHMENT|navigation-Navigation-and-Layout-should-logout-successfully-Mobile-Safari\error-context.md]]
]]>
</system-out>
</testcase>
<testcase name="Navigation and Layout › should protect dashboard route" classname="navigation.spec.ts" time="6.578">
<failure message="navigation.spec.ts:98:7 should protect dashboard route" type="FAILURE">
<![CDATA[  [Mobile Safari] › navigation.spec.ts:98:7 › Navigation and Layout › should protect dashboard route 

    Error: Timed out 5000ms waiting for expect(page).toHaveURL(expected)

    Expected string: "http://localhost:3000/auth"
    Received string: "http://localhost:3000/auth/login"
    Call log:
      - Expect "toHaveURL" with timeout 5000ms
        4 × unexpected value "http://localhost:3000/dashboard"
        4 × unexpected value "http://localhost:3000/auth/login"


      101 |     
      102 |     // Should redirect to auth page
    > 103 |     await expect(page).toHaveURL('/auth');
          |                        ^
      104 |   });
      105 |
      106 |   test('should protect settings route', async ({ page }) => {
        at C:\DevProjects\AmCalc\tests\e2e\navigation.spec.ts:103:24

    attachment #1: screenshot (image/png) ──────────────────────────────────────────────────────────
    ..\..\test-results\navigation-Navigation-and--53fd4-uld-protect-dashboard-route-Mobile-Safari\test-failed-1.png
    ────────────────────────────────────────────────────────────────────────────────────────────────

    attachment #2: video (video/webm) ──────────────────────────────────────────────────────────────
    ..\..\test-results\navigation-Navigation-and--53fd4-uld-protect-dashboard-route-Mobile-Safari\video.webm
    ────────────────────────────────────────────────────────────────────────────────────────────────

    Error Context: ..\..\test-results\navigation-Navigation-and--53fd4-uld-protect-dashboard-route-Mobile-Safari\error-context.md
]]>
</failure>
<system-out>
<![CDATA[
[[ATTACHMENT|navigation-Navigation-and--53fd4-uld-protect-dashboard-route-Mobile-Safari\test-failed-1.png]]

[[ATTACHMENT|navigation-Navigation-and--53fd4-uld-protect-dashboard-route-Mobile-Safari\video.webm]]

[[ATTACHMENT|navigation-Navigation-and--53fd4-uld-protect-dashboard-route-Mobile-Safari\error-context.md]]
]]>
</system-out>
</testcase>
<testcase name="Navigation and Layout › should protect settings route" classname="navigation.spec.ts" time="6.691">
<failure message="navigation.spec.ts:106:7 should protect settings route" type="FAILURE">
<![CDATA[  [Mobile Safari] › navigation.spec.ts:106:7 › Navigation and Layout › should protect settings route 

    Error: Timed out 5000ms waiting for expect(page).toHaveURL(expected)

    Expected string: "http://localhost:3000/auth"
    Received string: "http://localhost:3000/auth/login"
    Call log:
      - Expect "toHaveURL" with timeout 5000ms
        4 × unexpected value "http://localhost:3000/settings"
        4 × unexpected value "http://localhost:3000/auth/login"


      109 |     
      110 |     // Should redirect to auth page
    > 111 |     await expect(page).toHaveURL('/auth');
          |                        ^
      112 |   });
      113 |
      114 |   test('should allow access to calculator without authentication', async ({ page }) => {
        at C:\DevProjects\AmCalc\tests\e2e\navigation.spec.ts:111:24

    attachment #1: screenshot (image/png) ──────────────────────────────────────────────────────────
    ..\..\test-results\navigation-Navigation-and--fe962-ould-protect-settings-route-Mobile-Safari\test-failed-1.png
    ────────────────────────────────────────────────────────────────────────────────────────────────

    attachment #2: video (video/webm) ──────────────────────────────────────────────────────────────
    ..\..\test-results\navigation-Navigation-and--fe962-ould-protect-settings-route-Mobile-Safari\video.webm
    ────────────────────────────────────────────────────────────────────────────────────────────────

    Error Context: ..\..\test-results\navigation-Navigation-and--fe962-ould-protect-settings-route-Mobile-Safari\error-context.md
]]>
</failure>
<system-out>
<![CDATA[
[[ATTACHMENT|navigation-Navigation-and--fe962-ould-protect-settings-route-Mobile-Safari\test-failed-1.png]]

[[ATTACHMENT|navigation-Navigation-and--fe962-ould-protect-settings-route-Mobile-Safari\video.webm]]

[[ATTACHMENT|navigation-Navigation-and--fe962-ould-protect-settings-route-Mobile-Safari\error-context.md]]
]]>
</system-out>
</testcase>
<testcase name="Navigation and Layout › should allow access to calculator without authentication" classname="navigation.spec.ts" time="2.162">
</testcase>
<testcase name="Navigation and Layout › should show footer on all pages" classname="navigation.spec.ts" time="6.358">
<failure message="navigation.spec.ts:121:7 should show footer on all pages" type="FAILURE">
<![CDATA[  [Mobile Safari] › navigation.spec.ts:121:7 › Navigation and Layout › should show footer on all pages 

    Error: Timed out 5000ms waiting for expect(locator).toBeVisible()

    Locator: getByText('© 2024 AmCalc. All rights reserved.')
    Expected: visible
    Received: <element(s) not found>
    Call log:
      - Expect "toBeVisible" with timeout 5000ms
      - waiting for getByText('© 2024 AmCalc. All rights reserved.')


      121 |   test('should show footer on all pages', async ({ page }) => {
      122 |     // Check landing page
    > 123 |     await expect(page.getByText('© 2024 AmCalc. All rights reserved.')).toBeVisible();
          |                                                                         ^
      124 |     
      125 |     // Check calculator page
      126 |     await page.goto('/calculator');
        at C:\DevProjects\AmCalc\tests\e2e\navigation.spec.ts:123:73

    attachment #1: screenshot (image/png) ──────────────────────────────────────────────────────────
    ..\..\test-results\navigation-Navigation-and--eb6b7-ld-show-footer-on-all-pages-Mobile-Safari\test-failed-1.png
    ────────────────────────────────────────────────────────────────────────────────────────────────

    attachment #2: video (video/webm) ──────────────────────────────────────────────────────────────
    ..\..\test-results\navigation-Navigation-and--eb6b7-ld-show-footer-on-all-pages-Mobile-Safari\video.webm
    ────────────────────────────────────────────────────────────────────────────────────────────────

    Error Context: ..\..\test-results\navigation-Navigation-and--eb6b7-ld-show-footer-on-all-pages-Mobile-Safari\error-context.md
]]>
</failure>
<system-out>
<![CDATA[
[[ATTACHMENT|navigation-Navigation-and--eb6b7-ld-show-footer-on-all-pages-Mobile-Safari\test-failed-1.png]]

[[ATTACHMENT|navigation-Navigation-and--eb6b7-ld-show-footer-on-all-pages-Mobile-Safari\video.webm]]

[[ATTACHMENT|navigation-Navigation-and--eb6b7-ld-show-footer-on-all-pages-Mobile-Safari\error-context.md]]
]]>
</system-out>
</testcase>
<testcase name="Navigation and Layout › should handle 404 pages gracefully" classname="navigation.spec.ts" time="6.643">
<failure message="navigation.spec.ts:134:7 should handle 404 pages gracefully" type="FAILURE">
<![CDATA[  [Mobile Safari] › navigation.spec.ts:134:7 › Navigation and Layout › should handle 404 pages gracefully 

    Error: Timed out 5000ms waiting for expect(locator).toBeVisible()

    Locator: getByRole('heading', { name: 'Page Not Found' })
    Expected: visible
    Received: <element(s) not found>
    Call log:
      - Expect "toBeVisible" with timeout 5000ms
      - waiting for getByRole('heading', { name: 'Page Not Found' })


      136 |     
      137 |     // Should show 404 page
    > 138 |     await expect(page.getByRole('heading', { name: 'Page Not Found' })).toBeVisible();
          |                                                                         ^
      139 |     await expect(page.getByRole('link', { name: 'Go Home' })).toBeVisible();
      140 |   });
      141 |
        at C:\DevProjects\AmCalc\tests\e2e\navigation.spec.ts:138:73

    attachment #1: screenshot (image/png) ──────────────────────────────────────────────────────────
    ..\..\test-results\navigation-Navigation-and--b3417-handle-404-pages-gracefully-Mobile-Safari\test-failed-1.png
    ────────────────────────────────────────────────────────────────────────────────────────────────

    attachment #2: video (video/webm) ──────────────────────────────────────────────────────────────
    ..\..\test-results\navigation-Navigation-and--b3417-handle-404-pages-gracefully-Mobile-Safari\video.webm
    ────────────────────────────────────────────────────────────────────────────────────────────────

    Error Context: ..\..\test-results\navigation-Navigation-and--b3417-handle-404-pages-gracefully-Mobile-Safari\error-context.md
]]>
</failure>
<system-out>
<![CDATA[
[[ATTACHMENT|navigation-Navigation-and--b3417-handle-404-pages-gracefully-Mobile-Safari\test-failed-1.png]]

[[ATTACHMENT|navigation-Navigation-and--b3417-handle-404-pages-gracefully-Mobile-Safari\video.webm]]

[[ATTACHMENT|navigation-Navigation-and--b3417-handle-404-pages-gracefully-Mobile-Safari\error-context.md]]
]]>
</system-out>
</testcase>
<testcase name="Navigation and Layout › should navigate back to home from 404" classname="navigation.spec.ts" time="30.112">
<failure message="navigation.spec.ts:142:7 should navigate back to home from 404" type="FAILURE">
<![CDATA[  [Mobile Safari] › navigation.spec.ts:142:7 › Navigation and Layout › should navigate back to home from 404 

    Test timeout of 30000ms exceeded.

    Error: locator.click: Test timeout of 30000ms exceeded.
    Call log:
      - waiting for getByRole('link', { name: 'Go Home' })


      142 |   test('should navigate back to home from 404', async ({ page }) => {
      143 |     await page.goto('/nonexistent-page');
    > 144 |     await page.getByRole('link', { name: 'Go Home' }).click();
          |                                                       ^
      145 |     await expect(page).toHaveURL('/');
      146 |   });
      147 | }); 
        at C:\DevProjects\AmCalc\tests\e2e\navigation.spec.ts:144:55

    attachment #1: screenshot (image/png) ──────────────────────────────────────────────────────────
    ..\..\test-results\navigation-Navigation-and--5e236-igate-back-to-home-from-404-Mobile-Safari\test-failed-1.png
    ────────────────────────────────────────────────────────────────────────────────────────────────

    attachment #2: video (video/webm) ──────────────────────────────────────────────────────────────
    ..\..\test-results\navigation-Navigation-and--5e236-igate-back-to-home-from-404-Mobile-Safari\video.webm
    ────────────────────────────────────────────────────────────────────────────────────────────────

    Error Context: ..\..\test-results\navigation-Navigation-and--5e236-igate-back-to-home-from-404-Mobile-Safari\error-context.md
]]>
</failure>
<system-out>
<![CDATA[
[[ATTACHMENT|navigation-Navigation-and--5e236-igate-back-to-home-from-404-Mobile-Safari\test-failed-1.png]]

[[ATTACHMENT|navigation-Navigation-and--5e236-igate-back-to-home-from-404-Mobile-Safari\video.webm]]

[[ATTACHMENT|navigation-Navigation-and--5e236-igate-back-to-home-from-404-Mobile-Safari\error-context.md]]
]]>
</system-out>
</testcase>
</testsuite>
</testsuites>